2023-10-27 22:45:11 [   DEBUG] Selenium Manager binary found at: C:\Users\sergiit\PycharmProjects\pythonProject\hillel_2023\hillel_auto_2023\hillel_venv\lib\site-packages\selenium\webdriver\common\windows\selenium-manager.exe (selenium_manager.py:67)
2023-10-27 22:45:11 [   DEBUG] Executing process: C:\Users\sergiit\PycharmProjects\pythonProject\hillel_2023\hillel_auto_2023\hillel_venv\lib\site-packages\selenium\webdriver\common\windows\selenium-manager.exe --browser chrome --debug --output json (selenium_manager.py:124)
2023-10-27 22:45:11 [   DEBUG] chromedriver not found in PATH (selenium_manager.py:141)
2023-10-27 22:45:11 [   DEBUG] chrome detected at C:\Program Files\Google\Chrome\Application\chrome.exe (selenium_manager.py:141)
2023-10-27 22:45:11 [   DEBUG] Running command: wmic datafile where name='C:\\Program Files\\Google\\Chrome\\Application\\chrome.exe' get Version /value (selenium_manager.py:141)
2023-10-27 22:45:11 [   DEBUG] Output: "\r\r\n\r\r\nVersion=118.0.5993.89\r\r\n\r\r\n\r\r\n\r" (selenium_manager.py:141)
2023-10-27 22:45:11 [   DEBUG] Detected browser: chrome 118.0.5993.89 (selenium_manager.py:141)
2023-10-27 22:45:11 [   DEBUG] Discovering versions from https://googlechromelabs.github.io/chrome-for-testing/known-good-versions-with-downloads.json (selenium_manager.py:141)
2023-10-27 22:45:11 [   DEBUG] Required driver: chromedriver 118.0.5993.70 (selenium_manager.py:141)
2023-10-27 22:45:11 [   DEBUG] chromedriver 118.0.5993.70 already in the cache (selenium_manager.py:141)
2023-10-27 22:45:11 [   DEBUG] Driver path: C:\Users\sergiit\.cache\selenium\chromedriver\win64\118.0.5993.70\chromedriver.exe (selenium_manager.py:141)
2023-10-27 22:45:11 [   DEBUG] Browser path: C:\Program Files\Google\Chrome\Application\chrome.exe (selenium_manager.py:141)
2023-10-27 22:45:11 [   DEBUG] Using driver at: C:\Users\sergiit\.cache\selenium\chromedriver\win64\118.0.5993.70\chromedriver.exe (selenium_manager.py:102)
2023-10-27 22:45:11 [   DEBUG] Started executable: `C:\Users\sergiit\.cache\selenium\chromedriver\win64\118.0.5993.70\chromedriver.exe` in a child process with pid: 8788 (service.py:215)
2023-10-27 22:45:12 [   DEBUG] POST http://localhost:59969/session {"capabilities": {"firstMatch": [{}], "alwaysMatch": {"browserName": "chrome", "pageLoadStrategy": "normal", "browserVersion": null, "goog:chromeOptions": {"extensions": [], "binary": "C:\\Program Files\\Google\\Chrome\\Application\\chrome.exe", "args": ["--headless"]}}}} (remote_connection.py:310)
2023-10-27 22:45:12 [   DEBUG] Starting new HTTP connection (1): localhost:59969 (connectionpool.py:245)
2023-10-27 22:45:12 [   DEBUG] http://localhost:59969 "POST /session HTTP/1.1" 200 0 (connectionpool.py:547)
2023-10-27 22:45:12 [   DEBUG] Remote response: status=200 | data={"value":{"capabilities":{"acceptInsecureCerts":false,"browserName":"chrome","browserVersion":"118.0.5993.89","chrome":{"chromedriverVersion":"118.0.5993.70 (e52f33f30b91b4ddfad649acddc39ab570473b86-refs/branch-heads/5993@{#1216})","userDataDir":"C:\\Users\\sergiit\\AppData\\Local\\Temp\\scoped_dir8788_1496430291"},"fedcm:accounts":true,"goog:chromeOptions":{"debuggerAddress":"localhost:59973"},"networkConnectionEnabled":false,"pageLoadStrategy":"normal","platformName":"windows","proxy":{},"setWindowRect":true,"strictFileInteractability":false,"timeouts":{"implicit":0,"pageLoad":300000,"script":30000},"unhandledPromptBehavior":"dismiss and notify","webauthn:extension:credBlob":true,"webauthn:extension:largeBlob":true,"webauthn:extension:minPinLength":true,"webauthn:extension:prf":true,"webauthn:virtualAuthenticators":true},"sessionId":"bf0a476a29dd3ff281b5f5ee6841321a"}} | headers=HTTPHeaderDict({'Content-Length': '883', 'Content-Type': 'application/json; charset=utf-8', 'cache-control': 'no-cache'}) (remote_connection.py:326)
2023-10-27 22:45:12 [   DEBUG] Finished Request (remote_connection.py:353)
2023-10-27 22:45:12 [   DEBUG] POST http://localhost:59969/session/bf0a476a29dd3ff281b5f5ee6841321a/timeouts {"implicit": 3000} (remote_connection.py:310)
2023-10-27 22:45:12 [   DEBUG] http://localhost:59969 "POST /session/bf0a476a29dd3ff281b5f5ee6841321a/timeouts HTTP/1.1" 200 0 (connectionpool.py:547)
2023-10-27 22:45:12 [   DEBUG] Remote response: status=200 | data={"value":null} | headers=HTTPHeaderDict({'Content-Length': '14', 'Content-Type': 'application/json; charset=utf-8', 'cache-control': 'no-cache'}) (remote_connection.py:326)
2023-10-27 22:45:12 [   DEBUG] Finished Request (remote_connection.py:353)
2023-10-27 22:45:12 [   DEBUG] POST http://localhost:59969/session/bf0a476a29dd3ff281b5f5ee6841321a/url {"url": "https://guest:welcome2qauto@qauto2.forstudy.space/"} (remote_connection.py:310)
2023-10-27 22:45:17 [   DEBUG] http://localhost:59969 "POST /session/bf0a476a29dd3ff281b5f5ee6841321a/url HTTP/1.1" 200 0 (connectionpool.py:547)
2023-10-27 22:45:17 [   DEBUG] Remote response: status=200 | data={"value":null} | headers=HTTPHeaderDict({'Content-Length': '14', 'Content-Type': 'application/json; charset=utf-8', 'cache-control': 'no-cache'}) (remote_connection.py:326)
2023-10-27 22:45:17 [   DEBUG] Finished Request (remote_connection.py:353)
2023-10-27 22:45:17 [    INFO] User register (test_selenium_first_steps.py:13)
2023-10-27 22:45:17 [   DEBUG] POST http://localhost:59969/session/bf0a476a29dd3ff281b5f5ee6841321a/element {"using": "xpath", "value": "//button[text()='Sign up']"} (remote_connection.py:310)
2023-10-27 22:45:17 [   DEBUG] http://localhost:59969 "POST /session/bf0a476a29dd3ff281b5f5ee6841321a/element HTTP/1.1" 200 0 (connectionpool.py:547)
2023-10-27 22:45:17 [   DEBUG] Remote response: status=200 | data={"value":{"element-6066-11e4-a52e-4f735466cecf":"8FF62D5F1C4ACB1EC851E97105CD5588_element_16"}} | headers=HTTPHeaderDict({'Content-Length': '95', 'Content-Type': 'application/json; charset=utf-8', 'cache-control': 'no-cache'}) (remote_connection.py:326)
2023-10-27 22:45:17 [   DEBUG] Finished Request (remote_connection.py:353)
2023-10-27 22:45:17 [   DEBUG] POST http://localhost:59969/session/bf0a476a29dd3ff281b5f5ee6841321a/element/8FF62D5F1C4ACB1EC851E97105CD5588_element_16/click {} (remote_connection.py:310)
2023-10-27 22:45:17 [   DEBUG] http://localhost:59969 "POST /session/bf0a476a29dd3ff281b5f5ee6841321a/element/8FF62D5F1C4ACB1EC851E97105CD5588_element_16/click HTTP/1.1" 200 0 (connectionpool.py:547)
2023-10-27 22:45:17 [   DEBUG] Remote response: status=200 | data={"value":null} | headers=HTTPHeaderDict({'Content-Length': '14', 'Content-Type': 'application/json; charset=utf-8', 'cache-control': 'no-cache'}) (remote_connection.py:326)
2023-10-27 22:45:17 [   DEBUG] Finished Request (remote_connection.py:353)
2023-10-27 22:45:17 [   DEBUG] POST http://localhost:59969/session/bf0a476a29dd3ff281b5f5ee6841321a/element {"using": "css selector", "value": "[id=\"signupName\"]"} (remote_connection.py:310)
2023-10-27 22:45:17 [   DEBUG] http://localhost:59969 "POST /session/bf0a476a29dd3ff281b5f5ee6841321a/element HTTP/1.1" 200 0 (connectionpool.py:547)
2023-10-27 22:45:17 [   DEBUG] Remote response: status=200 | data={"value":{"element-6066-11e4-a52e-4f735466cecf":"8FF62D5F1C4ACB1EC851E97105CD5588_element_17"}} | headers=HTTPHeaderDict({'Content-Length': '95', 'Content-Type': 'application/json; charset=utf-8', 'cache-control': 'no-cache'}) (remote_connection.py:326)
2023-10-27 22:45:17 [   DEBUG] Finished Request (remote_connection.py:353)
2023-10-27 22:45:17 [   DEBUG] POST http://localhost:59969/session/bf0a476a29dd3ff281b5f5ee6841321a/element/8FF62D5F1C4ACB1EC851E97105CD5588_element_17/value {"text": "test", "value": ["t", "e", "s", "t"]} (remote_connection.py:310)
2023-10-27 22:45:17 [   DEBUG] http://localhost:59969 "POST /session/bf0a476a29dd3ff281b5f5ee6841321a/element/8FF62D5F1C4ACB1EC851E97105CD5588_element_17/value HTTP/1.1" 200 0 (connectionpool.py:547)
2023-10-27 22:45:17 [   DEBUG] Remote response: status=200 | data={"value":null} | headers=HTTPHeaderDict({'Content-Length': '14', 'Content-Type': 'application/json; charset=utf-8', 'cache-control': 'no-cache'}) (remote_connection.py:326)
2023-10-27 22:45:17 [   DEBUG] Finished Request (remote_connection.py:353)
2023-10-27 22:45:17 [   DEBUG] POST http://localhost:59969/session/bf0a476a29dd3ff281b5f5ee6841321a/element {"using": "css selector", "value": "[id=\"signupLastName\"]"} (remote_connection.py:310)
2023-10-27 22:45:17 [   DEBUG] http://localhost:59969 "POST /session/bf0a476a29dd3ff281b5f5ee6841321a/element HTTP/1.1" 200 0 (connectionpool.py:547)
2023-10-27 22:45:17 [   DEBUG] Remote response: status=200 | data={"value":{"element-6066-11e4-a52e-4f735466cecf":"8FF62D5F1C4ACB1EC851E97105CD5588_element_20"}} | headers=HTTPHeaderDict({'Content-Length': '95', 'Content-Type': 'application/json; charset=utf-8', 'cache-control': 'no-cache'}) (remote_connection.py:326)
2023-10-27 22:45:17 [   DEBUG] Finished Request (remote_connection.py:353)
2023-10-27 22:45:17 [   DEBUG] POST http://localhost:59969/session/bf0a476a29dd3ff281b5f5ee6841321a/element/8FF62D5F1C4ACB1EC851E97105CD5588_element_20/value {"text": "testlastname", "value": ["t", "e", "s", "t", "l", "a", "s", "t", "n", "a", "m", "e"]} (remote_connection.py:310)
2023-10-27 22:45:17 [   DEBUG] http://localhost:59969 "POST /session/bf0a476a29dd3ff281b5f5ee6841321a/element/8FF62D5F1C4ACB1EC851E97105CD5588_element_20/value HTTP/1.1" 200 0 (connectionpool.py:547)
2023-10-27 22:45:17 [   DEBUG] Remote response: status=200 | data={"value":null} | headers=HTTPHeaderDict({'Content-Length': '14', 'Content-Type': 'application/json; charset=utf-8', 'cache-control': 'no-cache'}) (remote_connection.py:326)
2023-10-27 22:45:17 [   DEBUG] Finished Request (remote_connection.py:353)
2023-10-27 22:45:17 [   DEBUG] POST http://localhost:59969/session/bf0a476a29dd3ff281b5f5ee6841321a/element {"using": "css selector", "value": "[id=\"signupEmail\"]"} (remote_connection.py:310)
2023-10-27 22:45:17 [   DEBUG] http://localhost:59969 "POST /session/bf0a476a29dd3ff281b5f5ee6841321a/element HTTP/1.1" 200 0 (connectionpool.py:547)
2023-10-27 22:45:17 [   DEBUG] Remote response: status=200 | data={"value":{"element-6066-11e4-a52e-4f735466cecf":"8FF62D5F1C4ACB1EC851E97105CD5588_element_22"}} | headers=HTTPHeaderDict({'Content-Length': '95', 'Content-Type': 'application/json; charset=utf-8', 'cache-control': 'no-cache'}) (remote_connection.py:326)
2023-10-27 22:45:17 [   DEBUG] Finished Request (remote_connection.py:353)
2023-10-27 22:45:17 [   DEBUG] POST http://localhost:59969/session/bf0a476a29dd3ff281b5f5ee6841321a/element/8FF62D5F1C4ACB1EC851E97105CD5588_element_22/value {"text": "sytischenko@gmail.com", "value": ["s", "y", "t", "i", "s", "c", "h", "e", "n", "k", "o", "@", "g", "m", "a", "i", "l", ".", "c", "o", "m"]} (remote_connection.py:310)
2023-10-27 22:45:17 [   DEBUG] http://localhost:59969 "POST /session/bf0a476a29dd3ff281b5f5ee6841321a/element/8FF62D5F1C4ACB1EC851E97105CD5588_element_22/value HTTP/1.1" 200 0 (connectionpool.py:547)
2023-10-27 22:45:17 [   DEBUG] Remote response: status=200 | data={"value":null} | headers=HTTPHeaderDict({'Content-Length': '14', 'Content-Type': 'application/json; charset=utf-8', 'cache-control': 'no-cache'}) (remote_connection.py:326)
2023-10-27 22:45:17 [   DEBUG] Finished Request (remote_connection.py:353)
2023-10-27 22:45:17 [   DEBUG] POST http://localhost:59969/session/bf0a476a29dd3ff281b5f5ee6841321a/element {"using": "css selector", "value": "[id=\"signupPassword\"]"} (remote_connection.py:310)
2023-10-27 22:45:17 [   DEBUG] http://localhost:59969 "POST /session/bf0a476a29dd3ff281b5f5ee6841321a/element HTTP/1.1" 200 0 (connectionpool.py:547)
2023-10-27 22:45:17 [   DEBUG] Remote response: status=200 | data={"value":{"element-6066-11e4-a52e-4f735466cecf":"8FF62D5F1C4ACB1EC851E97105CD5588_element_24"}} | headers=HTTPHeaderDict({'Content-Length': '95', 'Content-Type': 'application/json; charset=utf-8', 'cache-control': 'no-cache'}) (remote_connection.py:326)
2023-10-27 22:45:17 [   DEBUG] Finished Request (remote_connection.py:353)
2023-10-27 22:45:17 [   DEBUG] POST http://localhost:59969/session/bf0a476a29dd3ff281b5f5ee6841321a/element/8FF62D5F1C4ACB1EC851E97105CD5588_element_24/value {"text": "N9Xb46SCbgd8wy!", "value": ["N", "9", "X", "b", "4", "6", "S", "C", "b", "g", "d", "8", "w", "y", "!"]} (remote_connection.py:310)
2023-10-27 22:45:17 [   DEBUG] http://localhost:59969 "POST /session/bf0a476a29dd3ff281b5f5ee6841321a/element/8FF62D5F1C4ACB1EC851E97105CD5588_element_24/value HTTP/1.1" 200 0 (connectionpool.py:547)
2023-10-27 22:45:17 [   DEBUG] Remote response: status=200 | data={"value":null} | headers=HTTPHeaderDict({'Content-Length': '14', 'Content-Type': 'application/json; charset=utf-8', 'cache-control': 'no-cache'}) (remote_connection.py:326)
2023-10-27 22:45:17 [   DEBUG] Finished Request (remote_connection.py:353)
2023-10-27 22:45:17 [   DEBUG] POST http://localhost:59969/session/bf0a476a29dd3ff281b5f5ee6841321a/element {"using": "css selector", "value": "[id=\"signupRepeatPassword\"]"} (remote_connection.py:310)
2023-10-27 22:45:17 [   DEBUG] http://localhost:59969 "POST /session/bf0a476a29dd3ff281b5f5ee6841321a/element HTTP/1.1" 200 0 (connectionpool.py:547)
2023-10-27 22:45:17 [   DEBUG] Remote response: status=200 | data={"value":{"element-6066-11e4-a52e-4f735466cecf":"8FF62D5F1C4ACB1EC851E97105CD5588_element_26"}} | headers=HTTPHeaderDict({'Content-Length': '95', 'Content-Type': 'application/json; charset=utf-8', 'cache-control': 'no-cache'}) (remote_connection.py:326)
2023-10-27 22:45:17 [   DEBUG] Finished Request (remote_connection.py:353)
2023-10-27 22:45:17 [   DEBUG] POST http://localhost:59969/session/bf0a476a29dd3ff281b5f5ee6841321a/element/8FF62D5F1C4ACB1EC851E97105CD5588_element_26/value {"text": "N9Xb46SCbgd8wy!", "value": ["N", "9", "X", "b", "4", "6", "S", "C", "b", "g", "d", "8", "w", "y", "!"]} (remote_connection.py:310)
2023-10-27 22:45:17 [   DEBUG] http://localhost:59969 "POST /session/bf0a476a29dd3ff281b5f5ee6841321a/element/8FF62D5F1C4ACB1EC851E97105CD5588_element_26/value HTTP/1.1" 200 0 (connectionpool.py:547)
2023-10-27 22:45:17 [   DEBUG] Remote response: status=200 | data={"value":null} | headers=HTTPHeaderDict({'Content-Length': '14', 'Content-Type': 'application/json; charset=utf-8', 'cache-control': 'no-cache'}) (remote_connection.py:326)
2023-10-27 22:45:17 [   DEBUG] Finished Request (remote_connection.py:353)
2023-10-27 22:45:17 [   DEBUG] GET http://localhost:59969/session/bf0a476a29dd3ff281b5f5ee6841321a/screenshot {} (remote_connection.py:310)
2023-10-27 22:45:17 [   DEBUG] http://localhost:59969 "GET /session/bf0a476a29dd3ff281b5f5ee6841321a/screenshot HTTP/1.1" 200 0 (connectionpool.py:547)
2023-10-27 22:45:17 [   DEBUG] Remote response: status=200 | data={"value":"iVBORw0KGgoAAAANSUhEUgAAAyAAAAJYCAYAAACadoJwAAAAAXNSR0IArs4c6QAAIABJREFUeJzs3XdYXOeZ9/HvzMDADG3oIEBISAiEKiqWbEmWbRVHkR3HJW3dIsebOJvsvkk22WSz2ey72Ww22WSTzZueOHbsON1x3Kuao15RRQUJhOhIwFAHBmbm/WNgRK/DINDvc12+LOac8zz3HImZ5z5PM6SkTfcgIiIiIiIyhPxTJ8dchtEPcYiIiIiIiAyLEhAREREREQkYJSAiIiIiIhIwSkBERERERCRglICIiIiIiEjAKAEREREREZGAUQIiIiIiIiJ+8fLLLw95jkH7gIiIiIiIv1itFrLnZJGRMRObzTbR4Vw37HY7hYVFnD1/jpYWx0SHM2qD7QPSPfl43/veN+B5SkBERERExC+sVgvr7riDsrJyCosKsdvrJzqk64bNFkXGzAxSUqaxbfv2SZuEDJSA9NfzMVASoiFYIiIiIuIX2XOyKCsr52henpKPXuz2eo7m5VFWWkZ2VvZEh+NXAw27Guj1oPEMZrKaOSOdokvFEx2GiIiIyKSSkTGTrdu3T3QY17XCS0Wsv+MOjublTXQofjPYcKv+qAekl5y52WRnT62sVERERCQQbDabej6GYLfX3/BzY5SAdDIZjdy0fBm33HwzpaWlEx2OiIiIiMiUNGUSkIjw8FFfGxQUxF13bWbhggU0Nzdz5sxZjAZDn/MMQOasWQOWYzQYCLNaRx3HSASyLhERERERf5n0CYjVamHTnRtZs2b1qMu4eeUK4uPiKC0r49XX36DD5SJ38WLMwcG+c6JtNu6+6y7Wrr213zLi4+J44P77yMrKGnUcwxXIukRERERE/GlST0KPjYnhfXffhclkoryiYlRlBJlMJMTH8+JLL3O1pgaApMREcnMXc/zECQCsFgvvv+d9mEymfsvIzspi9apbRvcmRiiQdYmIiIiI+NukTkCWLMkdMCkYrpCQEF597XXanE4AZs/KYM3q1TQ1N9PhcgEwb17OgPUYDAaWL1s6phiGK5B1iYiIiIgMJG8Uq3jl5uYCkzwBmZacPOYymltaAG9PyLp1d5CWmgrAxYuFvnNiY2IHvD4mOpqQkJAxxzEcgaxLRERERGQ8TOoEJLjbHA08o9/QPTg4mLs3v5eYmBgAmpqbOXb8uO+4KWjgXhaz2TzqekcqkHWNO6MHY1g77sYp9J5EREREZEiTOgHpoZ9Vq4Zr2ZIlvuTjckkJu3bvob293V+RSTemeAchC2sxWl142g00v5k20SGJiIiISABNnQRklExGI3PmzKGqqopde/Zit9snOqQpzRDiwmh1TXQY4nfxzFmYgqWljOMXrkx0MCIiAbH2/i1kUsCTf94dmLoslex/7g1OjXtt16F5m3hkRRItBU/z/K6JDkbGauokIKMcgpWYmMDxE8c5fvwEHiA8LIywsDCqqqv9G59MAat54LFM6PfDL4fND63AUjyFPxjjZ7MoNRwab6QkYzpzc2Ow9HjNQU3eOYonKCKRqc/7Wdt7n2hnxQGefSN/QiKSwJi/6UFWJncfmu2k4sBveO10gAOZt4lHVsRQMxF13yCmTgLSyWq1EBUZBYDH46Gurs63wlV/amvrKK+oBLxL3K5ccRMnTp4a9wTEaDQSERFOiDmExsZGHK2t41qfj8mNKaIdTB48TiPuxmC8WyyKDC49NhxcLkzWKBK4wsSm6OPf45IwewGpEdBUeoyj3apIz15ASDzg12q9iQ41xzhz+XouU2R8dTVA7QVP82T3hznzNvFIdkwAIxnsgdPEePfPT/PuRAcxjnw9PE9d6+GZv+k+0rtOOP0GzyoZmDKmTAJiDQvjfXdtJiEhoc+xqqpq8s+cobCoCE+vnpLWtjYAchcvYumSJeMao9FoJDtrDhkZGSQmJGDoNm+lpaWFokuXOHXqNI1NTX6t1xTvIHhmI8YoJ8ZQd49j7lYj7YWRtF+MYKBEJHRlNRi8962jOJyO8rAB6wrJvYoh1DvEylVppb0owvv6/FoMEe0YQroNvzJ5CL25yvvnDiOth+L7L9TgISjJgSm5BVOUE4OlA09rEO6GYDoqrHSUW8GjJGp8TcdqceEorceUGkPsdKieyo3a6VmkRjj77ekoPntyQkISmfLW3MfKZAcFT/2mb0Nbjc8pbjXxUU4qDvQcXnbqjRduzOFmN4Apk4DYoqIGPJaYmEBiYgJzMmfz1tvv4O6VhJhMJhYuWDiu8UVFRvLeTe8hLKz/xrvVamVeTg45c+dy6PBhTpwc+6+cIbSD0NwaTHFtA55jDHUTkmPHFNNG66E4+ktCTLGtGIzeP7uqLH2O9zg32okxrAMAd8O1VcqMUe2YYnrGYTBCUGdsbqex//LiWglZVNNn3oghrANjWAdByQ7cc+20nYzGVWUdNLaJ0Kc7ub7XWOE19/F4JhQUQGZm579hp3eML92vdfYd99u7bPt4PqmbbsHiclB65TJERZFqnQ70n4F4ew66Vo7rZ7jS9CyWxHb7d+RqovTEhWs9KtOzWGJz9Xyt+9N8h3comAkgIoUluSm4/DosLJ45NguuxrLhDbMazvuJhZpSF7auuAFHV89E9+tjF7Mkttux+G7vtb+y6X2/AUctR1ssA5fZO15HLUfPTuVsUiaHHDanR+GsODCMp/z9D3mdv+lBVsbW9visHPxz0lvOtcOdw31i7uPxrs/jzC08njmyz9chP/fBN5+h6yxnRQE1sZnE1gw8zKz3fJOun/e3pHerr56Cp16YpD0lZmKn58DpAYbZ9Tcsasj76P07jq05QLF1BV1/rf19pw7KV3cxlhXXhgdqWODoTZkEZDhSUlJYcdNN7DtwoMfr0TYbwcHjdyvCrFbu2vxeLJbBG+/g3WzwpuXLcbvdnBrol3CYPE4TBkvHtZ/d4K7z7iNijHRiCL6WiAUlOTDPacB5fuBELtCC0hsJWVA35AJnRosLy01XaTtto70wMjDBDcPa+7eQGVXf7Wme94Pw8Ycien3wRZGZUMCTT71AV7f/yse2eL+0ntrte23JphxOdX7Q+b5ou7qq523ikRVbeIDxSEI6G+QtZd6Gb72D5NQo5sTD+V5tflNECsmNZRzN8x5Iz15MbG4WdCYh3Yc1dV2bnr2Y1NwsLMOdV3HlAsevjOMQrPgoLCYXjvqhyx3++7EQm9xEad4xqruui80i/fI5ii+f4+jl/odLpceasOcd6yzH+55Ts6dT3ZkwpGcvJtbSPcmbztxsYKAy42ezKNbcLd7O80Um2rx0Ys1Oai77rzE31Ofk2vtXkOwo4Mnndnee3zncZ9cLPLlrdEOwhvW5320y9bO7ul1nhoEHjA8gKpMlLQd48qlrje3M+1fzbgAmxfvXbp4vSODxzBU8fn/M8Cb1j+A+mpNXEF/wNE/+Gfr7Th0eM8krEih46mmeh84HiLlsnpeveSKjMOUSkKrqaurq6ujo6CAxMZG42NgeQ53mzcuh4MIFrtbU+F7rsZ/IOLj99tt6JB9Xa2o4fvw41Veu0tbaSnR0NJmZs8nOysJo9PYE3LR8ORUVldTU1o6+YreBtpMxmLPqaS8Jw1VpxdN27UmpKaYV84I6TJHeJYeDM+tpvxSOxzm23eX703YyGkOwG1N8K+bMBgA8HQZaD8b7Yu0uKLWZ0IV1vp89TgPOszY6ysLwdBjB5CYouQVzjh1jiHdYWcg8O552Ix0l4X6Pvztb5hb+JqWF5uZmXC4Xbre3fs/VcqpqnTidQMYtmJuLOXHgTXb7PgmP8ZedVjbPj8Sa6sRZCNRWUV5eRcnLOzo/MLdz4ISZBXFtfV+LspLmdHKRxUR7Kjix802OdpWd9xJ50XeTRg5O5zH/vuFoA87GWhqry7zvraycamsCIUYrTmfXqnHNNNbb6Whv4OylSt+lBScu05EVCTFOnJVJBLsaqSo+T9G1U3qdAzQ1YDe4aHE6u32JNNFgN0JT5/3trM/Z2oxzkDleo9LSQL29mcYy5xCNgRG8H5MDR/UFSjsLLM0vI7j7OX3eX1dZ3Yd7lVFeZSEhtJVwp5Pa6FQMbbVUlFyg2HfNBY6f6PpzP2W6mmm0N1Pve2/dzxeZQPVXqChvoDKv++/dYta9L42Irh/bazj5xl4uUs+VinJCanv+vtRfqaDc2UC904lzkM/J6YYc2tubCPK04HRc+44d83CfeZtIj3JScaB7D0Q+r+Wl88iKGNLnwanTsDY7CXN9ga/RDPDunw8Q/tAKBt72eADOSo76GtH5vFaczeOZCayFydcL0i3xe/yxzP57jroZ0X2sL+iWSO7mbEU6K2PTmU/+iP7O7QXd/m53naUifcXgvTYyoCmTgDQ1N/PmW2/3WUY3zGpl44b1xMZe++eYnZXF7r17AxLX9LQ0khITfT8XFV1i244dPc65cvUqV65epaDgAndtfi8mkwmj0cjSJUt4e+vWMdXvumLBcaX/nhdXbSitB+KxrivHYPQOiTIlOsalAe9u8HaQdu+RwQOumtC+Jxs8mOde+3t0t5hw7EnE09rtn6vLSEdpOK5qC5ZVVRjDveWas+24yqx43P0P6Rorj8fD5eNP4o7eyBOfeIKFCxdgtfph6NfPh/naKIsSEZkUAvAB5mxrZUvecX7y9l5aap08/li2f4YtxVgwO2sp7v00/HQxNblJWGIAcgi3gL3YTz0UjsYpNkdiN8936/l//LGEAf5uRnYfnS1jeJh7rRQc/ihGABifVtoEaGxs7HcPj+aWFrbv2NnjtfiEASY7j4OsrDm+P7e0tLBj584Bz71y9SpHjhz1/ZyWlorZX70zJjdBKc2Y59T7/gtKasHTYcRVE+I7zRg58RswBiW3YAy9Nuej9XBcz+SjG4/TROuRON/PxlA3piTHuMXmbGsjZ/E6fvX006xcucI/yYeIiASMOSSUlStX8MxXP8vVmlp2FxvJfGwLjz92H2snOjjptJvnnzpAhTOK9E05Ex2MjIMpk4AMpr6hgabmZt/PEeHjO0SniwFImTbN9/PlkpI+E+B7Kywquna9weDboX3UMRjdmOfVEbaxjNAlNZiz6n3/hS6/StjG0h4TvA1B7kFKCwxT/LUlid2NQbjrQwY529u74m66lqB0v97fWpqb2Xz/E+NWvoiIBM4nP/kEp978HU8+VYCdKOLXjKGwWgdOs3eoVQ+d81u6Pz23JazudVIMFjPSQz5NDjBbB24H6T5OXlNmCNZQWh0OwjtXoDKbA/Ov0xwSQlDQtVucnZVFdlbWiMoIDw+HqqpR1W8wuwhdWY0pauBeDYPJu6LU9cRgvRaPu2l4PUDuhmDfMKyu/4+HjvZ20jN6f7uIiMhktDAnp8/y/F61OJwQG54DDHN8/+k3KM7eQuaK+1h7+oVrk9BzvXMVvBOVu+ZpZPLAmt2+eQlr7/eurOTnGW2TyGoeuB+e7z7nY94m0qPAXtDfMCvdx8nuhklA2jsC38gOMo19Mnf/H4zDE7L0ao/kw90UREdZGO76YDweA8aIdoJSmgdNUCaCwXjtPXvcw9vfo8fE+XHsxXG73VjDrp+VwkREZPQibDbued/dTJs2rddSu10N3BU8/tiKYS/D++6fn4b7t5D52BYyO19zVhzgye6rLe16gSe5j8c7l/gFsBccoMIyiknoU0lU5+RzHycVB54eeIUp3cdJ7YZJQCbCYDuwD7uMtoH38BiMMcLp22MDwHkxAmd+dI9zXNUW2i9GELr8KkGDzZtwG6AzKTAEj6RxP7rNAbuv1GW0DC9x7N5r4mkbr5GFu9n2slOzvEVEppAXX36l/5ERu17ouRt7P/rbnXxYO5b3KTuHzekDndx/uf3WM4yYr09dk88H0d9mlEPex3xee65vD9apN34z+OT93nX1uxFm/2XL8CgBGUcdHR04WluxhHpXejqdn8++/QeGuMo/eg+rcp4b6Km9AU/74A12T6sJQ9fwpqjx79h015sh2ZsQGaOdGEJcPZKS3gzBbkxx3eaNDDFnRERE5LoyDvug3JB0HyeNG2IS+kSqKK/w/Tk7K4uIiIhBzob4uDgihzhnWHoPXfKMrjcCwGW/9mTIFN+KMWq4vTL9DB/rHpep/+FlHRXXVpYyGCB4Tv2gtQTPbvDt1A7QUa6VqURE5Dq15j4e6bGy02oeWJGEub5YG9qNhO7jpKYekHF2vqCAjIyZAJhMJu7e/F7efmdrj40Qu8zKmMma1asxGAwcPnKUU6dO9deEHxZ3Y8/J20EpzX339zB4MMW1EpTYMmhZHWVhBKd6zzEYIfSmq7QejvPtqt4leHpTj6FQ/Q3B6t6TYTCCKakFV2XPhMHdFExHpcU3LMw8ownajd5d2rsnMAaPd0nh2Q3XYq0O9fagiIiIXI9qHdA5t8RniE33pB+6j5OaEpBxVlpWRklpKWmpqQBYrVbued/d5J85Q1ubdziTyWQkKTGJxMQE33XLly2lorKCq1f7JirD4XEE4aoJwRTr7a0IXVxLR6LDtyEgRg9B05t8u4gPxlVtoeNKCEHx3rKMoS4sq6pwVYfibjSDG0xxrZhihh6e5aoLweM0YjB76w1dehVXbQgGwLHv2oaNzlPRmGJbMQR7UzBzZoM3iaqwQred0I1h15YQ9rR7d34XERG5bvU7n0BGTPdxUlMCEgDvvLOV225bS8ZMb0+IwWBgXs7AG+u4XC7e2bpt1MlHl7bjMVhWV/ka+0HJDt/cii6eDgOuq6GDT0IHWg/HY1lR7UsyDAYISmyFxGtzLzwe8LQEYfTNP+l/CFbb8RhCl1/1lmOEoLg2ei/25XYE4TiQgOWmK774jVYX5lmN/cbncRpxHIzH06J/0iIiIiLXM80BCQC3x8P2HTs5cPAg7e2DL3lbW1vHCy++SGlZ2djrbQ7GsTsR19X+J2W7m0049ibgvDiMOScdRhx7E2k7bcPj6ju0yt1qou1IHO2Xug/z6n/eSUelFcf+eNzNgycL7roQWt5NoqNs8Dkd7SVhtPw1qc+QMBERERG5/kzqx8Wvvf6G78/OIZa83b//wIAbENbU1vYoq6mpyW/Xdnfy1GnOny9g1qxZTE9LIzraRmhoKM0tLdTV1XH+fAGXS0oG3PtjJHV1cTcH49iX6F2WN8kBBnA7TLjrzd55Ih4DGDw49nqHfw222hQeA+2FkbRfisAU6cQQ0Y7R4sLdHOSd+O0xYAh2+eZgeBwDl+W6YqFleyjGqPZBd1/3tAbRejQOQ34HQUkOX2+IN1YjHVUWPK2T+p+xiIiIyA1lUrfcKiorh31uTW3tgMecTuegZY3l2t7anE7yz5wh/8yZYV8z2rq6czeacTYOMDnbY8BVEzqCwgy47CFg79vj4Gk34aoZ7gaMhmFPGPe0BtF+yQ+rg4mIiIjIhNIQLBERERHxC7vdjs020N5jAmCzRWG32yc6jAmlBERERERE/KKwsIiMmRkTHcZ1LWPGTAqLLk10GBNKCYiIiIiI+MXZ8+dISZnGksWL1RPSi80WxZLFi0lJTeHsubMTHc6EmtRzQERERETk+tHS4mDb9u1kZ2Wz/o47sNlsEx3SdcNut1NYdIlt27fT0jL49gdTnRIQEREREfGblhYHR/PyOJqXN9GhyHVKQ7BERERERCRglICIiIiIiEjAKAERkX65XC6efuZZVt16G//+H1+fcuNVL18u4SMPPcyG97yXQ4cPT3Q4IiIiNwzNARGZAHa7nX/8whc5nZ/f55jZbGbx4kXcvXkza29dg9k8vM0a/a2xsZHdu/fgcrnIyztGdXUVM2bMmJBYxsPxEyco6lwG8eChwyxftmyCIxIREbkxKAERuc44nU4OHjzEwYOHuOmm5Xz1X/6FuLjYgMcRERHBxg3rKbpUxMoVK0hISBxVOS6XizNnzrJ1+3YiwsP52GNb/Bzp6OpdvHgRixYtpKKikpU33RSQmEREREQJiMiEu/22tXzmH/6BkBAzrW1tHD9+gl88+UtKy8o4ePAQf37hBR7/2GOYTKaAxmUymfjQBz/Ahz74gTGVU1JSwle++m9UVlXx8EMP+im6sdeblprKz378o4DFIyIiIl6aAyIywYKDg4mKisRms5GUmMidGzfwrW9+g6REb4/DvgMHqG9omOAoRUTGV3NzMzt37qSlpaXf406nkz179tDc3BzgyETE34IeD9BwCJGpoLy8PCD1pEybxsKFC6h8pwp7nZ2G+npioqMDUreISKC1t7ezc+dODh48SHNzMxs3biQ4OLjH8bfffptDhw5ht9v7HB+L97/vbqZNm+aXskRkeIKefOrpiY5BZNJwOp38/OfjX4/b7aa1tRUAW7SNyKioPscPHT7Mb373e44dO47T6WT2rFlsfu8m3n/P+7BYLH3KLCsr59fP/Ya/7t5NbW0taWlpPPrwQ6y4aTlf+vJXOJ2fz8YN6/nyl75IaGgora2tfOOb3+Ltd7YyLyeH//n2t3rsaFtRUcGLL73M21u3UVFRgclkInP2bF8MZWVlfOZzn6eyqsp3za+f+w2/fu43APzLP3+Ju+/azCuvvsZ//tc3AfjxD3+A1WLhBz/+MUeOHOXxjz1G10OSiooKXnvjTXbv3kPBhQu4XC5iYmK4dfVqHn30YZKTkgC4dOnSsOo9mneMv/v03/d4rfc9PnHyJK++9gZ79+2jtrZ20AUCet+v7/z3t6iqruKZZ3/Nnr37AFh76xqe+PjHSUlRY0ekO4PBQGRkJAAHDx7EaDSyfv16goODcblc7N+/n0OHDgEQGRmJwWDwW90vvvzKhC32ITIZfe5znxtzGZoDInIdOp2fT96x4wDkLl5MVOcXM3h3mP3pz3/OH//0fI9rLly8yPd/8EP2HTjQZ+L6ocOH+fJXvkpjY6PvtZKSEr7+jf/irs2bfcnOcG3dtp1vffs7PcpzuVycPXeO6dPT+jTmh+vkqVP86fnnuXq1BoC2tjbAu2TuZz//ecrKevZA1dbW8uLLL3MkL49vfeM/yciYOap6exvoHo9kgYADBw/yP9/73x736J2t2zh77jzf/tZ/MSM93S+xikwFQUFB3HzzzbhcLnbs2MH+/fuJiIhg5cqV7N+/n61btwJw++23c/PNNxMUpOaLyGSm32CRCdbe3k59fQOtra00NTezZ89envn1czQ2NjJz5gzuvece3wR0l8vF737/e/74p+eJiIjg7z/1d9y5cQNBQUH8ddcuvvHN/+4zcb20rIzv/u/3aWxsJCIigic+8besXXMrAO/u+is//dkvejSSh3Ll6lWe++1vaWxsZOGCBfzzF/+J9PTpeDweLhYWcvCg9yllWloaz/7qKYovX+Zf/vXfqK6u5oMfeIDHPvooAKGhoX3KfubZZ7n3nnvY8tFHCQ8P973udruIiY5hy6OPsOqWVdhsUTidTt56+x1+8KMfU1JSwltvv80Tn/j4qOrtzuVy8dxvf+tLPm5ds4bHtjxKUmIiDQ2N/O4Pf+DlV17l4MFDPPnUU3zuM/+nz9PTs+fO8f9++CPfvXY62/jFL5/ijTffoqSkhB073+Wjjzzs16e4IpNdUFAQq1atoqOjg127dvHOO+9w4cIFKioqAG/ysXr1aiUfIlOAfotFJtiOne+yY+e7PV4zm8186AMP8OgjDxMTE+N7vajoEn956SUA/vZjj3H3XZt9jdjb1q7lUvFlfvbzX7B7717uu/f9xMfHs//AQYqKLmEymfinz3+O9evW+a65/957SUpM5J++9GVcLtew4m1uasJeZwdg0aKFzJx5bW+QOZmZzMnM9P0cGRlJRHg4xs76QkJCegzj6m3Z0mV9kg+AxMREvv+9/8FqtfpeCwkJYcP6dRw8dIit27ZTdOkSDocDq9U64nq7Kyq6xMuvvALApvfcyRf+8R+xWr1D2mw2G5//3GcxBwfzhz89z9vvvMPdmzczb15OjzJcLhdPfPxve/z9PPHxj3P+fAEXCws5c+aML1YRuSY4OJi1a9fS3t7O/v37KSoqAmDNmjWsWrVKyYfIFKHfZJHr0Hvu3MhjWz5KVK+5HwUXLnD1ag0JCQksW7q0xxN0g8HA/M6GcGFhEeXlFURGRXH69GkA5s7NZtnSZX2eus+dO5fMzNmcPXtuWLHFxMSQkppCZVUVr73+BklJidy5YUOfpGE0brllZb/lWCwW3G435eXlnM4/w/mCAvLz8ymvqPQ9Ha2pqcXpdI65Ud91j61WC/e+/x5f8tHFZDKxbt0dvPLaa7S0OCi4eKFPAjIjPZ1lS5f0uNdRUZHMmpXBxcJCv8UqMhUFBQWRkpJCSEgIbW1thISEEBEREfClyEVk/CgBEZlgXRO/g4ODfcOoXn7lVdrb23s8fQco7HwaWF1dzd88/MiAZbpcLlxuN46WFi5fLgFgWnIyFkvf4UdGgwGTcfhf7JGRkXz0kYcpKrpEbW0t3/7Od/nu977PrWtW8/jHHiNj5sxRDy2anja939dr6+r4zv98j+07dvR4PSEhgYiIiBENIRtK1z2OjIgkMiKi33MiIyKIjIikpcXRZ14KQFhYmJILkVFwu90cO3aMN998k7a2Nt/v97Zt27BYLCxYsEBDF0WmAO0DInKdMJlM3LZ2Lf/n7z+FyWTijTff4ne///2wh0YF0vJly/jtr5/h03/3SRISErwTR3e+yyMffYzf/s6/Mbe2tvKjH/+E7Tt2kJSYyH/8+7/x2ssvsuevO/nj737DzStX+K0uEZk4brebw4cP+5KP5cuX88lPfpLly5fT1tbGq6++yqlTpyY6TBHxA/WAiFxHDAYD69etI+/YcV57/Q1+/8c/seKmm5g/fx6Ab/nWpMRE/ve732HGjBmDFUdjYyNhYd4n8a2trbjd7j7ntLS0jGpjL5vNxkMP/g0f+fCHyD9zhu/97/8j/8wZfvn00yxetKjPsKTRKi+v4NDhIwB85MMfYsP69b5jTqez3/c0Fl33uKGxgYYBelaam1toaPRuDpkx0z8rb4ncyNxuN/v27ePdd9+lra2NpUuXsm7dOiziMh1QAAAgAElEQVQWC+vWrcPtdnPkyBG2bdtGUFAQc+fOneiQRWQM1AMicp0JDQ3lAw/cT1xcLI2NjTz73G9oamoCvI1dq9VCZVUVBw8dxuPxDFqW1WolvXO518NHjnDi5Mkexz0eD7v37OVScfGo4zWZTCyYP59PPvFxwLuEbdcwJn+w19dTXV0NQEhoSI9j5RUVnDp12m91AWTOmo3VaqGlxcFrr7/RZ4lil8vF2++8Q0uLg7i4WDJnz/Zr/SI3IpfLhd1up62tjUWLFrF+/XrffkZdSUh2djZ1dXWcPn0ah8MxwRGLyFgoARG5DmXOns2999wDwF937WL7jp14PB7mZGayetUqAH7445/w1NO/orKqivb2dlpbWyktK+OZXz/H1m3bAW9ycOua1b4G9de+/g3e2bqV2ro6Kquq+MUvn+KnP//5iCZ3Xr5cwtPPPMvlyyW+oVYNDQ3s338AAKvV0qNXwGw2+5a+PXo0jwsXL1JSWsrRvGPDqi8m2kZSYiIAr7/+JkVFl2hvb+fs2XN867+/02PDwe5GW29m5mw2btgAwEsvv8I3//vbnD13DrvdzuXLJXznu9/j+Rf+AsC999zTYxUwERmd4OBgbrvtNm655RbuvPPOPnOowsLCuPvuu7ntttvYtGlTv5utisjkoSFYItchk8nEXZs38+5fd3G+oIBf/+a3LFy4gBnp6XzssS2UlpaRf+YMv/jlU/zil0/1uf5f/vlLvj8vyc3lwY98hKd+9Qy1tbX867/9u+9YREQE//T5z/On5//M6fz8YcXmdrt46aWX+dnPf9Hv8Q9/6ENkZ2f5fo6Li2Px4kVcKi7mdH4+Dz3yUV+MS3IXD1lfWloaa29dwx/+9DwnTp7kIw897Dv2oQ9+gJiYaHa++9c+1422XrPZzCc/8XHa2tp44823ePOtt3nzrbf7nPfBDzzARz78Ya3MI+InYWFh3HnnnQMeDw8P5/bbbw9gRCIyXtQDInKdSkxM4AMP3A94dy3//R/+iNPpJH36dH70g+/z+c99lvnz5/kawDExMdxy80q++pV/Yf26O3zlmEwmtnz0Ub77nf9m6ZJcTCYTZrOZ229byw++/z1W3HST79z4uDhCQnoOc+otJjaW99/zPrKzsnrUvX7dHfz0xz/k8ce29GiUdzXoP/TBDxDRuapUWloa8fFxw7oPJpOJv/vkE3zmH/6etLQ03/Vf+fI/87HHtvTZBNAf9UZFRfHPX/wnvv2tb7Lippt813d/n5/5h7/vs0SviIiIDM2QkjZ98EHkIuLjdDqprqyY6DD8qry8nM99/p+4VFzMww89yKc++cREhyQiEjAJSckDPsgQkb7yT3nnk+bl5Y342tzcXEA9ICI3vOLLJZSUlgLXVoASERERGS9KQERuYLV1dfzp+edxuVzExcUyP2feRIckIiIiU5wmoYtMcQ0NDfzs50+ydGkuOTk5hIaE4PZ4OHfuPL969lmOHz8BwLrbb9eKTiIiIjLulICITHFut5uz587x57/8ZcBzNr3nTh7b8lGt6CQiIiLjTgmIyBRntVr58Ic+wLbtOzhx8hS1tbWAd0WnJbmLeeD++1i4YAFGo0ZkioiIyPhTAiIyxZnNZjasX8+G9esnOhQRERERTUIXEREREZHAUQIiIiIiIiIBowREREREREQCRgmIiIiIiIgEjBIQEREREREJGCUgIiIiIiISMEpAREREREQkYJSAiIiIiIhIwCgBERERERGRgFECIiIiIiIiAaMEREREREREAkYJiIiIiIiIBEzQRAcgMtkUlVRMdAgiIiIik5YSEJERmpmWPNEhiIiIiExaGoIlIiIiIiIBowREREREREQCRgmIiIiIiIgEjBIQEREREREJGCUgIiIiIiISMEpAREREREQkYJSAiIiIiIhIwCgBERERERGRgFECIiIiIiIiAaMEREREREREAkYJiIiIiIiIBIwSEBERERERCRglICIiIiIiEjBBEx2Av01LTibMah3xdW6Ph5raWux2+zhEJSIiIiIiMAUTkMWLFjJt2rQxldHR0YHD4aChsZGysnIuXrxIc0uLnyIUEREREblxTbkExB+CgoKIiIggIiKClGnTWL5sKQ0NjRRfLub06XwlIyIiIiIiozSlExCPx0NHR8ewzw8KCsJgMPR53WAwEBUVycIFC8jKyqK4uJgjR44qERERERERGaEpnYDU19fz/At/GdE1NpuNpMREkpISiY+LIzIyskdSEmI2Myczk7S0NE6cOMHJU6f9HbaIiIiIyJQ1pROQ0bDb7djtds6eOwdAmNXKvHk5ZMycSXh4uO88S2goNy1fTkJ8An/dvYv29uH3tIiIiIiI3KiUgAyhuaWFg4cOc/DQYXKys5m/YD6RERGAd2jWzJkzMJuD2bp9u5IQEREREZEhaB+QEcg/e5a/vPgiFy8W4na7fa+npKSw/o47CA5WPiciIiIiMhglICPU3t7Bjnff5eSp07hcLt/r06ZN4+YVKycwMhERERGR658SkFE6dPgwJ0+d8iUhBoOB9BnpzMnMnODIZDJ45dXXWLlqDa+8+lqfY62trXz1//57v8dEREREJjslIGNw+MhRCouK8Hg8gHeFrJy52RqKJcP2y6ee5tKlSxMdhoiIiEjAKAEZo+MnTmK31/t+jo6OZt7cnAmMSCaLjRvWc8stN/PUr56htbV1osMRERERCQglIGNkt9u5cPGCbyiWyWQiNS11gqOSyeKRhx+irKycd7ZuG/Q8u93Ox/72E6xctYaVq9bwsb/9BHa73Xf8Rz/5qe+/rnNeefU133Cu7q/11jUcrOu/o3nH/P4+RURERLporJAf5J85Q8bMmcTGxgLeXpBZGRlcLCwcc9nxcXGkp08nOSkJq9VKaGio75jb48HR0kJDYyOVlVVcvHhx0u3OPisjg5kzZxAbE+N7bx6PhxaHg6tXr3Lu3HkqKiuHXV6Y1UrO3LlMS5lGRHg4JpMJgI6ODpqamqi+coUzZ8/1aLxPJFtUFJ/6u0/ytf/4Ogvmz2PGjBn9nnfkaB7/+i//7Dv+o5/8lO/+7/f58pe+6Ltvv37uN/z4hz/gU598gqN5x/i7T/89//lf3+THP/wBX/u//8bRvGN96nnl1dc4dPgwO7e9Q2hoKJcuXeIzn/s8X/3Xr7Akd3FgboKIiIjcUJSA+EF7ewelZeVER0djNBoxBweTlJQ46gQkODiI+TnzyMqa02Pzw/6EmM3YbDamp6WxdEku1VeucPz4CUrLykZVtz89cN+92Gw2AM6dP8+u3Xt8xxYtXEDO3LmEhYX1e63ZbMYWFcWsjAzKKyo4cuQo1VeuDFhXmNXKipuWM336dIKC+v6zDg4OxmKxEB8fz9zsbCoqK4csM1CW5C5mw4b1PPWrZ/jyl77Y7znr7ri9x883r1zJj378E1pbW30JyMMPPehLGnLmZrNxw3oSExN7vLZw4QJOnjrNjBkzsNvt7Ni5k3/49Kd8ZcyYMYMNG9azb/9+JSAiIiIyLpSA+ElVVRVz5mRiCQ3FYDAQHx8/qnKy5mSyaNEi32aHI2EymUhOSiIhPp7i4mIOHDx03fWIBAcHcevqNcyYkY7BYBjyfIPBQMq0acTExHDo0GHOFxT0OWf2rFksX7Z0wGSmN6PROGSZgfbgRz7MP37hi7yzdRsb1q/r95xXXn2N//yvb/p+npcz9Fyj6WlpAx6z2+0UFhbx4Qcf7nPs4YceHEbUIiIiIiOnBMRPLpeU0NzcjKXzSbIlNJSkxEQqq6qGXcbqVbeQOXu2b9gQeIcO1dbWcfnyZcrKy7ly9WqPa9LSUpmelkZaaqqvt8RkMpGRkUF0dAx79+0b0RCm8RQcHMT6detImTYNAJfLRWVVFefPF/ToLYqPiyMjYyYZM2f6kgpLaCjLly3F43ZTcPGi79yFCxaweNFCzGbzkGXOnDGDGTNn+JI7S2goS5fk4nC0UFI6sT1GNpvNNxRr9uxZPY7Z7Xb+8QtfJCVlmm+o1NG8Y/zoxz8Zc70ZGTP51VNP+nqqRERERMabEhA/qqutI65zHojZHEJkZOSwEpDg4CBW3XILszIyfL0CLpdrWL0YJSWllJSUApA5axaLFi/CFhUFQHS0jTWrV7Fv//4Jb2AD3HLzzUxLTga8jer9Bw72O1TsytWrXLl6laN5edy0fDlzMjMxmUxYLBYWLFjAlZoa7HY7c7OzeiQfNbW1HDp0eNAyDx4+zM0rV5CdlYXJZCIsLIylS5ZQWVVFe3vH+N6AIXQNxfrd7//QY+hdYZF3md7Pfeb/9JgDNFY2m436+gYKiy5puJWIiIgEjFbB8qPmlmbcbjcAJpORiIjB5290ueXmm3skH83NzezavYftO98d0RCqgosXeenllykquuTbmyQyMpLly5ZP+BPuMGsY6dOnYzAYqKyqYuv2HUPOU2lv72DP3n2cOnXad1+jo23kzM3GZrORMzfHl3yUV1Tw9tvvDGvuy779B3qVef0snfzgRz5MWVk5L/zlRd9rMdE2PB6Pb+K83W73S++HzWZjyZJcfvTjn/SYlL9t+w7tTSIiIiLjRgmIHzU0NOJyeRu1RqMRq9U65DVzs7N9DXNvGQ3s3rOHC92GGY1Ee3sH23bs4MLFi74kJDraxsL580dVnr8kJydhNptpbGzk4MFDI1qF6tiJ41y54h161jUnZP68HGw2b09PbW0de/ftH1GyduzEcerq6oDra+nkrqFY3c2YMYN7338PH37wYVauWsM/fuGL/M1HPuyX+j71ySdYsiSX92y+27cM79lz5wZcjUtERERkrAwpadM9Ex2EP733PXcyrXOOgd1u5/kX/hKwumdlZLDqlpt9T+ULCi7w7q5dA55vs9lYd/vtREd7eyccra3s2bOXS8XFY44lODiIDevX+4Y8tbW1sXffPi4WFo257OHqvgoWeOezHDp8hNP5+SMuKyc7m+XLlxMcHITb7cblchEcHDyme7Z82TIWzJ+H0WjE0drKrl27uVxSMug1TqeT6sqKEdclIiLXp4SkZN/3togMLf/USQDy8vJGfG1ubi6gHhC/cjgcdHRcm0cQFjZ4D0jm7NlERUUC4Ha7uXDhgl+SD/D2hOTnn8HRucN2SEgI6enpfil7tK7W1Iwq+QAoKy+npaUZ8PYuBQcH4/F4uHTp0qjvWVVVFW1OJwDm4GDfPi6DSUwY3epmIiIiIuKlBGSCREVGMiN9Okaj96/AXl/P2bPn/FrHpeJiKiquPa1PSkz09YgEmsvlorRzsvxo1Dc0YK+v7/Faa2srly9fHnWZFZUVtLW1Ad5hWOHhQy/jmzbIsrYiIiIiMjQlIBMkZdo0rFZvg9ftdlNSUkp9Q4Pf66msqPSt7hQaGkpycpLf6xiOtra2MW/619DQ4JvXAtDQ2Dim1b3a2ztoaW72/Rw+xD4iUZGRvhXGRERERGR0lIBMkLi4OIKDvasgtzmdVI1gv5CRKCsvx+HwTs42Go3ExMSMSz1DaWxqorxibHMnnM5238pVHo+HmpqaMcfV3m3I3FAbIyYmJvh1GVwRERGRG5ESED/yNmCvNWK7N257i7Jde5Le3Nw85OTn0apvaKCu24pTEaPYYd0fmpuahz5pCE2Njb4ExO120+SHMls758gAQ65aFh0d3WOTSBEREREZOSUgfmS1WHy9GtCzcdtdfFwcYd0au3W1deMaV3Nzs2/oUmhIyITMA2nvaPdreW63G8cIlt31h8jIyCF7SURERERkcEpA/MhitfomlbvdbhwOR//nWSyYgoJ85zW3jP1J/mDa2tp8CUhwcHCP5EeGT8OvRERERMZOCYgfWSyhPRKQlpb+E5AQs5mgzqE8Ho8Hp9O/vQO9NdQ34HK5xrWOG0GI1okXERERGTMlIH7UfYiO09lOfa9lY7sYjEa65ooEeiiRyWQisnPvERm+4OAg0PArERERkTFTAuInwcFBREZca9i3OFooKy/v99yIiHBMJt36ySQ+Lh5zcPBEhyEiIiIy6akV7CepKalYrRbfz7U1tQOe63C0+lZzksmhubm5xy73IiIiIjI6SkD8ZNq0ZMydcwTa29uprKoc8Nx2p7PbhnqGziFZgeFyuWio9/+Gh1NdfUODkkYRERERP1AC4gdRkZFMS072zf9oaGig6NKlAc/vcLl8jVmTyUhERPi4xhcZFenbv8Lj8eDutpu4DF+HJvKLiIiIjFnQ0KfIUGbPnuXb4M/tdlNaVk57+8DDdRwOBx0dHYSEhGA0GofcAG+sLBaLb3Wujo6OAZcHlsG1tbb6bR+Q9vYOrtbVY29oorXN6ZcyRURuBKEhZmyR4cRFR/XYe0tEJg/95o6RzWZjVkaGr4Fvr6/n/Pnzg15TWVWFo7WVsLAwACLHeXfyiPBrPSytbW2UV1SMa31TVX1DA1GRY19BrL29g8KSCiLDrcxITcISGuKH6EREbgyO1jbsDU0UllSQkZasJERkEtIQrDFakruYyM5Gqcvl4uLFi9Q3DD3Hovs8jKioqHHbnTwqMtLXOwNgr7OPSz03Aru93i/zQK7W1RMZbiU5IVbJh4jICFlCQ0hOiCUy3MrVuv6XuxeR65sSkDFYtnQJ6dOn+36urKzk+ImTw7q2sqrKt6pSaGgoKSkp4xJjSkqKb4iXy+Xiak3NuNRzIygrK6O1tXXM5dgbmrBFju+8HxGRqc4WGY69oWmiwxCRUVACMkoLFywgZ+5c3+Tuujo7+w4cHPb1ZWVlNDc3A2A0GklNmTYu3chpqSkEBXnLbWpqori42O913CjqGxqos4+9B6m1zameDxGRMbKEhmgOncgkpQRkFJYvW8bSJbm+ZXdbWlo4fuIE9hE0TusbGigrL/ctxxsdHc3ihYv8Gmd21hwSExMB7+pX5RUVwxoeJgOrrBx4eWURERERGZoSkBGw2Wxses+dLFww39fz0dbWRt6xY1y4eHHE5eWfOUtjYyPg7QWZPXsWaan+GYpls9nImZvjS5KampooKLjgl7JvZKVl/e9uLyIiIiLDo6UjhiE4OIiluUuYPXsWoaGhvtdbWlo4eOjwqJIPALvdzrnz51mSm4vJZCIsLIzly5bT2NQ8ot6U/uK9eeUKYmKiAe/cj4ILF6m+cmXUZYqIiIiI+IMSkEGkpaaQNWcO06ZN8/UkdKmpqWH/gYNUjHFIzvETJ7HZbMyeNQuDwUBMTDTr77idPXv3jarsMKuV1atX+VbV8ng8FBYVcTQvb0xxioiIiIj4gxKQTvFxcURHR5OQEE9sbCyRkZGE9Eo6AJxOJwUXLnD4yJFBNxscib379mG1WHwrYdlsNjasXzfienKys5m/YH6PfUXKKyrYu2+fX+IUERERERmrKZ2A2Gw2Hn9si1/K6ujooLS0jBMnT/p9KFN7ewdbt2/n1tVrmDEjHYPBgNlsZl5ODpmzZ3Pl6lVKSkooLSvvMTQrODiI6WlppKWlkZyU5NvYELw9H6VlZezevcdviZKIiIiIyFhN6QRkrDweDw0NjRRfLub06XyaW1rGra729g627djBooULmD9/PpbOuSZms5mUadNImTZt2GU5nU7OFxSwfwTLAouIiIiIBIISkE4dHR243G5ampux19dTWVnJpUvF45p09Of4iZNcuHCRpZ2bHIaEDH+/CKfTSUlJKXnHj49pEruIiIiIyHgxpKRN90x0EDKwmTPSSU1NJTY2ljCr1bepIHiTpuaWFux2OyUlpVwsLJzASG8MTqeT6sqKMZWRd7qA3HmZfopIROTG5Y/P04Sk5D4LzYjIwPJPnQQgbxQLHOXm5gLqAbnuFV0qpuiSdi8XERERkalBGxGKiIiIiEjAKAERmSSO5B3n45/+HHX2er+U19raxlf/45u89OobfilPREREZDiUgIiIiIiISMBoDojIJPDDnz7J629tBeDBLZ8gNWUa3/r6vxFti6LOXs8Xv/LvlJaVA7BsyWK+/IXPEhrqXUHtSN5x/vVr/+Ur6713rue979nAl7/6dRoaGzl89Bg/++UzfOJjj3LPXZsC/+ZERETkhqIERGQS+PQTj3PziuX87JfP+BIPwJd8fOJjj7I0dxHgTVa+8e3v8eUvfJbyykp++uSv+OH3vkXGjHTq7PW8vXU7GTPS+dXPf8g3vv09luYuUuIhIiIiAaMhWCKT2F9372Xh/Bxf8gHw3vdsoKKyivLKSurq7BgMBqJtNgCibVF86IF7JypcEREREfWAiExmJaVlvP7WVt/wrC6REREAzJubTVJiAg9u+YSGWImIiMh1QQmIyCQ3VGLxtX/9km+oluZ6iIiIyETTECyRSSwtNYUjecdpbW0b9LxoWxQ//+F3+cTHHh3W+SIiIiLjRQmIyCQRHW3D4/FQZ7f7XlswP4fzBRd5a+t232t19nr+8PxfAO8KWEfyjvdbXmhoCAnxcZSUlo1v4CIiIiLdaAiWyCSRMSOdRQvm8enPftG3DG/GjHS+8bWv8OWvfp2f/fIZwDv/4xtf+4rvuu5L8PZeordrOd7X39qqoVkiIiISEIaUtOmeiQ5CZLJwOp1UV1aMqYy80wXkzsv0U0QiIjcuf3yeJiQlYzab/RSRyNSXf+okAHl5eSO+Njc3F9AQLBERERERCSAlICIiIiIiEjBKQEREREREJGCUgIiIiIiISMAoARERERERkYBRAiIiIiIiIgGjBERERERERAJGCYhIgIWGmHG0tk10GCIik5qjtY3QEO3fITIZKQERCTBbZDj2hqaJDkNEZFKzNzRhiwyf6DBEZBSUgIgEWFx0FA1NLVRU16gnRERkhBytbVRU19DQ1EJcdNREhyMioxA00QGI3GiCg4PISEvmal09l0oraW1zTnRIIiKTRmiIGVtkOBlpyQQHqxkjMhnpN1dkAgQHB5GcEEtyQuxEhyIiIiISUBqCJSIiIiIiAaMEZERy2PzQfaydNOX2NX/Tgzyw5vovc0TCs7jj/gfZ8ugjbHn0npHfxzX38cimnPGITERERER6mcQJSA6bH3qE9y0b6HgSGz74ATYkDXB42V1s+chGMgBmruPBxx7h3hXjEqiMs0W3LSO1JY/nn3mWp595iXcnOiARERG1LUQGNIkTkHyq7WCLH+DJdVIWseHhRGX2v0Tf/PgoXPZSCgGulHKx8CxnT187Pnfjh7l3HJ7qj1e5N64sUm0uqs/m0zjkuTdz70c2Mj8AUYmIyA0uIG2Lyfa9NtnilfEyqSehH7pSz6LMdOaTz6lexyIyYzE7nVhic4CDvY7OJNVmwl6Q7/2x6Rz7d/Y8w2QyYRqHmMer3BuXCXDiKBreuSaT7r6IiARAQNoWk+17bbLFK+NlEveAAAcqqDFHkTqz94FwFsaG01hciSMqgeW9DydlYDPXUnE4MGGKiIiIiIjXpO4BgXxq6+eRnJEERZXdXs8hIaqe6q2FRKSuIXkZ0C3ZiMiMwlJfyqFu529+KJum517g3VvuYUtmFJhMmFyPsCUDoJ7zz7zEHt/5KazcuII5yeGdTzJcNBYf5q2d5wYeBuTXcmOYe9ttLE8P9z1JcTWVcXzHNo7XDu/Opa7YyMrMJCJMXdcXc+itdznTY4PucDJWrOGmzHgsXec5a7m4fyd7igbeyXv+pgfJbvoNb11Zy/rcVGzmrosdVBfs5bUDZcOIMJyMFbewpFuM4KKxooCjew9S2ASr3v8Ic6K8T5Rcjz7inc9TX8DTL+7rVVYW7/ngCpIt3nOXP/oIywFHxQF+//Y531kR2b3idVzhzJ432D+ccEVEZFKaCcy+fwvx1U/z/K7eR3PY/FAu5P2G1zqHUnV9x+13bmJ19+/HPt+jw2hb7HEwY5WZU8+8yvE+kSWx4YMbsZx9lpdP9D42jO+1mCzuuDWX1CjztbaCs57SvF1sPzu8xkLEzJu4dXkmCdcaAdhL8yiwLGMJeTz7Rv61k2OyuOP2ZaSH+2qjsfQEO7adpGaY38Ny45jkCUgT52uayIydTQSV1xrpK5KxNdWwtamIdPstLInPAa79ksyLDaexJr+/AmHvSzy999oHTN8PIxMxd92GyXGY1545Rw1AzAI2v3cFd66p5/ldlX3L9Gu5Say9fx2pbQXs/rO3IQ4xzF23jpXv3YTruTf6DEfrLSj2Lu4wOTj0+rOcqfVev2jTJlbeuRr7n3dT0Xne/I13scR2pdt54WSsuI3Vt24kyPEC7w7wVgGCwjexOdnFxR0v8ZdK76dxbPY6NqxYx728wF8ODJzAQDjzN97F8tgmzu9/lecvdH5Qhs9k5ZoVrL3bhvV3b7PnxWfZ0/0DfsDyzvHmH88Bq3ngoQjO9nePQjLZnOvi0v6X+EtRk/e93raRtbdvoqn7+RkrB4lbREQmmyJg9givCYq9hzvMTd2+H1NYeddtrFx/E6UvHuz7MHLANsBMIpbfRsYKOH6g1zWzF5JgqeVUn+QDhvxeS7mZe2/PJKTiMO9szaei8ys3Nnstty+7iwfi3x64veIrYzV33pqK8+xenj9Q5H1PMbNZe+syFoWb8DZUOiWt5oH1qTgLup+bxYb1K9i8ycWzb+QP/T0sN5TJPQQLqDhbS1NULPO6vbY8PorG6mM0AqfK6jHZUr1PxwFYSkKUg9qCwRrAgwknwpXH89vOXfvdqz3JawX1RCTMJmKUpQ633IgVK0inmO2vdiUfALWc2fYG55viyRzGahvh4S6O/nlb54em9/rjbxRgD09gTtec/dkbWZRQz9E/dj+vicIDr7K/wkzqwj7j3nrWEWvi4utvc6jy2n2uObuN107XYsu4hTmDXTz7FhYlOzjzyqvsudDtKU1TEfvfeJUzjiTm3zbQ8majY44xUbHjVfb7enaaKNyZR4UrhnTfP67Z3JJp82u9IiIy+YSHOzn6evfvxzL27yzEHpXKkv7XvhlAEccrmrAl39yn/bAoOwkqzvbTMzJkdKxcnom1ei+/33Yt+aoiuksAACAASURBVACoOfsuz++vJCR9GYsGLSOJO1Zl4Dr7Ki93JRQAtRd498UT2HvMZAln5cp0KN7Z69xzvPN6AY0JmejRnfQ26RMQKguxO6JI8C3Hu5Tk2Cau5HX+xp3wzhOZ1dVenZeAzVHLmSES/4E5qSnqp/ek2oHTEkH6aIsdZrnzkqNoLL3WS3FNE4WNDiJiht7PwllT2M+Thys4nBbCOyvKyIiB6rP9PqE4X9uEOSJlyDoO9ZPjNR72/n2kD5I/ZGTEYKouYH+/OWIT+0trsSTMI3nQCEaovrqfHp0i7A4zlpjOH2dmEIXdn7WKiMgk5Kwp5FTv76imWpyua9+jw1VxuILGqAQW9khcFpBuc1Bx4sIoosshOaqJ0r0DXHvhBNXOGNIH3MYAmLmQZPMVCvodrZBPcY2zb3399ag0FdHkCCd2Xt9DcmOb5EOwAIoorFnByq5hVguTsTlqujV+j1BdP4/UzHCobCIjJQqX/UA/DfjhctB0tr8wWmhbNfr+j+GVm0VsuInY7EfYkt1/Ka4ay5A1tTT1N96yCIfzFro+/9IiLFjC17Dl0QHWC2xqJB0oHrCOAYa44cDlMmOOBQZIAtMiLLRUD3Q9UOrAkW0mFsbw99iTs6X/8bBNbd0+ZFPDCQnx+KlGERGZrPr/Hj1Hk2MZI+oAAWg6RkX9faQtS4Kd3i/GiFsyiG0qZcdoHpZmxxLhcjDwQI9K7C0QNVhzIcGCxVEzvGFS2bFEmGKwPfoIc/s9wcUwmiZyg5kCCQicL6tn5cJU5pCPOSUKZ83hHg3T09X1zE3IAS4zy2bCfnpYa7Zep5xUHL42GW482Quf7Weuij+4cLWMR7kB0KQZ6SIi4k9N7KmoZ0t6FslUUkE4S5KjqCl+aRj7W40T8wiXynVWckjzOmQEJv8QLIDT1djNMWTMnE2qzUnN6Z6PDBpP1NAYlcDy8NlEmWspDkDjfXyco8lhJiJ+xM9XRqy6xYk1fOjhXAMJsQwwRyQpmQizA/sgOWBJo2PwulMtWJzOHvPfAuKKg/YQa6BrFRGRcdbmGuiIhYBsW3GgkBpLAvOTgKSlJFtqKR7tVgFna/j/7N17fBT1vT/+18zsNWySDYFcSCAhgNzBQJAA4o2LIljq9ejxeKu22h76bW3r8U5P0Xr52W/teYiKPVqvVE71q1JB1ICiCMIhEO6CYEggISGQZENC9jozvz92d7Kb3SSbZZNlk9fz0VR2duYz75m9fd7zuUyzZEZ6h1WFLFiTAJe9kzIavN2/w7doAObAk3KwGa0GCzJ6vmpCfUjfSECwAzX1BljHjEI6mvBD+ybLliNosqciY2Y6kmx1EWfoOkNsBzrHotydNQ0wZ3cxiDsGvjt8CnLGKBRH+YVizhiDCWG2vWDSYJjryrG1k23Lyxs62XcWLs0bCHvd/ui6X0kSom4JPngYjUpatFsTEdF5qrK5BcmpU0OWJxdlIz3GCUj4OsBelNcZkDFpJAomZUOq68bg85DftQOoabIgd2YHc3uNL+w6wdlfBZs0EAXhxm5YpiI76KTsQk2DGdkd7a/LeKk/6iMJiPeu6ObsLKD+MMpDnq3FvnoXsnNT0XxqR0TlVbbYYU4e7p2VwmI5h9mtYltu85ZSlLuyUHz9pRg7sG15+sipmHf9dbgqVgO9jmzB7joLxl6zAMXD2zKB5KxxuHTRjfhRB0ND/Ox2M6ZcPScgxoG4YPZiFGe7UF66N4J9mzH2mkWYNTLgIC3DUbzoMhSgHN9sjKZjbAPssgXpvu/IZEt3s6sj2H24MYr9EhHR+WoAgJr9NWhOH4OFk9p+c9LHzMHCAgOaXR1v212d1QH2HT4FpI/BhHS5G4PPw/2utWDr9nI4s2fi5jnjkB3wU5c+Zg5uLkpFfenGLhKcvdhZbkdG0Y2YN6btnCRnTcVVVxfAYA88KS3YvL0czuzpuOGy0UjXlg/EBUVzcMP18zGh03ipP+oTY0AAAPvr0TzejJby8H17asqbYM9zoS7C7lfNZQdRc3UhbrhjFEJvGBi9cy+3Gl99tgnFs4sw7ZrbtantZFcTag6XYXPMupe1YN+6dZAvuwzTLrkOYy/x76gFdZV7sLmLsSHOus+xU74MMwJjbKnF9+s/x9Yuc4cW7Fu3Bq3TZ2JK8SLcNcu/3HsjwpI1/4uqqI7pAHaXj8IVs27HXbMAV802rOzmDZDOlm+Jas9ERHR+ygBQXfsNPtsm4cqiRbir0Ltctp/C95sPIv3ywpjtq9M6wJHDqJ92GXLtB7sx+LyD37Xqb/D+x6dwxSWFmHd9UfCNCLetwRcHu74VQdWmD1Dimo/iosW4Z7oMGQDkFlSWbsDB4QswJXDl6m/w2dcuXDKtCD+6w38/ABmuplp8v3NLQM+Tc/8dpr5ByBk6jNP6UEx1fLPFxOdyuVBXG6u5t4iIKN4ysrJhMBjiHQaALFxx03ykVr6FD9vflPA805d/56lrB/Z5e7KUlZV1e9vCQm9C32e6YBERERElrJGTkG1uQPl5nnwAWchOljofxE7UBSYgRERERHE2YdTgKO983ruSxxci29yEumhn6SICExAiIiKiuEqftABTMlrwQ0d3L4+DyZfNx6yRWQED5S3IHj8HC4sGo7W8tNPZLIm60ncGoRMRERElkjELcPvMLBjkFlSVrsPWrseG95r6BhkF0+bghlltU+7KribUlG1AyR7elJfODQehE3UDB6ETEfUt588gdKLEwEHoRAnq4zVrsfQ//wCHwxHvUIiIiIh6FRMQoj7E4XBg6X/+AR+vWRvvUIiIiIjCYgJCRERERES9hgkI0Xno4zVrUTxrtvbXvkVjZ9muoOdffHkFKioqcPO//hs+L1mPPz79TNjtAre/+6f3YmfZLvz4uhu0cnaW7Qpa78WXVwTtJ/D5iooK/OSen2HDF19qZdz903ths9mC4vMvC1RRURG03xdfXhGjM0dERETnOyYgROcZm80Gu92OrZs3YevmTVi18m289rfXtcp/RUUFlr/4ElatfBtbN2/Cp2s/xuBBg5Cfn49Vf38H8+fNxaMPP4StmzfhmkULO9zP/gMH8NHq1Vj193ewdfMmPPrwQ3jxpZe1ZKGiogJjRo/W4nhp+QtY9sSTqKio0MpoaGjAV19/jVV/fwcbN5QgJ2cIrlp4DT5avRobN5Roy1a+u0rbpqKiAsuefAp/+fOfsHXzJmzcUIKTJ08yCSEiIuonmIAQnWesVituuvEG7XFWVhYmTZqI6mrvtIcNjTYIggCr1Rp2/UhlZWbiJ3feAZPJBACYffEsAED5UW+CkZ+fjzlXXK6tXzA8H+np6WhobGvNGDhwoFaGyWTCjxcvDirXv2znzjItsVm77lNc++PFyM/PB4Cw6xAREVHfxfuAEJ2HbDYbfvvAg9h/4IC2bFpREQBg3NgxWkvDow8/1GkrR2fS09O1JKYjFRUV+PVvfofakydjUq7D4cDJkyfx9jsr8cennwl6bvy4cRHvg4iIiBIXExCi88zHa9bij08/g5eWv4AphRfC4XDgqWee1Z43mUxY9p+/x29+/Sv89oEH8cennzmnRKQjL768AiUl6/GXP/8J+fn5WlIUC/5jIyIiov6HXbCIziMOhwPbS0vx6MMPdVlBt1qteO2/X8GjDz+E7aWlMb2niM1mw86dZVj6+GNaV6lYMJlMyMzMxLdbt8asTCIiIkosCZ6AjMPCf7sOl8Y7jDAmLLgVty9glxLqHn8F/djx49qykvUb8HnJeu3xzrJdIbNVdbZ9tHHk5AzRxp0AwMp3VwV1CYvWjOJivP3OypAZtTZ88eU5l01ERETnvwRPQIgCDJ+DW39yO66dHu9AIvN5yXpcNmdeyDS3t95yM3buLNOWtdrtmD9vbtC2v1jyS+357aWleOShB7XB5AsXXIWSkvWdTsPbFZPJhJ/ceQde+9vr2n7GjB4dk3EaUwovxEvLXwg6hif++DSmTik857KJiIjo/CfkDB2mxjuI6I3Dwn8bg5Z3PsBX8Q6lnQkLbsUUlOGtded+xZgiZBmN4qJUNJX+L75r6ZlduFwu1NXW9EzhRETU6zKysmEwGOIdBlHCOLBvLwCgrKys29sWFnovNnIQOvUdLYewdWO8gyAiIiKizrALFhERERER9Zo+0gKSg+L503FBtgUSAEBGc2UpPtt4CM0BayUPn4riyaOQnWrQ1rPX7EHJ53tR719p9nW43XIQHx4djCuL8pAs+ZbbT+G7zeuwtRpBkodfhFlTRiHb4ltRdsFWVYbD7UO0jMYVcwuRG7Dv5soteH/j0YiPMmRfAOSWWny/cwu2Hg3oc9TNYwhr4GhccXkR8rR9yWiu2oMvN/jOVdbFuOHKbDStfw8lgeVZLsK114+Cq3Ql1u73dkUb07ISn526FHMLc2E1+M+THXWHt2DttuBgkodfhEumjUKGue181pdvw5dbjra9lr7j+6IhDxePGgyzBDSXv4X3N4XvkhdJmf44t7oWaGV6z28ltn/2VY916SIiIiLqb/pAAiJh4KLLINlLsfbNQ97K8cCJWHj1dFw5uwnvb6rV1pwyeRQMdaVY+9GRgPUKcfnsU0HrwTgKCwtlVGz+wFext2DsnAUovmQ+Gt79HN/718u5GFdekgvXwS14f5uvMjtwJC69pAiTLRLashoLiudOR66zDGvf9FXgB47EhAx7xEeZPH4+flQ0EM2Ht+GfW3zxw4KC6bMx45JFsCatwqf7AzaI9BjCyboYN8zNhetw4HGNxry507Fwgewd11L7DbaWX4crZl2K3H98hSpfPNMuG4XkujK8FRCLzrIAC7Nl/PDlanxY663Jp4+Zg3nT5+BafIAPt/lq9+Pn40eFqagrXYfXDzZ4j3v4Rbh81mxcKdlDXqOL81qw+6O3Ok8OulGmLn0xrjC0YPsnb+G7BgDIQfGiy1A89yJUffS/QcksEREREUWnD3TBsiBZLsP7Gw611fcb9mLt4SYkZ4xEcsCaX320Cmu1yrt3va/Lm2DNHh20nmGgAXVfrwloVWjBdxvKUIPBGDXev1YWrphVAPngGvxzW8DV+YYj+OqjPbBBCihxGNItdlRtC2hpaTiCfQcDKtSdGolZk7LQenBNQPLhjat82zr886Ad2eMvRXa3jyEcC4qL84DKje2O6xBKPjmM5oxRKPYtqtq0DVXIRfHsLABA8vjZGGttwM52A+8t6RJ++ORzbK9tyxTqD27A2v0NsBbMxAW+Y7xq0mDYyt5DiS9RAIDmo/+Lf26thTF3EgpCjm9DFy0T3SvTYnFh5ycbfMkHAFRj68Zy2FJzMcXiW5TOm+cRERERnYs+kIC4UH80zExTdXa4zMnI62Lr5iYXXIak4PWaavBFSDelI7C7DDAP9D0cPgnZhlM4vC1cDfgAKutdAY8bYHeZkTEpp4toOjC8AOlSR/sCmrdVod6cgQlZ3TyGsMYhO7UFVZvCJEctR9FityBdS2Cq8cXmKujypqN44DhcUjgQ9WXrsK/dZq76cmwPE3pzaQ3qDanIy/IdI07hu/2h6+FIPZoNFgwNiqUO27vK37pZpqu+HPvax9nSAJdshsX3BhlUMKiLnRIRERFRZ/pAFyw7Wg6GWXy0Fc5Zye0WWpA9fiImD8+GJcmMZLMEQIIkB9dkXa0NCKe+1YXB/gcZZpjt9SGV7fBq8cXmg/jRJXNw+/WnULl/G746GLyPWT++HRekttus6TBe/+hbINcCs72uk31Vw24fA0M6gNpuHEM4Y9KRLA2E9Y7bMTbsCjLqzYG7/grf1NyIedcUwVWzBSvDVPZbWzqaitgOWTZ44x5ogdlswaV33N7BjSVb0DIMwDHvI1fzqa67ROV2r8zWlkNh1jmEFnsR/A0g2QPMYdYhIiIiokj1gQQkQpZxWHhNIaz2U6goL8P39U0or24Axi/A7dHc/8wgdb1OoOr/xT/fPYCCoumYXLgId00KHhC++aO3sDmKMHqEqxbb3wltyehIU4sLkMxw2iMf09JGhtwKYCCApnK8/v++iaKMzoKLbZmGPtBmSERERBRP/aY6VTBzEtJtZVj50efYvOeoN/k4Fw3eLl7hWwkAsxQuQWlBeekGfPjuB/iqzoKxs4LHbXSoqgV2czImdLhCDsxmF1z1Ha4QuYPNaDVYkGHpelUAgOUizB1lQOWWSujypuPSML3MjObh4bfNykaywQ7bUQCnvOez42OMQg+U2eBwx7A0IiIiov6n3yQgQ5PNcNmPtVtqwbThgxHV/U/3V8EmDURBuAHdlouQm95ZC0kLyvfUwW5IQnok+zpajnp5MEZND58VZM/OQ7q9DvsiHdPeqV2oaTAje+bICNbNwqVXjoKxagu+OPgVvqmRUFB8MXLbrWXOGIMJYUK/YNJgmOvKsRUADh5GXSfHGJUeKPPocVvMyiIiIiLqj/pNAvJ9XRPMubMxWRuAPRBj5yzACKMdrs427NBe7Cy3I6NwMS4d2TaqOzlrKq66Og+SPbDUizBvwUUo0OrBAzG2KBvmlnpURrSvI9i85xSSxizCj2aODEhaLCiYvghXFADlm79CTVTH0V4LNm8vhzN7Om64bHTAvgbigqI5uOH6+VqLQu7smSiQavHNRm8/sqoNZagxFKB4dnAziN1uxpSr52BswLm/YPZiFGe7UF66N+gYk8cswsLpw9tmJbNkYcLsRbh50cVRHEsPlHl8dxRxEBEREZFfvxkDUrNpI3aa52DyNbdjCgD/zQpLDhZgYTRjQABUbfoAJa75KC5ehLtmeZfJriZUlW3AweELfPsBgAa4jEW4+KbxuFSWAchwNVVh6/rI7y3RvH8d/tl6EWZNmY4f3TFTWy631OL79Wsiu7lgpKq/wWdfu3DJtCL86I7p/j3B1eS96eE+AMi5GMUFEqrWb/DdAwQAjuDTPaNwe9F0XFr+Ab7yxeSs+xw75csw45rbtSl8vXF/jq0BrTbN+9dhrXwpLi+ajRvGzNb221xXid1bohvHEfsyoxnnQkRERER+Qs7QYWq8g6C+y3+H8fc3xTuS2HC5XKirjU1bExERxV9GVjYMhqg6YxP1Swf2eXuvlJWVdXvbwkLvVf9+0wJCdD5xuz043dgE25kWOJzRdQIkIuqPTEYDrCkWDEpLhV7PagxRIuInl6iXud0elB+vQYolCfm5WTCbjPEOiYgoYdgdTtjOtKD8eA0KhmYzCSFKQPzUEvWy041NSLEkITsjojnQiIgogNlk1C7cnG5s4ncpUQLqN7NgEZ0vbGdaYE2J4XTDRET9kDXFAtuZlniHQURRYAsI9ah961ZGfEf1/sLhdLHbFRHROTKbjBxDR5Sg2AJCRERERES9hgkIERERERH1GiYgRERERETUa5iAEBERERFRr2ECQkREREREvYYJCBERERER9RomIERERERE1GuYgBARERERUa9hAkJERERERL2GCQgRBVm+4lUsX/FqvMMgIiKiPooJCBERERER9RomIEQJYkfZbvxsyW/QaGuKSXkOhxNLn3gGq9esi0l54axesw5Ln3gGDoezx/ZBREREiYUJCBERERER9RpdvAMgoq4tX/EqPvlsPQDg1rvuRW7OEDz75O+RZk1Fo60JDz72B1RVnwAAFE25EI88cD9MJiMAb8vJ48ue1sq6+sq5uPqqeXhk6ZM409yM0p278Mprb+Leu+/A4kULQvbdvvzAfQNAeUWlVpZ//7/55S/w5xdeQunOXQCA6265Q4tr/3cHtf099/xybbsnlj6MqYWTwx5z++fLKyrx9HN/wU3XL8Zrb6zEmeZmLa7yoxXa8baPNVy8V185F0vuuye6F4aIiIi6jQkIUQJYct89mDF9Gl557c2gCrU/Obj37ju0yvnyFa/iqeeexyMP3I8TtbVY8eobWP78syjIz0OjrQmfr/8CBfl5eOOvy/HUc89jauHksImHX+nOMjz0u1+hID9PK//5F17GIw/cD7vDgWf+9F944P4lmFo4GQ6HEx99/AlMJiOWPf4QVq9Zhx1lu4MSIgCoqj6B1WvW4Y2/LofJZMTqNeuCjq28ohKjLxipJQY7ynbjueeX46llj2lxNDe3YNPmrXjjr8sBAE899zxuveteFE25EB+8+6a2bOWq97Ry/ImLvxyHw4mnnnsey1e8yiSEiIiol7ALFlEC+/qbLZg0YVxQy8HVV81DTe1JnKitRWOjDYIgIM1qBQCkWVPxLzdc2619zLviMq3SDwAzpk9D7ck62B0ONNpsUFUVaWne8k0mI26+8dqgZCOclORk3HnbLdp6l1w8EwBQfrQCAFCQn4d5V1ymrV8wPB8pKclobLRpy5KTLVoZJpMRixctCCrXv2zPvgPauJlPPi3BogXzteMJtw4RERH1LLaAECWw41XV+OSz9UFdlQBvBR8Axo8dg6zMDNx6170ddrGKhL+Fwi83ZwgAb6IweeJ4LLn/wW51ZUpJSdaSoo607yp1ruU6HE7UnTqNTz5bH3QsQNvxEBERUc9jAkKU4LpKLJY9/pDWVauzsR7h+LfLyszAB+++CZPJiB1lu4Mq8Evuuwf33HkbnnrueVx97c0xGVOxfMWr+GbLNq2rlD+OWGg/1oSIiIh6F7tgESWwobk52FG2u8tpbtOsqfjr8j/j3rvviGh9P3+XqPt/+fNOu1X5x3w8sfThc+7O1Ghrwp59B/DA/UuCun6dK5PJiIzBg/Dttu0xK5OIiIi6jwkIUYJIS7NCVVU02trGQUycMA7fH/4Bn63/QlvWaGvC/7z/IQDv4O0dZbvDluevkB+vqo54n422pqDWj/KKSpR8sbHD7XNzhmjjRSJlNpmQlZmhzboFACtXvRf0OFozpk/DJ5+tDzonXR0DERERxRa7YBEliMDxFv7pZQvy8/DUssfwyNIntcQgJTkZTy17TNsucAre9lP0+qfj/eSz9WG7ZhXk52HRgvlYcv+DALwJxY3X/QjvffBPbZ3X3liJ519YoT0fOEtX4BgU/767YjIZcedttwQd0/2/vA979h3o9jlrb2rhZDyx9OGgc+KPmYiIiHqHkDN0mBrvIM6FLBrRnDoaDnMWFMkU73DOW6LsgMlei+SmQ5AU3pU6Wi6XC3W1NedURtn+wygcPypGERER9V+x+D7NyMqGwWCIUUREfd+BfXsBAGVlZd3etrCwEECCt4DIohGnsi6BIpnjHcp5T5FMaLXkw2HOxODar5mEEBEREVFcJPQYkObU0Uw+ukmRzDhjHRvvMIiIiIion0roBMRhzop3CAnJacqIdwhERERE1E8ldALCMR/R4XkjIiIionhJ6ASEiIiIiIgSCxMQIiIiIiLqNUxAiIiIiIio1zABIeplJqMBdgenQSYiOhd2hxMmI+/fQZSImIAQ9TJrigW2My3xDoOIKKHZzrTAmmKJdxhEFAUmIES9bFBaKs60tKKmrp4tIURE3WR3OFFTV48zLa0YlJYa73CIKAoJfSd0okSk1+tQMDQbpxubUFFVC4fTFe+QiIgShslogDXFgoKh2dDrWY0hSkT85BLFgV6vQ3ZGOrIz0uMdChEREVGvYhesMBbPTMfSy1MwPd6BEBERERH1Mf20BcSCX8wzYlDgorNOLNvCgcFERERERD2p/yUgw1LwH6P1aDlRj2X7/Qst+MXMtlVWb6nH6njERkRERETUx/W7LljTM3QwnXXipf2BS1vwEls/iIiIiIh6XP9rAQGAATosBjps5Vg8Mx2TEdwla3rRQFyZJvgeqag44UHWEB1qDzXgrWMAxluxdAiw+5CC0aP1MPnWPH2ivl2yE8iCX8wzoMVfRtj9m3D75QOQ1XwWXyEpIAYZu0tsbKkhIiIiooTS71pAtpW2osIjYfK8gbh9WGTbeJMPBbtL6rGspB7LSlywDGlLMtpImDwC+Mq33meNKgYNsWJxDOI2pQ3ApWj17b8eu89KmDwvNmUTEREREfWWfpeAAA689WU9PmsE8kenY2mXiYgFU9MEnD4R2NrQgpcOueEIWVdFxQ9nsM33aFupC6chIWd8DMI+68T/V9q2x9VbnLErm4iIiIiol/TDBMRrW2mDr5XCm4j8R1FoewYAYJgIC2RUd9iNKpCCpmNdrxUNh8vTbokHLR7AYu4gbiIiIiKi81C/TUD8tpU2YNkJGaY0E7szERERERH1sH6fgAAAmhU4ICK1w65YYbo6JYthxoBEQ4AlOfCxCanGCDYbZkCWTkVtXWhHMCIiIiKi81W/S0CmF1lDxnwsztXD5PHgULjuU8fO4NBZtBtMbsEvhkgxiKYF1WeBQRltd12fXpSE/DBzk5nSBuAXWhJkwu0jOomZiIiIiOg81Q+n4RW9g89HByw668SyLzu+D8jqLfXAzHRMnpeOyQAAGbsPuWEZfe6nb/UWJ3LmGXHlvHRcCcDReBa7zw7w7aeNo9GJlox0LB3iW+Bx47Mv2wa8ExERERElgn6XgGwrbeiy0h7uTughy4al4D8CH++3BdxZ3a8FL5V0dYPDcOs4wtzfw4O3OkmSiIiIiIgSQb/rghUr0zN07AJFRERERNRNTEAisHhmu3uFjLfiyjQBp+vYBYqIiIiIqDv6XResaNS6gMntxo2cPlGPlyK6NwgREREREfkxAYlAJONGeo4Db33JqXaJiIiIqG9gFywiIiIiIuo1TECIiIiIiKjXMAEhIiIiIqJewwSEiIiIiIh6TUInIKLMwdnR4Hnrv158eQWW/ucf4HA4tMcvvrwizlERERFRf5LQs2CZ7HVotQzrekUKYnTUxTuEfu/jNWvxx6efCVqWlZmJv/z5T8jPz49TVEREREQ9L6ETkOSm72BPyoIqGuIdSsIQFBdSbN/FOwwCMH/eXDzy0IMwmUy9ts9///l9vbYvIiIionASuguWpDiRUfMlks5WsltRF0TZAfPZY8io+RKS4ox3OERERETUTyV0CwjgTUKsDbvjHQZRTAWOy3j7tUziXgAAIABJREFUnZUAgEcffgjz5s7BU888i89L1mvLrlm0UFvXZrPhtw88iP0HDgAAxo8bh//73LOwWq1B5bIlhIiIiOIloVtAiPqyt99ZiRnFxdi6eRNeWv4C/vj0M7hszjz8ePFibdlrf3sdFRUV2jY7dpbh8UcfxtbNm7B18yZMmVKIP//lv7RB50RERETxlvAtIESJ6vOS9VpLBhA6JuS2f7sVUwovBACMGzsG8+fNRWZmZtCySZMmYu++/drA9TlXXB60jxnFxXjxpZfhcDh6dawJERERUUeYgBDFSTSD0IcNHdrlOu1n2Bo/blxU8RERERH1BCYgRH2Ef/xHTs4QbNxQApPJhJ1lu/DiSy/HOzQiIiIiDceAEPUR5Ue9Y0F+8+tfsbsVERERnbeYgBD1EQPTrFBVFTabDYC3RYStH0RERHS+YRcsojhpPwgdCJ1Wtzvy8/Nx7Y8X4+ZbbwPgHfvxr7fcjL+/u+qcYyUiIiKKFSFn6DA13kEQJQqXy4W62pp4h0FERDGSkZUNg8EQ7zCIEsaBfXsBAGVlZd3etrCwEAC7YBERERERUS9iAkJERERERL2GCQgREREREfUaJiBERERERNRrmIAQEREREVGvYQJCRERERES9hgkIERERERH1GiYgRERERETUa5iAEBERERFRr2ECQkREREREvYYJCBERERER9RomIERERERE1GuYgBARERERUa/RxTsAov7I7fbgdGMTbGda4HC64h0OEVHCMBkNsKZYMCgtFXo9qzFEiYifXKJe5nZ7UH68BimWJOTnZsFsMsY7JCKihGF3OGE704Ly4zUoGJrNJIQoAfFTS9TLTjc2IcWShOyM9HiHQkSUcMwmo3bh5nRjE79LiRIQx4AQ9TLbmRZYUyzxDoOIKKFZUyywnWmJdxhEFAUmIES9zOF0sdsVEdE5MpuMHENHlKCYgBARERERUa9hAkJERERERL2GCQgREREREfUaJiBERERERNRrmIAQEREREVGvYQJCRERERES9hgkIERERERH1GiYgRERERETUa5iAEBERERFRr2ECQtRPLV/xKpY+8QwcDuc5l7N8xasxiqpj5RWV+Om/34/yisoe39f5qLyiEjff/lPsKNsNANhRths/W/IbNNqa4hwZERFR9+jiHQARUbw02prw4GN/QFX1iaDl9959BxYvWhCnqIiIiPo2JiBEfZzD4cRTzz2PqYWTgyrVS+67J45Rxd/yFa/imy3b8NSyx1CQnxfy3M23/zTsc/FSkJ+HVW/9d7zDICIiOmfsgkVE/c7yFa+i7tRpvPHX5WETjCX33YMH7l+CZ/70X+ziREREFGNsASFKEOUVlXhk6ZM409wMACiaciF+88tf4M8vvBTSuuHvWvSjRVfhnb+/hzPNzSjduQuvvPam1r3IP27D3xKyo2w3Hl/2tFbG1VfO1Z7zt6KU7tylPf/E0ocxtXCy9nj1mnV45bU3AQC5OUPw7JO/R5o1Nezz7bcvr6jE08/9Bffdcydeee1NrUtUZ12h/McIQNtXJHGWV1TiaMUxPPbQb2EyGYPOa27OEIwoyMeN1y3G1MLJmDRhHL7+ZktQDIHHkZKcjLvvvBX/+H+r8fADv0ZBfp52LDddvxivvbFSK/fZJ3+P8qMV2jkOd46Wr3gVn3y2vtNz5N9PJNqf88DXtP3rXTTlQjzywP0wmYxB+4vmOIiIiDrDBIQoATTamvDMn/4LD9y/BFMLJ8PhcOKjjz+ByWTE1MLJ2FG2G1fOvaKt8ni0AgAwq3g65l52adguWIHKKyqx4tU3sPz5Z1GQn4dGWxM+X/+Ftu8HH/sDJk0Yh08+XAUA2kBov08+W497774Dn3y4SksCVq56T6vsrl6zDjvKduODd98MqvT7jwcAmptb8Mprb2qV2R1lu/Hc88sxccK4kAq3w+HE8y+8jEkTxmn7CBenfz+33HSdduyffFqCSy6egTRrqlbJ9ne18j/2mzF9GlavWaed29Vr1mHtpyVY+forSLOmavtsbm4Jiq+5uQWbNm/FG39dDgB46rnncetd96JoyoX44N03tWWB56i8ohKjLxgZlCA89/zyqLuBLV/xKvbsOxAUq/81Xb1mHd79xwfa6+1f///87uGgZCKa4yAiIuoKu2ARJYBGmw2qqiItzQoAMJmMuPnGa2EyGXHJxTNx9mwrTtTWaut/u207Fl41L+Kr0o2NNgiCgDSrt/w0ayr+5YZrAQBff7MFWZkZuOfO27T1pxZODmpVKJpyIa6ce4UW2+JFC7Bn3wE02prQaGvC1998iztvu0VLkAry83DxzOn4dtv2oDjuvfsOLebxY8fgglEjsHffgaB1/AkOgKCYwsVZkJ+HW266DjvKdsPhcMLhcKLu1Gnk5gwBAOzddwCLFszXKuFpViuyszK18xB0jmxNWPtpSVCMadZUPPS7XyE52RK0bnKyRTte//lISU4OWeY/R/5Y511xWVvsw/ORkpKMxkZbSCxdKa+oxO69+/HQ734VFOu/3HCtdhwP3L8kKLG59eYbvdv6ktdoj4OIiKgrbAEhSgAF+XmYPHE8ltz/YFA3GsBbsRyePwx79x3QWi+OVhzD1VfNi7j88WPHICszA7fedW9It6fjVdWYWjhZSx7CyRg8qMPnG202VJ+owZL7Hwx57uor52r/Tk62aAlWZ55/4WVkZ2UGdRfqLM6JE8bh62++hd3hgNlkCnrueFU1ZkyfFhTr2bOt2uOq6hPasZ2orUWyxYKC4fldxhhOSkpy2MQmUPtudtFqbLQhOysTQ7KyQp+z2cIeR5o1FZMmjENV9Ymg5LK9SI6DiIioM2wBIUoQS+67Bx+8+ybqTp3G1dfeHHTvjRnTp2lX+cuPVmB4/rBuddsxmYxY9vhDWPn6K1j7aQmuvvZmrF6zLmax5wzJxsrXX8EnH64K+utut53m5hYkWwag9mQd7A5Ht+MwmYzIGDxIG2MyNDdHa4VxOJx44+130dzi7U7lb7npTiJ3LpaveBWPLH0STy17DJ98uAorX39Fa6khIiLqS5iAECUQf6LwxNKHg7q9jB87BgMGJOFEbS2+3bY96Kp+d6RZU/HX5X/GvXffoSU0Q3NztH9HV6YVzS0tQV17opWcbMGSn/8UkyaMw4OP/SGo209Hce7ddwADBiRprR+BydqVc6/QEro7f7YEd952CyZNGIdb77oXt951L/71X64PSuSqT9SEHEdjoy1kDEh3NdqasGffgZBuUdFKS7OipvZkULc87bkOXg9/DEx6iIiopzEBIUoA5RWVKPliY4fPm0xGjLlgFDZ+/Q3qTp0O6l7jv+p/vKq6w+13lO0OGVjud8nFM1F7sg6vvvF2ROu35+/a88prbwYlDCVfbIz6ruZL7rsnJAkJF2d5RSXe/ccHWLxogdY1a/zYMQCAz9Z/oSV0n3y4Cqve+m8U5OdhyX33aC00gV2R/ONWAo+j0dYUNMtUtMwmE7IyM4JuiLhy1XshN0jsTOCd7f1d9gKnEW60NeF/3v8QadZULLxqHp57fnnQ+V+56j1kZWZo54eIiKinMAEhShCvvbESV197M66+9uag2aL8Jk4Yh8/Xb8TUwskhg8+vvmoevtmyrdOuVY8ve1orf0fZbm2MRZo1Fc8++Xvs2XcgaP/dGQvhTxhuveterYxD3x85p6v999x5mzZuZUfZ7rBx+rs0BSYSJpMR9//y51j7aQl+tuQ3IYOnG21NWL7i1bAtPu2P48HH/oB7774jZBB6d5lMRtx52y149x8faLGPvmDkObVGtI/11rvuxcgRBQCAxYsW4JabrvOOKfLtDwCWPf5Qp2N9iIiIYkHIGTpMjXcQRInC5XKhrrbmnMoo238YheNHxSiiNtHcJ6K/a38vDL/29w7pDM87UfzE4vs0IysbBoMhRhER9X0H9u0FAJSVlXV728LCQgCcBYuoz9i770CHMx9ReFMLJ2v3DIkWzzsREVH3sAsWUR/gv7dD4FgHir2/vbUyaNzEjrLdeOW1N3neiYiIuoEtIEQJbvmKV7U7kUfabYiikz5wYMj9TLrTXYuIiIiYgBAlvCX33dPt+2lQdBYvWhB0k0YiIiLqPnbBIiIiIiKiXsMEhIiIiIiIeg0TECIiIiIi6jVMQIh6mclogD3MTe6IiChydocTJiPv30GUiJiAEPUya4oFtjMt8Q6DiCih2c60wJpiiXcYRBQFJiBEvWxQWirOtLSipq6eLSFERN1kdzhRU1ePMy2tGJSWGu9wiCgKnIaXqJfp9ToUDM3G6cYmVFTVwuF0xTskIqKEYTIaYE2xoGBoNvR6VmOIElGf+uQmmc3weNxobW1Fk80Gh8MR75CIwtLrdcjOSEd2Rnq8QyEi6tdOnayNdwjUR5lMJqRarUhKSoJOp0er3R7vkM4bfSIBEQUBRoMBRw5/D1VV4x0OEREREfVzDocDjlpvgisIAkaMGAmHy8W6KvrAGBCzyYTmM004cuQwX1AiIiIiOu+oqoojRw7DfrYFZpMp3uHEXcInIFBV2Gy2eEdBRERERNSp+vp6gBfMEzsBGWA248iRw/EOg4iIiIgoIkeOHO73rSAJPQbE7XH38h4FAImStUYSqxD2kZowx0hERESxIXTyHOsFHYuubijLntiHkkASOgEZlD4IBn1874La0dtOaP9B1h721Ie4oy+O8NGFfaSGfTrmOjsD59fXn4r2ETkcnMGCiKgvyc/Ph8lk7mKt0N+D6NbpSiz209nzgb+kPfxj3+m+w8XQVe3A+3xHvZcEABDayvOu1xs1h+gSkNTUVFTX1MQ+nASR0AmILMswGo0IU90P0MWbIqIab/uV1OD3W/vPj/YBiPSDFZmovyramjYiLDGCWGPyvdWukLDfTaELY/EV32EMHQbjXU9RlJjtmYiI4s9gMMBkMgYsCfObH6Krdc6XMgLW0X48e+JqY4wq+p0UE9EeVDXg6IRzOMSev1Sqqv27PpHQCYjH42++OodOQxFsqCgyFEWBqqpBf4B3CmAIArz/ESGK3j/vGz9c4dG+qbs6yk62DbpcEJoURfX5PIfvGjXMv/xCYlHD/jOG1zQ6Kykw1fFfeWEzNBFRX6Kq7a+qd/Tb3dVFxdDfjC72HGUZXa0TGmtQ64Cq/aJFEGNv6yLJiqBVQwg4Nz3zkx2bQp39/CbECZ2AiGLPjKFXVRWy7E06vFe8fW8233+8yUbwh9v7BSZDUWQAAiRfIiJJUrt1A/4txPLqQ+Tis9fYiD59iw2ph95zREQUH5Io9q/v9pC6R/d7a/RM6hKYOHXQQ6Kzq5QhwtUKvN1XzsfUq79J6AREiHUFXvUObJc9cru3pxDuP53yJy+yLEOn00GnC3OqmYDEVK8cV189eURE/VXIRcX+5nw89p6K6Xw81v4psROQMP/qZKVOedxueDweb9ohdD6qpLtvX4/HA09AIqJtzwSk2+Ide2fvCyIiSjwChH6agJzPx8wEpK9L6AQkFl2wFFWFy+WEoqjesRxh1vFAQqtghh0muAQ93NDB5Tt1BnighxsG1QMzHBig2qGDHHZfsscDRVFgNBohdLCv3hGLPffPBsz++SNFRNR3CUJ/SUAiOcb2Y0vCbyP0SB2g64vJHY8cVTtbqTt7ol6S0AlIV18YXb0HFUWB0+kMW5YbEhoFK5oxAE5B32HZDkhwwBj0bjarTljQioHqGejRbp5nVYXT6YTRaOyxMSxd40cvWv3jR4qIqP/oPwlIe50dc7TT/J47WZYhSVI3t4pk6uJI1gteOxZ7pvD6dALSGY/HA7fbHdILyg0dTsOKRqRCFdpfCQjYd9ilXg4Y4YAR9UIqBuIMBqEppFXE5XTCYDCEHxvS4/hxiVb//JEiIuq7+m8CEk78z4N/uvvw9aNYTCEc22OM/xlLTAmdgHTVgtBRguDxeODxeHxfON63jhsSTqlWNArJUBFZy0RXt55RIaIeVjQgBelCMwajCTqhbd5nt8cDQRSg0+m18jo/ili9zdkFK1r8kSIi6lsEQYhjj4TzTSS/cWq7/0a6XSSlqt7fWQGQFTkgCRF8/9/BPjsMJbqEpauJfgPXYq0gOgmdgHQ1iDvcs4qi+Fo+2p5VVaBOTUMDUjrdtqN9tH+jhj4WcVpNhSKIGIIGiNp8voDb7YEkSRBFKYJ9nk8JSP/EBISIqG9hC0igaM9D7M6fIAiYMWMGdpXtgtPl9CUh4cZ3CGH/GYmuLqF2v3YZ+mz/vEwbuYROQLr7haGqKlxOV9B2HlXEUTUDre3GcbTbU7jSgp7t6DMRuGqDmgwHDBgu1AW1hLicLpjM5nYJlRpmxiUmIPHGHykior6FCUgsjj22CYjRaMSMmTPw7bdb4Xa5ILVrCelcT/QciaAsNcwa/flt1YX+k4CoaBtw7ntHKACOKr7kI7hgqKrarfdNV92x/FpVIyowGCOEOogBO3A5nd4kJKhMJiDnm/79I0VE1PcwAenusYer8cQ2AQEASZIwY0Yxtm7dCrfLHZCExEsU7SL9+W3VhXi/mudEFML12Qz/oXB5XFChQgio9Vd70kKTD22z6JKQcBG0d1Y1oVodiGFiY1vUqgqPxw2D3hBcWuCXYqza82LyRdtPP1X9+keKiKgPEgQIHAPSPSpiXj9RVRWK3NY7RIAAnaRDcXExtm3dBrfbA52u69mxVDUWHdojSbCE7jykdhI6AWl77wdm46EvuaqqkD2eoGdOyRbUK5ZIWtR65E1Ur1iQJLgxWDqrLfN4ZBj0Qsd13JgFwkHo0eIXChFR39I2HU1/cw5HHcMOGv6bNRsNBgzNz0NaWhr0er1Wpk6nw/Ti6di+vRROp7PL2UO7n1yEWyOSA1S7XIM6ltAJSNusFZ13gHI6Xd4rHL6avVsVUeWxAgIgqDpA9EBVVW8RooigtEPwJjBQVOhEHWTBA1FVoUCCoAKCIENRRagiILSNLfdFIwPwZuuCKkMRBQA6iIoCVVRRJaciTXJCHzAeRJY9MBgM6FlMQKLFmVKIiPoWURT7yXd7LKvI514HkGUZbo8bQ7KHYOiwoUhKSupwXZ1Oh4sumobS7aVwulydJyFdhhZJAtIeE5BYS+gEJLjPZgeT2KoqZNkTNJ6ixp0SkN26AUUC4IYkSJDVtixCEASoUCFKAnKHDEF1bTXg1kGWFG+SIalQFH+CEeaNqEoAVKgCoKgCBFmEJLghqzpAlaGIEuo8FuQazmjbeTzeBCSW/VFV74no5Fkh5LF395HFoAaUnYj9aNX2r10nx5CIx3c+2Vm2Cy++9DL+73PPwmq1xjscIqJ+NAbk/DlGl8sFo8mIomlFMJlMEW0jSRKKphWhtHQHXF0lITEXQbeucNWs8+eUn3f6SALS8Svs8bh9rR/ex05FwinZl2WrKlRRgOSRMSbTgPIawGn2VsFVqFAVFYIK5I3Mx8nqRgwxAMfdMubnZGJv4xnUnnVgkKogKTUVx1tsgBp8BUUQRQhQoACAKGFUsh46swHf1dmhKjIkAaiTByALre1aQRTo9b5p5wLf0ar/WFVfPtFRstDuee/oFyiK92aIoij5Dl+FosgQRRGCIPoeKxBFAYIg+b6UOzz7WsXdm+T5yxFCvswD1+sufzntfxw6K7OjbcJRVVU7bgBBx9BZPOfq4zVr8cennwlaNn/eXDzy0IMRfxkTEdG5431Auk8Nd+0ywtq2y+VEWloaJkyc0O3fVEmSMHnyJHz77VboJB1EMXT7rmsakYwROfcxINS5hP7ECaLo+xPC/HmXy4ocVCk+4bag7V0iQICM8dmpuHb2eKhul7dCqiiA6p0GVxJEnK48jsuHfI9h6Q3ITE5C8bQMmHQCss06/OyGiTALMlQl9FQqkCErCkRZgnrmLK6/bBSsRgmqKgMQIXsUKIKAao8lKHZZkSGIAkRRgCgE/Imi78MmQFUVyLIC/017vF+g/oqzoCUF/gq6oqRjxIXTML1oNDIVBaqqwj18ImbOmolJw91QFAWejDGYNmsGisYOhqoqvnLFDv7avrC92830bacGne/AyryiKFpF3zvo3ns3erfbDZfbBZfbpT12u91a/J2VJ8uyVo7H44HiO7Zw23T0pyiZGDNtBmZMG4NMRely/ViZP28uNm4owdbNm7BxQwkA4KlnnoXD4YjZPoiIqHPd+b1I7L+Ofs+7/yeKYtj6SVd/brcbKakpUSUfgLfb1t69+2A0GCFJUgexdR1H+Hpj+zqk2K6eGW5Z21/Q+fCf8y72058ldAuI2EULiKoCqqIGrAe0yMHjK0RVgNng/SBBFAPGsgtaIf865ggc8GBb5QiMSNdDFUQoigKzXgc9BKiCf8pctV3ZEhTJA3gUQNVDr/OVL3ggqHqoogiobjQrwV2uVH8l2NsPLOCA/CHJGDRmKkZYVTSVb8fhekPAVQDVl1xMwMWZSWg9+Q32HtVDELx9KL1fEt4zpgQUrEKFgsBWBd8HpMMviLYWEEWLy1ui4GtF8J8/FYDHPQyTZmZgQGsttuw6iqxx01Bg7frt11q3BQcqfedHEABVhaKqkBUFA3JHoSAzFQP0/lkx3HA2N+D4kSNocBsgiaL3ndHRMfhiUwNeN9W3vra/9kfdQ1fJTCYTfnLnHVj25FOora1Ffn5+j+yHiIiC+SuU/U+kc3eGEcUsWG63G0ajARMnTowq+VAUBWVlu3xd1fUdhxaDWbDUKFpA2h9S/04vupbQCYgQdhreNh7Z43sHeN8GdlmCU9V5WzdEXysB9IDorXSLEJAEQIUedqcbqlFBrlnAdyez0ODIxGnXGRT4ixNUX6uH5C1PkCBIdijyAJgFN6AIcKkKFFWErFMheEQoEHyVfgmqqPg+sCKcigCHooNZlLXYFVnx9m/suO7s+0fAlHUB734l4HlBECBJjTi8cxsAQJR0EJTgD1fIl4EvqRJ8Hbi8/1N9Twm+58NtJ4QsF1Q1IF7v6Bt7Yz1OuUWtC5Q4YBAGW4Czp0/hrCxqY3Dczbq2hEbwNoqqsowB+RMxLisJktuOpvozcHoESEmpsCZnYuQkC+oO7MYxp+8qBdrGwQTNleaPtX1jq6pCFQTvuB7fOv5vlp78QrFarRAEAQ2NNuTnh3bTevThh3DNooXa4xdfXoG331mpPX5p+QuYUnghHA4HnnrmWXxesh4AkJWZib/8+U9oaLSFjL/4eM1afLT6n0HLXnx5BYYNHartq30ct/3brfj3n98XFIff2++sDIozMMbx48bhX2+5OTYni4goRgShv4/vi/LYu7GZv1dG4ZTCTru7KYoCj8cDvd4QVKGXZRm7ynbD4/bAoO84+eg5nYwN7cUo+pIET0A6f9nbt340etrf80MAVDskNQWqKOIniy7AgCQ9ZMWDmtqz+HvpMVTaVYzKycO107Ow7x874VZFCHLAdFfaIG439Gf1uP7yXGRbDRBVEaftDqzeVIkGWYQonA2KRYsR3op9g2xArq6t642qqr4PaUDV2F8JDixHaOu/KghC0HiGwPMU2H1IFEQoghLwofE1GaKtki0Kba0YqhLcncub0EgB5fpL8Tc7itqxqhAgCGrQF4koinDUV+FYPaAo3q5Y6WMHYjAAt+17HD1t1MoXRT0kX7cz/xlTlCwMG5wESW7C8bK9OKF4W4BkWYGQMxZFw1IwKC8blQfrIYjeZE1WZChyW/csURQhSaIvWQooXVHg8cgQBN94GUmCTpLQ8+kHYLPZoKoqBqZZYbPZYLfbsXXzJgBARUUFfv2b3yEnJwdTCi/Ex2vW4uTJk9i4oQQmkwk7y3Zp5bz2+hvIzMzUtt3wxZcAgILh3laV8qMVWqKyvbQU+w8c0JbZbDbs3FmGGcXFALwJxM6dZfh07cewWq1acrP0P/8QNF7l7XdW4qXlL4QkJoEx+o8hPT29R88jEVF3+H+7+q4eODbBW3tpe9z5PlwuF/Ly82A2td1wWYWK1rOtsDXZUHeyDi1nz2plFk8v9k7FC+/F5N27dkc8S6gQdjR4m0iGo4YeTmA9pO0IAv8TuGaYxdROQicg4QYfBWp/VaPFowsYvAwAKgTRCNWjAoICu92OfUcakTskCcPz0zCttgXbK89gZOYAQBIARYQouqD6WipUwd86IMAgC7h9wQhYBxiw81AjZNmF6eOH4F8uzcfLnx+CohfDNOlBa6FpVfQQBWe7+MO94X3LtcViyMBpQRAC7rLuH+cwGBdMHQYrbDi28wjq/Ff2tXXEtg9cQFmqqkJIycYFwwbDavK+XRR3KxqOHURFg7+rWOB2om8siuhbpEJVA7pkwV/512kJkyD4u9OpEEQd9Ho9JElC6AB7FYoiADBBJwE424oqWQejQQdRlKDTKXDXNKE5y4IUQwoGCQ1oVFV4xBTkjMhFhtUE79eZG64zp3Hsh+NoknUBsanQ543D5Kw0mPUAIMNhq8Wx72twVq+DANU37ib2bDYbnvjj05g6dYrW/eqmG2/Qns/KysKkSRNRXV2NKYUX4tjx48jMzNQSgCmFFwIAHA4HTp48iWlFRdq2c664XPv3lCmFWhm1tbVoaWnB/HlztWU2mw2pqSkoGJ6PiooK7NixE0sfe0RrHemoq9j8eXMxbuwYbT+B2/pjzM/Px9LHH8OLL73cE6eQiCgq/rED1F2RJzaKoiBnSA78tzawNdpw9OhRuFwuSJIESZJgGTAAAGB32LX6vuyRsXv3bsiyAoPBGL4e1V4XXbC6SlCASO8D4i8vZOO2LfpyXnuOEjoB6eoLw9uDpu3Vd6nt1xegqiJUHSCqCt5ZUwHnQAnGozr87sY0TM6zovToaag6fycdEYIqQBG8M1QJvg+SoAoYkZGCTKsF7354CKfggqDTo+zQfvyfm8aiKC8Nu/c2QOjkQ+EOqqT7Yg+bYAlat6K2ddvGbmg9ndpOkrfrkv8+J771vN2a2tYJbMnwLvI+cCflYuLIwUiSHbCdboRLkTAgbSBSRawRAAAgAElEQVQGjZgAnboTR2z6dq0bbUmId18CRDGgBUTw9rf1D1hTFG9LT2AS45+TvX0Ll7csQJKckGUAAwZizOAqHGnwTzQgwmCoR/neU96iJAmyJwl5YwuQmaTCdeY0TjlUCKZUpKVko2C0iMP7jsHm340+FUOGKnA21KHOo4M5NRXJ1hzk5jXiYJUbKlQYswrCvn7R+LxkvdZNCgjtYmWz2fDbBx7E/gMHtGX+xGLhgqvw69/8DiUl6/GXP/9JSwRMJhN+vHgxfrHklyFdqwBg2NCh2F5ainlz56Ch0YYRI0ZgRnExPlq9GvPmzsHeffsxYsQIWK1WlB+tQG5uDrKysoLizsrKQm5ujtZVDEBQMgQADY22sNsSEZ1v/AOT+67YH5uKcBfjwu9HlmWkD0qHpJPgdruxf/8BuN0u6HR6mMxtLSL+pgnRV7eTZW/yociq1vIRiyMJTS5CRTULVheLKVhCJyBd8Q+m9nOHzFSlAoILgOi9F0iSt77ulO2QFUCnl6BAADwuCKp3XIIKGZKv41RArRkDkiSIqgc3LR4JBQJ08L3JBWCQZQBkQxNUyAjha4lxycGtHd6Jc8O/i4OSD8UDl9sFUZa0sQ6yLENW262v5R9qmHLCDzaXZTPy8wYjSbTj1IGdOHrW+wXgqlMxdUI6rFlDodSfCIkusNXCe6WhXXIDaOv4nw96Vmv5CY7Ju40Ine40jhxLxsThqUgbOQ2FrTbYGk7j1OkGtHokrfuWoqjwZGZjUJIIj+0H7DpUD0nSQVEq0DhqMkalpSM7sxK2Gv8eFLT8sAvfN3jPvNM0HFMmpiMpeRBkpQqqkomstNj1Pe1s2l3/uIv24zr88vPz8dEH72Nn2S7cfOtt2jiP/Px8TCm8EFs3b8LHa9biqoXXYPy4cVoiMnHCeHz40WrU1tbi261bMaO4GAXD89HS0oKjFRXYXlqKHy9eHLNjJCJKDKw1dkdH9ZNwFFlGZkYmmpubceDAd9Dr9TDow3SlCrxg7HTh+++/h6IoQQPOIxlg3lVoghpBO0pInShcoR2Uwr5XEUnoBCSSebtDWkB8A4v9/xU9qvfNKCoQFQGCKkCFDgaPb7yDKnhTDhEQZA8gSJBVEVAFiLICVRAhiIDD5YSqStiw/jia9G5AVIBWFYJOQr3sgKKqEFXRN8uSBwIM3isIircLlyug1QCAN78J6moFbZ7ttmPSwzryEhSP7PQMwD9trn8cg392K60c37/b2iG8qYyiT4clCUDzaRxuEqDT++KynUarMx1m0wBkAjgRuK8OW0AC0h1tGl8BiuKbyi7g9RKFwCmFg6mqAEHQwWOrwP7DmRiWMwgDk6wYlGTFoFzA09qI08cOo9ZugKqqGJo2ABKcsNWdgtFohiRJUFQVLafqUKckQVH1befd3QJbPWA0GgAIUO1n4XSnw+yLTsm1wiSe7exkx4R/bMajDz+kda3qyJTCC7FxQwmeeuZZ7N23P2j2rGsWLcTsi2fhtw88qI3x8Lde/FB+FCdPnkTB8HxYrVaMGDECJ054MzH/WJGBaVZUVVWHzMpVW1uLqqpqDEzr/EaCe/bsDdm2urq62+eDiKgn+X+P+q4eaAFRlbD1k3AURYHD6UDloUoYjaZO6m6+FhBRxL79+6CTdCFjPiIZqtPlGA8hkvSJLSA9LaE7PUYy73XQ3M8hbygVCiTIggBVEb3T9qoKIKhQRMU7Ma0ASKIegqJ6K86q3nvSREARdZBUFQoUVNY7YZc9uPyKLEiCBI9LxKUX5eDywkzUn3FAkAWoggBJUCEIBgiKDEEV2+4z6E+MfH/e+4CEn2dbEPypgozW+jqcOnUap0+3/Z06dQonm5y+cyRqc177GxX8c3i3pRv+QezaiQUgQLUaYACA5KGYOWsmLrpoGi6aPg2zLh6NdN94/qBEoV3yIAT9W2sTCXleDOz+FdHrKUKv10Gyn8KxQ/uwY88h/FDdgDMOD3RJaci64EIMS3NCUWTv1MeQ4WnSaf1MdZIEg6sJJ6urceqMzhePL37fOpLkHaTe9kWiQtXr4J/wtyeZTCZkZmbi2PHj2rKS9RuCumv94733YbPZQrZ1OBz4n/fe7/BeIiaTCdOKivDo40uRmZmpdc8aNnQoHn18qbYO4G1lmTp1Cp7449PavhwOB/72xptBY1XCGTd2DCZNmoi/vfGmFktFRQVe+9vr3TkVREQ9Lv735+jJP7FHyu3OfUAEQUTV8WqYTGbodFIn9+YQtbqKXq+HwWgIvS9HRPco6eI+IJEcYxf3/IjoL4L99Gd9ugVEkqSgGaGMoopW2feC+7pn6UQBEhwQAQhQANUEATIkQYIAA6DqoUpub4coERAkEaogQ6cqUCADqghBdOOsG3jx/b34+Q2T8OPLcyCqIgTo8Obag1D0BqiCAkHwQBb1UBUB8Hi89wHxKIAkwiAFz9glit5uRAh8g/quMGgVZijwnClHtc2kre+d6s4De84YZKZ61/e3Kvi1vfm1BfDvStD235aQyGfr0dCqhswSIiitcOp1EAO2C/xy8p5mNeAGim3r+Md5KL57nvie8R1fR2NA2u5a7r1ju+i7OiLD3nACP5yshJQ+EuPykjEwIx/H644FBBv8offPhuWNL/TcAPC+3v7zEThIvxfcesvN+O0DD6J41mwAwP2//hXmz5urPX/q9GlctfAa7bF//IjD4cD+/fvx/F/+S3vO343Lb+KE8cjKzNRmugpcNq2oKKhL2L///D68+PKKsPvqjMlkwiMPPYinnnkWl82ZB8Db5ew/fvdbvPb6G909HUREPcb/m9N39VQLSGj9JByz2eyrY3R+jgXfrKJGg9F7G4J2z3r/E8EA8q66aQldnxE15FEU5zCC/fRnQs7QYQnbW62ocEqnz589exay7NEe76w3o8kl+T40/jEcKsyihAGiDvUej3eGK0FCmlGCLCtoVlRYdAaIihNNEKCTBSTpBJyVVUDSI1VR0AwBbigQFAcE6DHImARJceOkA1AlJyRZgscApECAS/bAoQiQ4P2Q+FtdrAYZheltV611kg4DBiSFbeJ0uZyw5I3F8FTgTOUuHDvjvaoACNodxluzR2D6YDPsp7bh+xNmKPJADJ+UCytsqNpTgQZJgn3ISG2dQ9UmuNMKUJiXDDRVYF95E+SkPIwfbYWppQZ7vqsGDAbfF4jqG8guQIAAe+owFA5LAZoq8F1lM/R6fVACoigK7I4MjJmSjv+fvTePsuQoD3x/EZl3q733VrekbklISICEWiAQi8ZgJI5AZgA/208MtuHZgz228Xk+2H54xmPOzHnH25mZd947YwzPz8YwgMGAbbCQYSzAbMIYRLdA6lZLIHW3el/r1n6XzIj3Ry43777UrVt1b32/OllVNzMyIjJuZkZ88S0xtnyeH/zwPOl0OhZAyuUyk/tuYf80LDz3GCcXxmI/jiRRHPHsVdezfyZN4dIhnj1feVF5vkdhZZrnHbgmiPZ16Ef4N93OddMes0ef4IwXmGBZa/F1lomcxhbnyS9uidvm9OPHmc8E6p1icYrrbt3LdOkCh46extt9I3v1Iv/jwzKAFgRBGBVe+9rXsmVmy3pXYx3pfpjcjQlWF7m2OKY6SBOm6MOoti8CSAdnPXroYE/5rjdHnngcgEOHDnV97oEDB4Ah14C0U185jsYkHM8zOg4DVZHctUOhXKQIQTheXNCWWeuhlcZqh0VTRps0CoOvYMGUsD7gGWa1Ah15TaTAVVwsLoENwrZa5eA54JQMC74FxwFTwlcuypr4Jq/VgDhOgxmZqMoJ7YTSKk4bzehbqxO2dYH2w8Z+FhVTpoS+pWaGP8hTrcyzXJohO7GNa7df5MRcsFi8MTC+9xpmli5wdt6rOKOppPYiGYa3etX6alVpqMmKDydVqbVO6IHgM7/sYbZmGZvaR/bkSQoE94LxDWZygqwLFAwl1yVfKLFveozx3VsoH18MVnz3Ddlrr2f/lhRLZx4nv5RoG63RjhPeGtF1Bdo0dWGelZ2jPEsmCIKw+VBIGN5uqWuvvkz1d+CZ0ckq523VG+2d0Kvz6PHihnZ6fzCMtAASmCVVNCCTacOFQkKStYDn87Lr93DjnnF2bZ8gm1Ysrnj8P393GDsRiBW2bPBdEzio2xJYl5u3Z7n1ut185uBJrFlBO+OBz0jZR1kX6xax2uDYcaxdwC86/OobX8if/sNhyLqoaCF0DKCYTFU7ascmWE2uuyIrVNt3Rsd1RUJBa1310EZ2lJU0kZlWXABaOzjuEmfOLzB1zSQz+24mNb9AwQcnO8nUeBqTWWFufpZSoppJm9PqfZW8VWwXqgBdcz2t7SO1dkjlz3Jmaj/XTm3neS+eYHFxiaIPyh1jYjJHGo+Fi2copdNkzl/g8tS17Ji5jhfckGehZFHpCWYmM5iVS1y87IQLHcYFxOVqVRFMtOPgqjyX5scbfieCIAjCcCL2+ENANJgf1Ne0mnIGXdchZagFkHY2m6lUinK5HH/embM8MxdoDaIF8CwK7ZVZLnn82d8+yb+9/3n8xYNHYQysr7hx1ySvvm4n/3D4GK6veN2Ln0d+ocgz5+bYsyXDL7xiNw8dusy5xWVede0UN1y7le88eZGjcz63b5/gwA1X8fizZ3j0mfmgEgbw/TAOdai1MLArZ6pegBUzpqQIHRx3HAc3NCNTOnCuTmpAHMfBDZtG6WhRv0gromNH61ScJo3rOlgdCTAVR2x/8TRPn9zFvl2TjM9sYxzAK7F85TnOnl3ES7mknOi8qC6Vl3m0dofrhk7vSuNW1bf2elIJjU7tN6oIVlW3LJ48zrFtO9i5dYKxmW1MhI3rlZaYPX+K84suqZSD65Y4/9xpzJ6dbJvcSrAGt0dx4TwXzlykmErh+tVtE91XTk2dHdfBXDpbWylBEARhiBn9dUDa0cu116yE3ofRdrRAdMP8VMO9rTJqfjg56dksTcsjrc8WWbYzhloAaTdjkU6nKRQK8UJ9E2kYS1lW/ODBsSiUctDaoq1l2fMoKcVS2UP5GfBLvOFFOzly7ALzix7/5lXXcfDJK2SnLemUZXmlzNefvMjbXnUd//Prx7n1+u18/YlLvOLW3Vz62nHuvm0PD3/nBC+95Sq+98QVUtZDGY2N6m0t1sB4yjKRDhywg+sK6h4kq79G13VZPPMMR43BcbJox0HFa20oHEeRu3iSJ8/7OHoM19U4ziKnf/hUcH4mQ0opnEunOHreR+sc6bTGXTrHj570wyhTqdBUy8GsXOa5H50PbD7DdnccB53O4CrQi9F5CteNwtpWrkUpyGQuceLJ8yilEsJVIFC4boqlM89w1FgcJxuYfynV8NqD/CxaG8pzF3nuyjmsNYkgYhrXdUilKhokx5bInz7BFePHzufByum5oB2cJc786OmgbdJpnFAAUalFzvxoLqxzGq0V6VT/1gERBEEQNgCh5l7olv6OtJuNeZJ05N/RZmzYyTogSZP0rgUtMb3qiKEWQDqJWuGmXLxyxQxre9by3EI4WjUWrX1862CNBevjanB1mrLxIe3w8GNneO3Nezi+bHDTDo9dXGRszuParePMr5T54eUljA/jToZjlwocOZNn3+5JrppIMz+7wtGz80xl0+zfPYPvEES9sg5JKXpnrtr/w3XdivajgZOX46jEtauqh1aFjvVaK1Lx16vCfJ0wjY7bL3LgDoQKqj5XaVRcNxbkkqZeAI5ja86r/g6sDbQKjhOlSQqP0ermCa+VttMHgfbIcSzW1t/C9ep0HTufN0qjtY3bpvb6HMep2jfakVIEQRA2H1H4+M3L8Dihq46iYLVJ0LUGpI1A03aH0IihFkDa30KQTqXxvcoK5PunDKcWwOCAAt+mcB2D67j4OvDHKFsf3GUojPOK23YyOQFbjqV58nie337Ljbg2xVcfO4XRKhAmrOHghcu8+8f3c9u+LZyZXeR/Xlrix2du4L0/cwfzyyU+/Dc/wPev5s5btvGdk3OgPJRxUcB10wmneCLtRzN9Y6AZaD1Gb328G1vX5mk7nxHoZFajF/vb/lxH82ON9oudsCAIwmghPiC9XLtap5F3H8roSIvSxRhHNB49MdRheO9+5avapjHGMj8/T/KOe+qK4ticAhWEdMqmNEq5rHg+UylY8DUKg1GarIaplOaCr8Evsy2XYm6lgMbBdQzLKs20KbFoUthSgZ3jKc4ve6AVtuyzYzrHpYUiOC6aMimlKJBC+z5G+Vw/rXj+1uTMPExNTSc0Cf21sexvPqtjGN/3l69c5gtf+MJ6V0MQBEHoE2+47w1s3bptvasxZKy1D0gtXeTfzgeks0xalKtq0nRztJpvfOuRjmqz0ZAwvB2MYB1Hkctlq1aGvmEGTs5ZPCwaQ8FT4BgwPgu+BlMOtRuKggelsgWngFKaKwtllOvgASVPo2yZOa3AeGg3w7miQWkHiwVXcWnRB2WxysO3Dr7VKEoYHFxluWFL9cxLNpuNzXwaOWH3h40x8h9GAaQTrZsgCIIwRGx6DUg/aNx+wVpnkfl2kK63pl6v76eVANLkjLWYNx5BRl4AAchmc5RK5diJOu3CC3dYvn9BYawGDNozGOtjvQzKcQInJVMG5WB0CeW74DpYpww+oIK1Mww2cCy3RYwtgM0EkZq0xqCwqRJ4YVrP4igf8PEdza3bFWmncg1KKXK5XOJz3RWvqr36mc9mfVdLJyUIgjBaKDafABIIBTZcO6z6WNIPsvN2qU8X5Gswxg8jXuqqKJnd5re+NA6M0yxl4w9Ckk0hgCgFuVyWlZWVeN/V04qFkuHErMU3FqMdNCrQfthwYTydQuFjjRtoNPwyoLBKg7UYyoGfuDJYmw4XHvQwjgu+Fwgp5RTGGowCrQw+CkfluGGyzN4pp6qeuVyuxsm5Ubi3PggPq86hX5kMH5utkxIEQRh1dHLtrE2Cbwye7+H7fkOLJa00bioIrR+s1VXdPjZcw6ya2s8G39dM7NzNlLPM/NlZCvEaZ418LJNjnmYalQ4Mm/oQBas+jxZ51glw7TIXYMgFkG4iEmWzWTzfq4qIdctOyK9YriwDxmBU6BcSG/B54XodybvLgvGDO8wG5RsL4IepNPgWcEIhJdC64AeromMN23Iet+zUVQ+067pV2g8IzX2SurwOVgDtiH5ks0mfMLWpI6UIgiCMHkqrTfduN2XD1O5rmE43S+FTuHyK2WJgwRFoS4IjSkXjk+CztRYssZVJxaQtiFiZcjSOm8KNAnuGvh42kWG7WDVJuaOREFI1OWiDzxbb0JXDQlVUz+S5gUYo2KJrVET3R20Fk6ZldbvbXtNmZ6gFkG7s8ZVSTIxPsLCwgDEmPv8lVyu+ccyn4EG8mARU/KuUBa2CY4boyQvTJgqw4T5HBxKJDc8zNlxdG6znk0trXrJHV822aK2ZnJysm12vv3lFAFl/Nut1C4IgjChq82m3TWx6ZSkuzFO04TjFWlR6ksks2HDtLN/4+L6Jx05BWH0Vh883xqdc9iqDelQc5t/RHpdOHeeCMWQyGVyl8I2P53lVgkQlVL/FGIPWGq2D8Pm+72GMwdFOYFFiLLVh9YP0CmMtWgWLGVtr8bxg0tl13HgRas/z4mtxdLDwstIKYwy+5wVtQ0VASbkpXMehWf9fFwVrc91KPTPcAkiXMxYODpMTk8wvzMf7cinF625UPHHW50Q+FBxiiTnM3zfEK+pFx5WqD3GQPDcUSJTWWD/Qjly71eG2XRon8aJTCqYmJ+PF76ovMP6V+NwPxAekVzabml4QBGHUUehNtxBhRUPh469cZL4YmICXPY/M9gkmCQ4bY/FSE+zcMc5YKjAbN+VlFi9fYNkE6pPC5A6um6xZpNcskz91hUUFW/fuZypdYunEeeaUT3GqQXpKLB47y2W1nav2j+OuXObspQKen2X71bsZdw0rF69gt25nzKGe0jzPzKe4bnsOf+EY52fTlJniqn2TZCmxePwcecfBpKfYsWuCnBv05X5xnvyFWVY8F5OZZOdVk2SdZD/vU7h8kgU/06IxO293ocJwCyA9DAbdlMv4+DjLy8uVfUpx+17NdM7n8bOR2RU1woalSv/YyA4xDOsb/E9FJak1t+/W7N9S+4JTTEyMx4v41efX9eV1iAggtXSqTdN96qTKZY9Ls3Pk5xcpFEt9yVMQBGEzkM2kmZmaYPuWaVKp1Q9jNs86IMnJTx3349pxSKVSaB2M7JNzu56XYcdVU4y5HqXFOQpkGZ8YY2r7dryzV1jROrA6B7zlPEtll+zUBJlw/GOVrszLWoO1kfl5qHkxCndsirGUDY+Hqa2h7JVxtu5g3IVgQFVgZWkRH4txc0yPuXjLc6z4Gu0XwabCuV+fslcmt2ucbJAZ1vMp62l275gkh8fK/DJld4yJsSm2bi9x7Ixl554pso5PYX6JorXo7CSTmaDem+P+GCybTgCBwB9EKcXy8nKVEuO6bS47xjU/uuTzXD50zArdMKpsFa0N3TFiZ5HwWPQxMOXSSnH1lOLGbZqpbM3AVSnGx8bIpNdDqhYBpJaOzfn6cN3lssezJ88yNTHG/qt3k8u2uAcEQRCEKlYKRfLzizx78izXX3PVqoWQzSmAhJGuQj8NFZot6dBkXBFYeXgzE4y54C9d5NzlMjDHstrDVeNjjE9eYHkxFedjyue5cH4reyYmw4F/VKJCJUZb42641lrhApfmHbZePc14lFYRTgIbPKbZOZWpuKXrIoX5eZaNYXk6wzQKUz5Hfm4cR2tUNtTqWEM5tZ2945GqJBBuvMksOa0oL5zl/GUDrKCv3sVEZpwp45FywS7PcvrCPErB2O5AAEm2l9A/hlwA6X02OpvN4bopFhcXMAltxmTO4cA1DjfvNjx9tsRzVzyUcvGsCbUbCuuEtpJ+sMK6cgKHc4tFaQcHw74tLjfucMml69f00EozMTGBm6pVQdYS+pn0y/k8pD/P0Wg9jJ22ST9eQpdm55iaGOOqnbLwlSAIQrfkspl44ubS7Nyq36VKg94UTuhJ31MV7wp8KFQcIrcSAMcynnbRylAqF8hkxgBYKnsYlcVJZcD6TLgalI8pp0in3bg/DbQs8YdgzJb8rFO4KSfYFZm5RzKEtYztmGJcF1hYdJmcUKAcUq6LsRZXB6KT0ilSKTcQoGIfXsX2HeNk/EUWyhNMZoO005kUCg+/WCabHUcpzfyFs8xZi5eaZAKFyowzncozW6LKD6Rx39/mnhnaZb4Hw5ALIA33dnx+KpVienqGhcUF/FCYiBhLO9y+L8ft++DKgsepOUV+yadUNpTKHmUT+HeksbjaI51y2DaRYu+My9aJ+maNauW4LpOTk8GDokI7rYZ1T4Sj67PkLQJIPYMUQPLzi+y/eveq8xEEQdjMzExNcPzUudULIJtmHZCkT2lC7x8OsGsH2sHn8LzEscpfB2s90jpYT81ap8H5yXJIDHl8TMEJNBfJ9KFORtlxto67eAvnWVC7mSQUaLRGG5NwkVXocH/squvsZiqrKcyepTx2Y6X+USXCegWRVANHd6UWuTKXYdf0GDv23ciO+Co8iGvVe3ML9Qy5ALL6b9dxNNPT0xQLBVYKBWzkw5Fg26TLtsnmTdVJLbSjyWZzZLPZeF99/VWT/ztnYPf7gF7WG61P6Mc9VyiWxOxKEARhleSymb740AUz9V1YVHSyFsWGoXGfVT/6qAgXCT0JKyUfO+7ipnKU58sAjE06aCyl0jKeP00uo8FfYWUxsfQAYUjbqvi3Ft+45FwHCNZcq1pOIQzuYwFncoqcKZC/XMDZUTmulMLGghGx5iTZN2enpqC8yOxlTTq07VJas1D22KkyuJkUpaUSWqeY3LaNMV1i4VKe2XyB8lQG15vn3MUl3C072T6mEoKY0E+GWwBp9GD1KKTmcoFwsLKyQqFY7PoF06xYpRTZbJZsLlcfZrebhW5WWY++IwKIIAiCMAKMtg9I4+vSCSf0yFSqsoX7HYf0YoHCVIbc+HZ2skyRDGPjLvjLLK1Ms23PDGMaTMmS2r6dbWiCIFIumZkxyvMrlX7cjjO1c4qJNFAqU0il0PHqByrQbiRWOCgvX2FBZ8hF1iJhPbVWJPQmwTouVUKCobB4hWI6QzTVp12X9FKRlakMufGr2MEyZSfHxFgKCssUjWbrrily2mdl/jIlzyUWjZKmZELfGG4BpNENsYp7RCnF+Pg4uVyOUqlEuVym7JW7tuNTSuG6LulUmnQmHUROalTVjgWQ+OltX3bVf2s4S7NJBRBRqQqCIIwWSo3y5FLj63IcJ4x2pVDaRdtgwUFHJ/Y7KTKZMrOzSzCdIzc+SRow5RUWZi+xmNnJ1dkwclZ6gqmqRQ0zjE34FOeWK2ZcOsv4WBplSyzPL+C4WZQxifIc3Ei08FdYnlNkMhmC5UYUWqdCQcPBDX1YlE7hhNG7UuG6JJSWWFpJk0qrUBjSKNcl4xTJX1lCzYyRm5wih8UU58lfWcJMbGUyp7DFJRZKOTIZnSjD7c0ES2iJCCANcByHXC5HLpfDAl65HCxc4/sYGyySk1yQJ7ml3BRuqsHN2rCqtWnaVb79xakG/60JA3oWN1qnIC8hQRCEEUN1O9k1bP1AfX1TqRSluStcshbXyeG4gf+Gq1z8pXkuLxgcZ4xMWpMyHkv5WRaiRZyVAnI44QDdX77AmUtFXDcF1lIqZdhx7VbGUDiuS2H2EgVr0WOalfMroBSuO4argxC9xbkrFKzFyebIUmDuwhKgcHM50krhL+a5NG9x3AyuGwgZY4UFLi75OM4YrhsIIMpb4sqFueDcTJaMgsLcZVaMxclmSSmFa0vMX1ombxOLKqazZM0yV84vBG2QzaIAf2GWC3MGx82RcoftO9/4iADSrgwgnU6TTqdbpFGVxO3S1Gbe5wpXl9O55qTLQoI/G0w4GASb8ZoFQRBGma6d0DtJuqHcROor7DhO7H+houhTyf220qL5VqEAACAASURBVN85joPrunFUKADf9/CdcMThpBkbc3DdFNZaXLeiRXHcFOlUKnQSV/EyBZGviYVqPxAsKTdVqReBry62+jvSKlhpPfndRauvByWH54bakeS5jnaq1puOjrmuW3FWVwodRjgdbRO99WOoBZDGL4E1iFTQ4kWSlCFazo7XHUqmbvem6kSQaCUE9VnIGcHnsNOXi7yEBEEQRou1GGBuKPmjAXG43SbH6vZVOZMH44Ccv0z+8gJaa9LpdLCQobVobVienWUZcDMZXN3chyIa7IfZ0qjlasumicAYhA+mSlBqdI2OcqpLaTI/3PE9sdG/7A3KUAsgPcVl7jBJx3VI5NedABKlt40Ptju5WZqGSfutAVHNixpSOjWtEhMsQRCEESMOi9/HLDfMqHQN+ixF4DOiU6HGobJ+iFUKVymcKu1KP3rONex7+2xMs0a2JyPH5hRAui6os0MtpeVOfEB6qUBtmkGMjzexADJSFy0IgiCMuInN2lyXQhMsVhhiE+OCNWnLLvLs1KikxX7VjfRQ687bxambGRFAOimnw0TdakBqD7QvpxvtTqRd6fC8bujLbMbGomMNyMh2UoIgCJuT0Y6C1Qk9Xrtq+qEP9C+/RrJEbe6WarmpH6Vv5juqE4ZaAGn09bb6wm3Pz9jqzbo6FWJWj6r52yBFH8oZmAgiT7AgCIKwxvS9q+lDRzu49Q578Z2tMR/vx7jCts+ok3Fc3fikg4asy7eTcsTGalUMtQDS2Amp1QldZJ64sTqaGdlwAkjzDEUA6Z3NPUsmCIIwenQdBWvk6OXaB91ea+tZUfv1d2H4LvTIcAsgDXe2mPkP/1rVgeTazZ2lOkjesF61leiDm9agJJ2ByR8b6xHfaPURBEEQVotiIw4n1QaeYre18XM60F60pep6a7UYDfc2pK7VOhgYqZrMO2r6jXfLDBVDLYA0vamajfVbKQca3GyxMVNHovCghIe2uQyknM2qAdlw9REEQRBWxRoEweoLtle78a7pvpxAY1RlKrLqWgTX2yQyqKr7p3ndagd0HQgTYoI1eIZaAOlqIcIOTBWb7u+7ANLYObw/KuC1F0A6WXhxI9FPYWlzq+kFQRBGD600WlUWw7MbJIBqJ91Nf/xE+mGCtZq+sU6VQnUgnU6WK1gdYoI1eIZbAEn8X6X9aySXrMrkavUOHo0HrmtggtXHVO1OHxpzpH5Wc0guWRAEQeiQWgusgWkeVs96rTdiw9KrWZ0QopKO7baxbXtnAletNNH+JDHBGjy6fZINjKpsKrpXlao+UJWgskU/8TFU059G2VVtEMcRb7ZVaG7j2K6Y6k01rkrNdTbaOkjSeuu0XTbI1vyb7e1nvZjNz/FL734Pb3zrA/zJB/+86tjnPv8F3vjWB3jg59/Fs8dPyDlreI4gCKNH1Vt+tX3kALf1KriunZqMSTrbop5VJb+Qxt+Tov14q4cxQN3YsdM2GNLxxEZgqAWQdjdh6xs0vIEa7Gt0rO3W7mcVdZVtA23r+ML4+Cc/zanTZwD45rf+JR4wP3v8BJ/41N8CML+wwD988WE5Z43OEQRh9Fj3fmXotgG0WbNxUyc/NefQwdZLHTvJt+22iRlqE6xGX17HX2etoN3iRNUuV9UqXRS6QSUSN9OCNCtHNUkRferOEawf93zbNuksk+FjGOssCIIgtKZqTLD6F/2g1vBo35/bvkSurfOLUZG2IPq8+jKq1gGpGphVMre1tlENAwjVVGaNvMW7HUsNbl2X4WCoNSCCsJl4+wM/zdV79wDw6le+nOv37wPg+v37eNvP/CQAU5OTvPG+e+WcNTpHEARBEITVo/Zec+3QymQ/81M/vfpMbHvBXbUTc7vSgCT2Ncuoxf7q/5IRIqLdogFZS86dO8eHP/LhVeVx6PAPOfDCG/tUI0EQhM1LP96n7/j5d7B79+4+1Shg48x2d6IBad8ZDyQyWCfhcnsJsdvBl2FqlSbts+1asdIo+af+5tPdZbJBOPLE4wAcOnSo63MPHDgADLkJ1oYYBKtEPVqacXVQbkdRF1qbbHUiXGyIdutXPQbMMNZZEARBaE7kO9DfTDeGBGKbRJOqpv2AZBCX00nwMVWTyKoOBKxOJmbjX1E57evS7S2jNo5UuiEYagGkfzaHbdKsSgMSZ9JJQe2TNIyR3aAyrTNZNRtFiBm4GkXkD0EQhNGixp2hL1l2MJoexHBUdTJAr6JxYjsAh+lOxmO1PiCqEwGrg4H/IBYiHEQbDhPDLYD0A9WnwXSrAqr+2pr/e2VtX12dOt5vBDZQVQRBEIQho1YD0hdzo7aD4tUXsfY0XzZAEFbLUAsg/RAcVp1DSxMsm0jWKAqWqhahuzbB6vpwTV1aJlp9HoOip1mFHheBlBkMQRCE0aI2oNMAFiK0yg6kF12dCVbC63TUTbB6CZwlJlirYqgFkNU8vcmbq62JVYf16N4Eq/oB79hOsbsdHWTSKMmwaEBWIQr1oIjaMJctCIIg9I0qDcgARtvKDmYN8+5NsOIzqwZKgxCXBm2ClYz6W1+Z9nURE6zVMdQCyKpm4dv7jXecT09O6PHebka/vTmd15e6mTUgSR+a5L/N8pAZC0EQhJFmhDQg9WPtTjQgNemDnEieOBBtTXtf+Lqxx2o0IKrpB9GADIKhFkC6+fJb3Uz90IAoVHiTd2IzqRr+35mWdEAmWB3VZc1LWRtqK9bi3ujFMU0QBEEYHuqiYPXhPd/Oj6RfPWTtmLZ/epXaEXl3Z/dSi0bjtHbaqEYakNqwu1XGDp1eh2hA1pzhFkDWi45Nd2pMrNaiKnI/C4IgCIIgrD2ixOgbQy2AdDWD0Ey91kUWWgcLx8fSddKvPP6T0IJ0aWHVk6NULwJOXxQgnUwPbGTpyBDr3VtoluoVIBv5mgRBEISe6POrfRBmXGFBVR8H49renl7MjRo1Wbt2bGiC1YnJVXR+eKCur+92vegOEBOsaoZaAFkNtkpo6JIenJeFjY58mYIgCIIgCINguAWQFn7DjUz3oyGmDYM7VPl+dKVMiaSXqlBaDSrWnfNXTz4g3TpB9cn7fs01AT1EIenuDN1ZNeo+r/66s5k0K4UiuWxm1XkJgiBsVlYKRbKZ9KrzUUpVjwf6MR/Vpqvoy1ojdNIn9RoFa3X04u+gEr8TOXV6YpxcUe8H0ghL9dCt6ozERHO/RjviA1LNUAsgTR+8Znq25NhbVQSRqkhWrQvstibdMQgTrLgNViuBrOWD1JvvTNU7qKEqt0V5zQ7aGkGlD5c9MzVBfn5RBBBBEIRVkJ9fZGZqYtX51C1EOKAwvGuUcdXHztYBWYtq9KcN2zVT3bogsQl8B+OpFjt6MdNvW56YYFXR2TSw0IBOb6TQz2BTYLvcmuUxaFQgaDTa1oDtW6aZX1zm7IXLrBSKa1KGIAjCqLJSKHL2wmXmF5fZvmV6vasjjAjKVjZh7RlqDUhXJlhJNVtSC9DaB7mmuBaJmkrbnQsf9dL4arQyzZL3ywSr2wMNaPiQq56f/rZn9cFfvx+6rlTK5fprruLS7BzHT52jUCytOk9BEITNQjaTZmZqguuvuYpUqg/DmJp5wkGtA7JGGVd97H0hwtVWo9c2rKl/m7rXLUwYnd+htqFtaF4xwVozhlsAaYCKJYroc/3/DW+BFst3VAbtSU8SRWdPtW1eZi1tbs7GLiB9GFV3QXzFquHeVdSjcR6xXa5NCiY1L1RVbzlanXU3jjg19ag9t0/vj1TK5aqd27hq57b+ZCgIgiD0xJqYYLXJYs38KBv0YX2RpwZmPlRbTm2UrzaEQ7NW67sl/UNUItOG7aRqykwIJG3btY/CyygycgLIKCE3riAIgiAIgjBqiADSMwOYDRg6CWQNFl5cTTP3cq7YfgqCIAgjgPg8d0kLS5hmyYTeGVkBZOjG7iNIP4JIRIsq1ViFdnh2LyXLnSMIgiAMJ5FpV7/C/G4maqL5tk+0ivyFIRdAGtlQtgqr1nO+zfy2OzYEZO1C7Pbj+ro7ub5YFb3wki+/5lWL9zdpt2TUwFr3snhvw1PXxl9jzfMUBEEQ1g9FVQfcFxeQdQ6lpKr8JldPtyusr1UYXtXWa7y98KWUaiue9aWrl/FCS4ZaAKmlsf/QYJ2015vOhJZeL7DyCmq8eE/XIbkSGSSDB9S/Gmr3DPFXJAiCIGxk+hCtqD9+7KvLpNPxj2hLhPVgpASQgTNSz2y7IX4XIe36QLt81mCNIEEQBEEQBGEADLcAEpkDJUardaHX+mmi1HBWpLMCekrVkQVWL+e02dnANMrWrc+RUFd3afdWNzNUo01pFT6vPn+bCKM3CHFERB5BEIRRo99v9n6Evl3VeiRRBPtOpgU7KKe90VJtlv1p0XaR8Rue085Ey7Y3KOtP6GIZMbRCVkIXBEEQBEEQBGFgDLUGRDfyiO6L03m4kk0dHcZoq8s/mW+LdANyQq+eEbFVf2pLDhQLDdI3uBaVTNOjRiK5KFAXZ6w6iSAIgrBJUZHTeBh1sQ+2xG1n4RO/W9Wra3qoeyfKirY6g7WK+VtTuU6+m7oAACNlLj86iAZEEARBEARBEISBMdQakI1BM23JsNF+EUGLba+VGZgvhiAIgiAIGwKVsJvY4EOiVn6mVlZvHBijJYCo/oTdVfHvTiNFt0kb3uzt1Jy9OZSvcrCvGn1IqKLD3xaLUh04xfXJ8ayf9LNGG+/qBEEQhNVS1Zc27Mf6Gww+WCej/z1KrfnRqhzZqzPqrPxwIa9+rQNSl38n46KaRF2FGVbJsc8qkQFDS4ZaAGkoxXb8hQ+nlNvYX6UTml2vqvnbotyGT37z8+TZEwRBEDY+FjA0tkofjG9Dz7Qb6K+2mMjtM5yI7Jherk+0D5sK8QERGmBAGYZVSBMEQRCE3rHU93+mgzSCIHTKUGtAekdeGq1R0kSCIAjCJkEhOntBGCybVAARWtPqRVwVoFcQBEEQRgARQARhkGwCAaR61ezKPtvg+GqK6W6Nj75RazM5MCdweVkLgiAII0JDv/PkUtYNEtj41wAqI/RMJ80pc6oDZ7gFkNWsQbeaifwuB/lR8rYRq3pZiLDzWjQtZ5W5DTftLkReSoIgCJuThlEiW++KGVTf0cNCfbW0dC5PjJVajUmiPFoNj/rhY96RLFE7luogdJbtzsVe6APDLYCshj7faV2H2BUEQRAEQRDWFWtF+FgPNqcAomxnwaQFQRAEQRhxIif0QQ5Dk2XJeGQ9UUrVqWdEIFl7NqcAIqwfjVxy1iLvRvRkbtdLRQRBEAShDZG9lEyICpuQEV4HxDbYokMj+LArG77MWm3rSLdRDlUPW7d5QptmatBmI3jrCIPn4KHH+MV3/TL5fH69qyIIQkwvHU+TTSW3aLdN/N/OgWRw/bnq4Kdd3zvsZuZKqeqN1Q85hNaIBmQTYKHfPuirwJJ4Y1V29SXfdvRy5bX59ufF/+DnH+L3//CPqva98AUv4L/9lz9mZmamL2UIgiAIGw0x7hEEGGkNSDtEhhXWl9ffew9f/fLDfPuRb/DtR77BHXcc4Dd/+70bZlY8n8/zi+/6ZQ4eemy9qyIIgjAC1MyhWx1sgrAJkTtfEDYIb3/bA0xPT20YAUQQBEEQBGEtGGoBpLV9nmpjk9jCjrLKdrN+a7S7vm5d2E9GJqO153RTtxYandj0NHIT6YCm1awtrpVRZMP9DRurD8aVPVhstk02WMvPfD5PPj9Xte/Bzz/EXa+6O9660Ua8/wMfjM97y0/+FMePH4+PRT4IBw89xlt+8qfq8j946DHuu/9NHD5yhF9996/Xld0q7/d/4IPxdter7ubBzz/UtH7v/8AHOXjosaZ5NWqD2vySdUnWs1Ao8L7/9J/r8m7kf/Hg5x+q2/f+D3ywqqzaerz/Ax9seD2NrjtZx1981y8zOzvb5FsTBGHQdNJ7dLs1LqFZwa3HHI0322Rbbb7VAxvbyQoZKvrT5qddcR3Wqdvvs3UbNflqan1CGm0Nsln7kcLoID4ggrABKBQKfOjDH+ElL7mD/fv3A8GA97uPPspXv/ww2WyW48eP8xvv+S3e93v/kTsO3N4yv2hw/O1HvgEEAsVvvOe3+L//r/8a53/4yBE++7nP8cm/+hjZbJYHP/8Q7//TD/Df/ssfc8eB2/niQw/ym7/9Xn7tV3+lqrxO8v7oxz7On/7Jf+fXfuXftaznRz/28aq8Hvz8Q1V55fN5VlZW4uNRG+zdu5c7DtzOg59/iPPnz8dtlBSS/uIvP8yuXbvic7/8lX8C4Prrgjo+e+w4dxy4nUKhwHcffZTDR47E+/L5PAcPHuIVd90VX/PBg4f44kMPMjMzQ6FQ4A/+6I9533/6z/yH33kv2Wy26XW//wMfrKpjdA3btm1r2TaCIAiCMKoMtQZEEIaZf3z4S7zmdfdy16vu5oF/87P8wjvfEQ9c8/k8//TVr/IL73xHPLjdv38/9957D//87W+3zPf48eM888wzvP1tD8T7XnDLzdx22608/sTheN/uXbuq8r/71a8CgoH5avN+/b338IJbbm7bBq+/9x5+8X97Z/z53nteV5XXzMwMP/PTP1Wp8+7d3HbbrZw+fRqA506eZNeuXfE13HHg9lioOH/+PNdec0187ut+/LXs37+fmZkZ7rjjQJzHuXPnWFxc5PX33hPvy+fzTE9Pcf11+zl+/Djf+95Bfu93/30cICCbzfIL73wHp06d5ty5c02vOzq39nt83+/9x7ZtIwjCqDF8c+XtrUk2Ph1ZlwgDRzQggrBOvP7ee/gPv/NeAP7gj/6YD334I/Fsej6f59lnj/HA23+u7ryf+9m3A4Hm4Vff/et1+V2ZzfOtf/42993/prpz73zpS+P/t23b1nXErU7zTgoFrahNl81m2bVrF8+dPBnvy+fz/OZvv5fDR47UlXX/G+7jN97zWzz88JeqNDDZbJa3vPnN/Oq7f53Pfu7v66KLXXvNNXz30Ue5957XcWU2zw033MAr7rqLz37uc9x7z+t4/InD3HDDDczMzPDsseNcffVedu/eXVX33bt3c/XVe7kymycstu56rszmG54rCIKwvshCiML6IgLIUBC+KJSifQi/NX6RNCpeJQ6qAdRhxMhms7znN/53fvO338uRJ4/G5k7XX38dH/7QnzcVEu44cHtsXlRLJIx0IgR0y1rmXUsUrvhP/+S/x5qNP/ijP46P79+/n8/+7Wc4eOgxHnj7z7F7165YEIna58HPP8R997+pKszxrS96IX/32c9x7tw5/vnb3+YVd93F9dftZ3FxkWPHj/PdRx/lLW9+85pfnyAIQm8062dbjRHWMARwJ8OTDUVt+/VQ+TZDnU59bjcrYoI1DMRa2sZ3c+BOr7Cojrzjuneg65YNsPDhkDEzM8Nb3vyvef+ffoB8Ps/MzAxzc/MtzaGasXXLTJ1pUL9Yy7yBKt+LyDfjd//977T1ebnjwO189csP15mCAbzpJ+7niw89CFTMyyLtxTPPHuP8+fNcf11gmnXDDTdw5sxZoOIr0uyaz507x6lTp9m6pbUW6Qc/eLzu3MjUSxCE0WT9HJQ7LcXW/N+g304G32nzU1d0gwveKOZPUY2rHdVrd3SaT5s2EZoiAsgoIPf5SHDvPa9j7949fPwTn4z9FCKBJOLLX/mnuihRtUSD6w99+CMUCoV4/6c+/ZmuQvxms1n27t1TNVjuV94RH/3Yx6uiRX38E58EgsF/I3Osh7/0Zf7x4S+1LbdQKPDXn/5MVR1rr+3Ol76U3/2997Fr165Yy3TtNdfwu7/3vjgNBFqWl7zkDv7P3//DuKxGQQMaEfnHJNvr+PHj/MWH/rJ94wiCIKwZMkkorC8igIwIG8uVbWPVZliI/BY++rGPc/DQY/zar/w77rjjAPfd/6Y4hOvRp55qOeCN8ol8SyIn97tedTe5XK4rn4+oPr//h38Uh7ftV94RP/ezb+e5kycrIXQPHqry13j72x7g4MFD8fHllRVef+898fkXL12K2+c1r7uXO1/6Ut70E/cDcPjw4biO993/prpoXre+6IXs3rUrjnSV3HfnS19aZWJW+11EZbWL8tWovT704Y/wf/zWb3bdVoIgCIIwKqi911w7tGLwO3+23kG3L7SJNd1JKOo69Vsv58QHWjuLWQXKqmaHG5TTZ5I+IGtTwobhzJkz/Nmf/dl6V2MkiML5thvEC4IgrCW/9K5fYs+ePQMtc80GXrbunyYYOpuDDvtz2zq/tmuFhFVqla5NEV0k6oTqcUpdvfpQjO2grv/jrz62+oLWgSNPPA7AoUOHuj73wIEDwGZwQu9w4Zq1rUP0p53HUg91VQP2+25ZzgZoa0EQBEHohm6V9n0YnK5Vb2kbZdywvl0awLSbmG3TJtEAv+U4qAOvbdvs/K4Fk+r0dS7pnXxB7dZn3Ajjzw2MmGAJgiAIgiAIa4uMx4UEo68BaUr0JAytBVoV0cRBR1L7WiKhxQVBEARh49BNQKwNTq1SwVr6aJYlDJJNLICMFusueAhCl4jvhyAII0WyH5Yx8Ygis6z9YhMJIL3fKLUSd0fxnXs5p0dsfXGCIAiCIAyCDdkBd1GpPvg7dOojYlv4eagWM6kWW9F2hGXFRTZUi6wO1VSarOxvO/ErQmhLxAdkRJCl/wRBEARhPUn0whKNvq/EMsW6O3Y3WsBR6IVNpAFpxmj5ggiCIAiCIACdDW3We0zfJUkZpKHyQynxCxkCRAMiCIIgCIIgbFjWXfEh9J1NpAEZMWl4vR7GdmsNyktCEARBEDYGilUOf9o6f6wm864YrBDS7Lo7XmilSVohYhMJIJ2zkSXtqG5rIk6JQ5UgCIIgtKZpX9ngwFqPJ2r65boF9QZRhw1EbH3VaiA3KPOsTdTuvSAmWIIgCIIgCIIgDAzRgAwhay+7S5xrQRAEQdjc1EZ8giY6libHBKE5IoAMGX0VPjp6V9SEFZQXTF+xVlZxEQRB6A6L2si20oNkzQJ51tp22Ya7+9p/rdpfZVjYFBfZluEWQDbbC6g23Fz7JG0O9vIQtPNCFzqhUPI4e3mBy/NLrBTL610dQRCEoSGXSbFtapyrtk2STQ/3MGb1hH1yXTzacHfnOTT8VEG1ztAmz23kCxM4Z7RalNlim+bfbJFCu46D+fYLTDfTFsn4CYZdANnEiPw8vBRKZZ48cZEtk1lu2beT8Wx6vaskCIIwNCwVSlzML/LkiQvcsm8H2XRqvas0oshIY01osRr8ZmLIndBVYhN6R9pvkJy9vMiWySz7d28V4UMQBKFLxrNp9u/eytbJHGcuL6x3dUYY1cEmCL0x5AKIEND7S8DGm+pyrsOEm0jy3WAtXJ5fYsfMxHpXRRAEYajZPjPOlfllWfRaEIaQETLBWjNPrLWjYx+W+mtrb3vYTb6Jz4nmq23JOLUyQBlwCGRYmQXphpViWTQfgiAIq2Q8mxYfuqZOE+HfDoZEqtmnxL+2nZRXlUmtw/pgxwh17jB1g5k+1aet5NvkeBN/ls3GCAkgQtdYEnqP4D9D/LFRciqHHZIqWHmcBEEQBEEQhE4YcgEkOewdIs3HhsGCMljfgNZ4OEDQqtrYsHUr7WpVYKoFCmM1Wuv4qOhBBEEQBGGEqBpWtQx/tckYQoubDciQCyCb4ctfw2tUgNVYpbg4u8yKcbA4KDTahiUntbFxWD/DzJQCZXBdh5RWWFqH1xMEQRCEjU5iyq3So1WZEjUJeyu0YDOM1YRuGXIBJMmo3eDd2hb29jK0Cnw0X/raY8wu+xicKs2HbSCAoCxYg9agFbzglpt4+W17yChQxmBDzYjEyBBGiWKxSCaTWe9qCIKwBtSvhWHjfiwQNgwSt6cR7TQjnbebQq3ruh7CYBnyp8kmtnWmJjKdqvnpFatMvLW+zt7bIfD9SGFIA2kMLkYFm01sRoebSmFUBs9mKPopnnjqFH/xV1/isSPPYbTGNl9LaOgx7ZMII8pbH3jHeldBEIQ1otJ9R2KHBjQWhcFi0QmRZFR7uDVA1fyvCAS6Rhv1Y6d4DLWuzS6hh9eCEdKAjDKq5u8Aiuu4KIXneWid45GDP+T8pTw/9opbyaY6F7viWaY1op9rj16+IjHnBUEQRpegpyj7YBSUfEV+tsDC3AIT43DNnp1gA+3/ZqI/NhejhviCrAYRQIaCAYewq1KDNi5bqSAsnwpNYpUFo7P86NQsfOcor73rFjLOwKq8xlTa4tTZy+taE0EQBGHtsMBTz5zne98/ztxykaItoEmTxuHOA3u5es9OGXwLQh8YchOsUcA22SLW4VWnfKzyA8dy46FNGYwHxsP6ZbAeFj8yjo3raFF4pDj6zDmO/Og0vgVrOlus0LYxIYtCBK9mniEowWBrcrKJn7Z56JGRqgRBEIQaLLBcNlxZLOPpLMqdwLoOnlJ4nokjPlpr26+NMeRsICP3FgxijNRunCb0wshrQPoRqKLOmGigMsGgtR+QfLjGMg77925Fh/pmYy1zC/Ncyi+yvALaycWO7PH5bpbHnzrBTddfxZgbqEiSMbIaP7aBnW3SIEtXfe6+Hdp5zET17c5HR+a+BEEQRhUL+Nbga4XCR4dOjVZbHOUkUm0SmnTc/TRt7qwa4ehEVVdE1YbrbHhyB5OLvXylYoG1KkZeABkJBv2kmyzoMlpbZmZy3H3X83GNj1IKrTW+8bHa4avfOsrR45cp6SBsb/IZz88v8fjRZ3j5rTd2XPVKgEMbGoGZ0CFQo6xTUbj0SCDKJASlaGeyAi3PXWUFBEEQhA1N7epiqhIKC2UV0ZRanDLpxLgGDo2Nuv+426oZNSul6rQy8cC9QT7tUCqcjpQBtrAGiAnWENBZJK3+RGeo6D7CW0MZlALtKJQOTJgcDa4p82N33cyBW/eRViaooUps6RxPP3cujBrVOkyfAowB36hQU6KwaAwuPikMDijwjcV2HYaqYrylE5+8xOYTaHbqaxahsNaEwnNNAAAAIABJREFUGhpBEARhlKg3qLHh5FdlSiwahXc6GO+XoU4z02MLWFXd71adZ0xgJoatEpC6ESaMsRgTnOAbg29MdX71NaI/Vz2KyORlLaIBGQrW9mEOXmQQv2OVj8KEB5zA5rWqCgpwcLTHi2/cxRNP/AhTsxa6bxTFkmWpaJnKVAIbRos7BYJAsP/ipUWOH3+O85eXWCh4lEqlYCYHyGbTbJkZ58brrmb/3i1YwKESKrHVhFPk02FC4ezY8XOcOnWWS7MreDYQsCbGx9mxbYJbnreXXC5Nyqm0iQKKZR+LQ8kP6u0ZeYkIgiCMGn741wJGOZVeN1bNK3wcfAXW6njKT6tKT2RU4+F3Mo5lo6lCg8UYUDWhtaIJM4eK1kWFB/zAOIBCOZG/gpQTpFGOg28sCwsF5ucXyWQyzMxMkUpVggyrKGZ+YsEvG16vJbi4sgfLKyVmZ/MAZDJppqenyGZ0JZ/4+qJpOglXK7RHBJB1p512oNkiPv15uG3ib2RKaZUf5G4UjglffkpXnaR0UK90GvZes4djJy9XvXQd4+CtlDG+qipDWYUxhpKBHxw7y+GnTjA/twJWg3JQSqOUG1/iUsnn8vw8R5/9PtOT49zyvF285AXXhhG2TPg6rm0Li7EWqxSeVTx65CRPP32KhYUSSqWDF6wOupuLC/M8e26O7zxxgqt3T/Gv7noRMxOpWOO0vFzgL//2a+Dk0MrBLy32o9kFQRCEDYKx8Hdf/BZL5TTWagrFUiAMRINzFUydHXz6LE+fnsPzymgMz9+/lZe/+LrA7EkFvfUn/v47WFI41qCVAeujrM/9972M8WyqYfnWBpNbn/7M13DTWZQO+tsVDK5d4S2vfyUTOTewEAg71LIPH/now3ipLABaaTKZNO/4yTvxyvCN7x7h2VPnKZQN1uq4m9yzewe3PX8vN+ydIV1lmBWIOJ6FQtHn8NETPHd2louzy5R8FY5FgrRKwcS4y95dM9x60z52bxtHhe0UiHIOm0oAqXM2bnbt4jSSRASQYUBVHvw1eaijWRtVo+mwTUy/ErscpdixfTvHTlaHp9VK4xW9KpOpKO8Lc8t85TtPcjm/jDUKpTOh2VVYLBVbVhsWlkrnWCp4PPr4Cc6cOstb7ns5bjQVlKxUZLSrLCVf86V/+gEnzi6BcnDcsfAVmzCnUkGsd6U0py4t8jcPPcKdtz+fW5+/JxS8QDkpcNKBEZcSq0VBEISRQsHScpH5ooe1Do6jMdaglZt0TqTkGfILy2AN1pQpFCfj86NgK0vLRXxrMNYHfCw+vlfEWNu0B9cEQsjFpSJO2UGHAoiPh2tW8E39gNW34CsHi4NFBfl7ljOzPl/7+neYXShAKgOuRplwitHCuQtznDt7nh+782Zuff5eCCNaOkHHy2OHT/HYkRMUihZlHRxnjIwDvvUDB3AVCBrzy2Xmnz3P0z86yU37r+blL3kek+OZimbFroFDjDBSyGhqGFhrk8pQC5sUPoL/K8rUVhSKxTrHN4vFcVPomjvMKDj67ClOX1rA2CyKDKDD8wNr11j4iMMcWozxsRaMSnE2X+Yzn3+EYtlibbDyuo095UIbVRy+8vXvceL0PJZ0UAYGlB/7tahw9VWFButgSLPiuTzy3Sc5cvTZ+Jqi2S21Wi/4VTKbn+OX3v0e3vjWB/iTD/551bHPff4LvPGtD/DAz7+LZ4+fkHPW8BxBEEYLCxir4v7G9/1g8i0xkA6085W+KfCnsERWTBDKKuG+oG9yUMpF6XTsRxL3K3G5NuyLwOgURqfwlYuvXFAOKCc8NzorrHM4eVbZoyh7Hn//xW+TX7bg5LDGARM6z1uNxgkCuliHrTMT4XkarKVoFF/61mEeOfgUK9bFd1NYR2FsGWvLWPzQId1ijUUrB63TKHeMH528zOf/8SBX5gt4NqxvYEaxll+bMOSIACLUoTCxT0hDycdW/vgWzpw5R+3A3FqL4+j4DkvqKV78wucxngJtNFg3YXQabNb4odraoJSt2KNiURZ8UlxctBx66gxe7MBS8fnAOJw6M8uJ05dRmRSoElaVCFTDflVZylocC451cYzC98s4DmzbMoM1gcVtbOO7zqFAPv7JT3Pq9BkAvvmtf4kHzM8eP8EnPvW3AMwvLPAPX3xYzlmjcwRBGFUaeG6oyiRcMP5PzAYqW9MlVPeBjtU4VqN9hRM6mNhw0qsZClOzKbC6xhIhKcBU9geO6MFkGlaFfZvBsSY0Cgjy0Vhued5ert41HZhYGwUe/NMjRzn83By+k8bzSxCOA4xSGKUS3psWZQ3aGtwwX4vDwrLhHx7+LoWyh1U60II0alZBCBETrF5o9ECp2iS25nCPM+dNH97+qjcjecPaQGbww9kLhVefNvBOQys4dvoK+StLFb+NuHaWdE6Ryyb8TMLqTmZcXnHrDXzr4LOk3DSO8ti7ezvPv2k/01M5UilNuWyZW1zhS9/4NsvLCuVkYtUvWHyr+eZ3j3LDvl1sHU/hVCqGb+Ab//IknprANwalDdam0BYyuog2RXbt2I61htnZPCsWVqyDa1zGXbjvnpexZ/tE7DQ/rsrglFFolgr17SEIgiAML8pCShXQxqJUGmUVngp8K1Q8P2ZJ6zKeVw76d+2BKjbthiPNRiM/xWS3HgVcCTrgUPCw9ZnWeTraQAOia1Jp7VD0y+iUQpVLKBs6uKOwSmHNCrffdgehEgej4fCxRZ5+7gLKSeEqJzAmMwqtHJQtY00BHfWICtKpDGUPrEqH9fCwWBaKLl975Enue+2tKGvRStVca3UD1A1v2i3cZm1orp0012iUrnU2a0/VVTc4LqZpIALIpqf21RgNugO7LItNLAcYYXXgtHfh4hJf++YTWNykmSwAjjLMTOdoJChpBbfcsJfDhw/zYz/2cnZtzaKdQKCJQuVaV7FlfIx3vuU1fPmRwzx7ahZPpeLcLOCkxzh/YZ4dN2yrVoMrKHoWgxvMAhEYZrna56brdvLKl9xExlUYC55nmS8W+fqjT3L62VPcf/9ruHrHJCpUeExPjvOOt72BAqCV4uGvfLdPLd89b3/gp/nBE0c4dfoMr37ly7l+/z4Art+/j7f9zE/y//7FR5ianOSN990r56zROYIgjB4ay//6r++lZMFH8cST5zj0xInQVzCK9eTzgpuu5gUv3Icb+nRnlEKHE3J1k5AJt0RfVXJpNacYaDxUTV7J6cvq/tTWCjbW4vllHFXmmh1bOHDLbUxPupR8Sz6/yCPffIQDL72V6dBXw1rLcsHjkUcP4aazeJ4HSmExKO2hzQove/FN3HTDDhw3GC56nuHilUW+8vVH8a3C4GAx4VhBc+zUec5f3M/uLRMoZagbHAhCiNp7zbVDe2u88+d+vm2aNVkJvXGi7vNoWbnoa0l6cTcWFzquRt3BYB6hbBWf/Oy/kF8OA/6pMiac9tkxM8ZrXn07xgSOar5vWF5a4vixk5w4cQnPulitQDmBL4UKr9Vf4E33voyrd06glcZgUOEcSuSuYXwPrQPfimC2KBjkR2+sIB9FwcAnP/dN8ssW5VaiiCiluHnvOK+/+9ZgxkYFoYM96/DhT32DRS+NVYaU9bBoHF3kZ3/6NUy6OuHvEkbLUrAwv8TMxHgQ4SuMGmKtRSuDh0Hh8tCXvsPBb36hVSu3xFr45uPHuPu263rOQ1gf3vjWB/iHv/vkeldDEIQE3/jBMV5963Wr6ut/6d++iz17d2Mx+CrFoSfP8M8Hn8Xq0GcCjW9WuOvWXbzkxc/DwQ/9Jp1KX6ECA9//7xNfx7dpTBw7xsf3S/zCT7+a6VzQfzUadK148IGPfQk3PRbvUygcs8LPvvVupsdcrApFDqvJl+FDn/oqjk4HKVXgY+Iqywtv2sPLbt9HVgdRsyJhyPeCBYUdp6I3+d7R53jke8+gdKZirUCJqQmX+3/8TnaMZ8CYODJXZFm1WPZ58IvfZn7RULIaE/rIKIrs3z3NG197OxpTtVJ57Tio68Fn7D/T5kxb+7F9SWtnYd36xvzwRz+yVgWvKUeeeByAQ4cOdX3ugQMHANGACDGBxgNrAvtNFQgA568s8qkHv4Hx/fB4kNpRKZROJ0SFcNkmE6y6se+qnVy1fTKOEV5Z2TxAYUk5CmsVKI1VUChbymVD2QsEk4ybIpcC14W9e7ez8MylKm2MtZb8bB5jiJ3drQrWOtex97vF1z4WhVUOVxaKjG3J4apKTkpZXGDLVDZ0tFPxJJQKTb7c0ClGiU+dIAjCSBH4ZmgUOoh+aP3AHxGFwg0CmFiLsgrXKhQOVgXnKcCE/WUV8WybqvhDdI1KbJ2hbYk7XnQNaQ1WBdcQ9Yau68QGDigoGTj6w9Og3GAxXhWU6Rqf17zsDrZNZBICRKW/BBjPKO55zZ18+nPfRDlj4UKIBpTL2Qv5wKneqqp1QpK+oBUa+N4ImwIRQDY50bsoeFFVXkDYQCvh6CBSuOtEh1TwjkEBHlYF3nVWWYxncZViLAuvevnNpDWxlif6bQmXKlIW3zrMzi9z9OmTXLi8wJW5ZYplD9/zUEqRTqeYmZ5k67YZFpa9cAYmEGWiV9TCygoekI7rHdQ9nTLYUhF0CkswS2XR/ONXDnHLdTvYs2sbW7dOk8s5uIBjLcb6KJ10totaSFfU4vJuFARBGC1UrHOPPlKZOgsiJ1qlUNaNfTpU4lxFtQBiQ+15oJWo+GlYKt1IJ8NuG+Zc5Qpf5/hefWbKtaRcjSYQAIJrq/ZJiCwAZudXmF0oYlX1+iQ7tm3lqh1TeCbMPloThaTZl2ViIo3CoJUFpQMhxgZ+mMtlyKUCGw6dGFpAUtswtAY4Qh8QAWSjMwj7yUCXTOz4EO9WYAyV9U5B21DXYU2sVbAKjPXJuC5p5fHaV93Ktok0FfEGonkQQ2BjWygaDv7gGR4/8gyOO4YhjSEDKo1KBxddsnAhX+LC3MXA/1w7gfCjQrUyFqN14u2uQvtVeOkdz+dL3/o+ZZtGkQrV1lAowWNHLvLY4bO4KcPUdI7n7d/LTdfsYHoyA/ixs13lVasw2gSzXmv6RQiCIAjrQbAqeGLCKeoHdOBgbVUYKL7WRSMxJI8G2QljgXrNSCJtlUbA1uYb5Z7cov63xVyYCuf9Qu2DTWj7wwsNJ+Qsi8vL+MbButW5zS6u8Ll//F68Hkp0uiUYI+joyqyLcrMYgnD4Sil00MmzsFgityXdtI4VYapWL9JYTyKMHiKACECVVjYkMq6KjnqBGGI1vrZYFU2NKHRo/DoxZXn9v7qTnVOZBr7nwUyQVZBfKvLFh/+F/JLGprfgA1iDsl5lrQ1FJYJIHHu9yQvaErxxVTDPo5Xlhn07+f7hLBeu2FC9nrhOJ4W1DkW/RHG+yJUfHONfvvsUL37BPu687Xpy6cAvpZG1qQgggiAII0ZyfA5hFCpNXTCqVqP+2ixD54uoD+3ED6Fl1v0cj4d5LS0uhlG4EiZWFlbKsHy5gOM4QI2cYAMhLeidSxiVCvMzFYMxpVheXsFuSVdVu7kJlggbmxFZB0QAghduJVxgZSZCa3A0oAwKi8ZHKYOjLNoUSNklcszz4y+7mQfe9Ap2zGTQmoYOgdZCybM8/OVHWSi6eE4aHyd0P7HheRaLBxiM8fGNj++XMcaEK6MHa4EE3YOqC1cYvew1hp94w91MjxuU9SuhDrFAGbSH4wTRvHyjUO44R566wl995ptcWiglXP97DqAsCIIgjAKqO+GhYkgQmms1mTwbjFWvarBVVyioX8U0S6NwdLCCurbBKukOwaaxKGUxyuCraL0SP/gbLdqIwnGdNb8yYbgRDYjQFGst6ZTD1EQgVGAtDgqjYNvUNLt2TLFn9wTjuRRpHa5mrpKGS9W+FForvvOdJ7mSL+OncyhbRimLNhrHWhzjMbNlkq3btpFKp7AoLly4wOyVOXxjCFzFW72uK+VqFGMK/pc33cU3vnuSp354HO24WDRRFHEbCj8ajbWKsgVfpfn7hx/lbW9+JVk3upKkG52wWUmnU+0TCYIwonRmD63q/qusfk6VB+MqepU+dUeBtiepm0mqW0xobqbiz2BDky4/FDOCvlaZ6DwDJvCZ2TI9MSABSxhWRADZ6FhorKjq7bG2VdE4EqpPSyLibxTtQrF1a4Y3ve520uFhD4sbmlJFszrxK0up0A60UcmKog/PnlsGJwdG4xLEG0+lXPbv2corD1zDZC4dm19ZLMbuply2PHbkOQ4eOdOkLZKlRH8tGBhzHO69az8Hbt7Jkz88y/GTZ1mcW0FnMhStIpXKYjwPowORxMfiFy2PHHya177sxri0SD8kb9PNy2f/+qPrXQVBENaAIPp7KwEj6is70ISoyCy4siMZ0qTySXVgfGSq+uy4D7KxOBCLNMH8X3UHHJkS1zvYB2eNT4yFEb/c8NJC7YX2yKVBaYMxJjiuvMSZ4U8YBaxygQqNJpNJMZ4NtSVUqtT4Wmv79BYtEoYabmeXYGs0Vo0WdqzPu3sTudrgZrVjn7UL7TsaiAAiJEi+oqIIHrZKcRvpAnSbEB6qwYu6UPRZXFwGlQ1TBOW4eoVX3Hkd46nQlUMlXpHKkk07jI1lMNagVWu1buVlG5iKBWZjmu0zWf7Vy27gzhdfx/ziMueu5Dl7aZFnnjlFOj1B0a/Y6FoLz504h3fH83DdyN1O7FQFQRA2J5Hw0b4PULWCjLVoR+P50WpYUX+6jn1KKDVMTY4DJSBdVZeZyRxvuPcAjrK4sdRjqlpBx2JNsDfue5VCWR8HL1gnRRCaID4gG57EV2STokD/CK1Uk9ahiWPVa63q6AVTs1XnBY3qWC6XsdaEGo4wvdVs3zLOVMbB1bV5JdYXsRZrGizC0aApgmtwKFuXgucEca1sIDSNpzW7tk7wohuv5nWvuJm7X34rXrEYvlArP6WSYmGhGEo0NvQ/qWkcQRAEYeSIu5XEzH4QbjZhhhl2CLYqIaRSLsZUe7UrpXnqmfN4pnkfGWlhlKrt55NxsFZJnFWQ98RElumZXDDrFoawB8vslUXOnLpCNq3JuprxlGI85TCWchh3HcYcTdpRpLVDWmnSriaTUmRSmpRWpBwXbXSfRyrCqCECiJB4vVWLG7FgYiufV+cNYRMqysgJzsEv+gSh1hvfjjYqPJ5laf5KjmaWLHD68jJ//dDXOZ9fwOowookKrtKxPmlr2X/VToxnqBW7PA9KZb9SBxWWLm9UQRCEkSYIdRv2ijZyIrccfeqHFMqWqMeoCcALwNTUBE7gNEmsL9Ca7z9+lIuXFysTWbYiusR9WSMZo599To1sk9aKm2+6lsCR3IIKrs3oDP/86NOcPD2H//+3d6+xcZ11Hsd/zzlz8S12LnYcO82tSUhTcEPTNjTQrhqaTbnschEBdaVCEUjlzd5EpSIWdVXBAgKJV4u0IuxKZLdaeAG7pV3YUDVKu9CWhm2Kkqapl5jmnqa52vF95jzPvjgz4zPjsePL2HPx91M5dWbOnPPMRHPO8z//5/88CidriQ4jc8YoML6uDqb09K9e0fFT7yjlTG6aYiuFU/OWuPm1o4RBZRUjAKlY81O+lR0amb0pMtnXYSotKvaVCh9zisd8JeNGVlZSSnJhRuP8xWs6dalXgXFSEK5Aa6yVsU7OeuofHNEf37ogmXDu8nAFWo2fIjF3PKOL/SN6dv9h9fbF9PSvDunwHy5qYDTIrLxuZYynkUA6efa8pNTYmNZM/sTzrGKxsQ/HZE6mcX/2/yb1ybgGhkdnvR8AWMgGhkdVnyz15BBOrcsbZU1KNrM2VnaWqGvDRv+x71W9cfaaTvYN6ELfkGwgjQ2ocnrPxnYZDSqmUXkKZI1TyjMKvEX6r32H9NobFzQwnNLAqNX10ZR6R9J660K/nnr2t4on6sNrVGGkUETh8h43ek/RcEm5vRvdumql6pWWccMyZlTOs7Ke03Bgte9/fqdf/vqQTlwd1NWhUfWPBuobSens1QG9cOikfvzMizrfn9IzB17TkTfPS1byrZWnQE42rL2Yo5EblcCY/B/n8n/yEXQUogakwkU72XP19c1mGEp5t6LYV6yxMaHFjXUa6UtljmlknCdrGvXL517VHVs2avPGm+R7RvGY0bU+p1cPHdGJM2/LxhMyiXgYs0zy/bWS+tPS0/v+V6NeXF4irqEgpedfPqrfvBRoZdsybdiwWvG6pI680a0L71xVoqFJqcjoLmOs6hJSS3Nj5oGxz2ZJy6JZfS7GSEubG3XxWr8aVyyd1b4AYCG7dG1AS5sbJpj4ZKac2pYtUX3SaDBlZVyYzTDy5Pm+rg+kdeCFw7Iupa6bO7Xj7s2ZV4XTv69fvVyv1PvqG/JkFVNgjKyxkjxZL6aXDr2p37wyrFg87JQHzpdMUoE18vyYZIoMNZ7A1Lr1kUxM7uKZKeO2Tk1JX/duv1PPv3RIozYu+WG9R1jP0ajT54Z05uxrSg+PSMYoCNKqq0sqkC/jJTUyMio/3qQXXz2mkZERve+2tfJkRfXHZAhCJAKQBe4GKY8S8yW9a227Lr56XF59k1JBeJKTX6+0ievg4RM6dPSEvMzCg+m0lXExBaZBzoZ1ILlZNyaQDqye/Pefa8S0yMQkuZiMZ+V5SclKZ64M6szBbtlsLUusUanswFyZsEbFpXXTyqXyTDijSHhhkeQ8tbe1zPpz6Fy2SMdOviOjq2pd3KjGuglWiwUAjDMwPKpL1wZ05fqQNq9ZXuK9GyV8qX1pg86cH1DgYuE09FLYAbdWsknJxWVMMm/RWjkpbqQP3rNVP/3FS/IT8UzXP6xmdJ6Rc0m5ZEKjxuVWLE/EkgqGR+V5RrlSx4lm5YoMiZ4xF/mfZ7RhXZNOne1Q91tvKx5PKgjSkoys9SUlwqlcEsmwoD4uBcbJuUDWOtXXNyqdTitIp3X27YsKutbKizQu/yaqyW8AFjQCkAUvMgZrjllr9Z5Nq3Xi9EWdvTYsI18uc3fIeuGdJmu9TP5SkvzcyuieXCQ1XUz4BuK+p92f2KWf/eJFpW1dePbz4pmnw3nNbSYr7LnsbF5jk+16vi/Pebrr9ltkXCAppvDPcP9+CQYt1iVi2rxmuc5d7tOxk+9oaCQ1+50CwAJRn4xraXODNq9pU11i9t2YsctfdtZD6b7tt+mZfb9X72D2/Gwi21tJgYzJhh5jmQVZp5uWL9KHdmzR8785LM81SM7LHcdlFvELO+bhulQ2NaKYp7Dj7vtytnC/k7V5chPPthUJcIzRjnvepbQZ0fGTF+X5iUzk4BQOmrbhkKrM+83ETfIkBamUnLXauLZTf7JtveKeZJyRM4zwx+QIQCrWHEQEY9XcuQeMCceS+jKKSbJeWD4m58sFgUw6CMeaTvF2S8G8HnnvwveMPCN98N4uPXvgdZ27OiAT82U8J7m08lPEYfGfZ3x53ohampvUPzCi1KiVjeTbY15YIOisJC8cn9XW3KiP7nyf9r/whoZG0mFQI0kmTJEbKTNnenhHxsrJep48G8ikh/TB++5US1Mil0L25Cm7SIpXon+XukRMN3cs1boVS8Z9agCAybi8GRNLs8f8M3FTQ0L333urfv3b3+tC77D8eJ3S6SCcCt7PZDT8wkX8TG6ik01rVqgxkdSvDx7T5f4RySZk/PCmmudMJgsvxZyVRgf1gbvfqyv9Q3rz/05IJi6nmGStjA0yg6isvMxUMC5Tc+BZK5cdspUpQohZK99Jxps8gBmbFMbJN+ECw396T5daF/fo8LGTGhz1ZLxYOETM8+RkI5+RCYdZmUCeS+n2927WbZs6VR+TsouBuaLXtYWY+ViI73lqCEAWmLxTgjG5tQeNAnk2vDvjTDo8idhAvqkbSz/P8Hh580sZqbmxTn++c6te/P1xdf/xlFJpXzE/LsnIc5GiPycFowNauXax7tnepcNHT+nYm+fCzElmf55z8iUFzmUetZKz6mhr0cc+uk0HD72pkyffkXW+AuPLFQRFNpM+d6khLW9t1H3vf7/aWurkR2rFvEwWRqb0szaU+iIKALVvbs6b2Q62UThkuH1pgz7+wHYdO3VePSfeVl/vgEZGhpROe0rEjRIxq7ScjEvLN/7YBc9Jngu0umOJPv2x7Trac1YnTl1Vb++gBgb6ZYNAvmfU1NSgtsWLdEfXVrUtbdDlvn5dfvstWRlZ40nWl28TSvqevMgsMeEK5dLyxQ2yXjZrEwZFzb4JhzFLmXqS7K22Ih9fLssRDjP2jbSt62Zt3rhar3ef1Ikzl3Sld0jpdHbvVoENFPONWpc0a01nq27bvE6NibH3LUnOeZV1X62wLUVigsLB3ZMHb7NVSR9O+RCAVLpi88yWcN/GhCedTeuXa3g0MxmfScvIKCaj5saETLQdJTi+MU7JOum+7Ru17Y536fCx4zrz9hWNjAayKSulnZKJuBrqk7qt6zat7FgkT9KWTZ1KGqcgEgbUeeFsUr7nZa4eJndyXlTvaccH3q3+ro16/ehxXbg6oOvDKaXSgZwLFI/FVV9fr8VNDeratEad7fWKyyo3J3re+83c9yFgAICaUji4N/u75xnFjdO7b+5U14ablEorrNEI67RVl1B44yt3XYhM1W7CjRJG2rKhQ13rb1LKKlfj4SR5npSMKZNtd2pf0qjdf3ZfXjrGuMyNr8g12MgpGTfa/fG7x7c5vAcnE4t2HrLrlxfKz99IYa1lY9LX3Vs2aOttGzSalnp7hzQ0PCzjpGQyrpbmJiViUsKPtC3XZpPbH/f+MRkCkApXGJOXOnI2CjMId3atz6RNw1OVn51Dzjg5BTKzWAGk2EnPmLR8GTUlfG3bskF3bols68KsQzTb4DlpWVO93n/HBhXkVLK7VPYV0ZVm43Kqa47rvu23Ku2kwGTmNLdhPUf2OHkJY2OlCebwmNu7IgCASmFk5Hthzt3Jyo952VrzbFI8Y/z10UV+M0byZJX0vbFLi8mGBdn/h1cXf+zJMPo/KoiIAAALCElEQVQwRnlXw8xh4hPMIWPCMdWZfXr5Lxr/Bou+52yokjBOsbhTQ2tCvpJjL8jWaUaHdVPygWkiAKkmJU9FZH+x4YlO3tgJywSZE22YnJ39nf+xVHB4psqeZj1FZ3EvPLGPSwBlshwqfN6M385T5GLhhfUbniRnAvl+TFaBPHmZO0PZ4CusIzGGSQQBYMFzZvz1xYS1ki53PRvrtGdepOzgpiCXygiHDIe/jxVzKzcAKvvKyM2wSDI+uvuxo7nsEoKRG2jRPoIZe2jKl/DCXFD4dxt9pui+Sn+DFLWNAKRiTdQF1wSPz+CLn7m54nKnwcwpMzMDlWRyJ67ZH63wFcU7+HkxVrHjjHsgmkI2BZu6yF2msYtI9n6WyV04oseOFX1zZD4AYIHJDSkyBZ1vT9kZrCIPFr5QUuRK56LXqmjAMTZcKTcHV+Rgk/cEzLjEQzSYGR8wTOE6ZqLtHGt/NLxwbux95+8xG1iZvPdFWIJiCECqSpGhR7M20boa+bddCk+z08/DTKO9M35rruj5dabZG4IOAMDEJr+25OdEJt/mRlepmV/xS3MdGx98ZPc9WWUJwQcmRgBSVebyqzz1E2lFm1acU3QALAAAJTVfE5jM9VHMBOt75AcmBa+JzN4FZFE2BAAAAGDe1HwGpDAor6hZVCdtXN5qFdkNNPH9jWkMiipaWBGd96/4s1Pc+7yaaABZ8W1nv+/pHA8AgPKa22tWNrsxfh2NyO9cNlEEGRAAAABMD2WSmIWaz4DUhvmIE2ukBgQAAMwNgg6UCBkQAAAAVIDcCoeocWRAAAAAUEFKsNYZKhoBSMXKrr/hCh4BAAAog8KOSEmTFawgspAwBAsAAADTN9nknDPCEKyFggxIheMeQOV56/T5cjcBAACgahGAVCzuAFSqdas6yt0EAAAWEPpEtYYABAAAAPOr2KLIVbxqYeFC14VrTSMfNSAAAAAA5g0BCAAAAIB5QwACAAAAYN4QgFSsks9tBwAAAJQdRegVLlqPRTgCAACAakcAUuFMXgTClAoAAACobgzBAgAAADBvyIBUk2IJkMJ5p2+8ydTW82G8FwAAKJkbdCxYOGNBIQABAABAmRnd8A6pyf0RImipWgzBAgAAADBvyIBUPKJ7AAAA1A4CkIpF4AEAAIDaQwBS8QoDEarDAQAAUL0IQCpeNAAh+AAAAEB1IwCpeMwTAAC16FxvWt947rJ+fvS6LvQH5W5O1Whv8vWxdzfp73e2qrOFbkzNiN5jZRR6zeObCwDAPDvXm9bd/3hSZ/vS5W5K1bnQH+iHr/Tql8f69du/WksQAlShBXd73bnxP5XJiCFXAFCbvv7cJYKPWTrbF+hr+y6WuxkowmgGvRgX+UHN47YBAADz7Omj/eVuQk34VfdAuZsALFi33377jF9LAFLxGBQJALWGmo/S4HMEqtOCG4IFAAAAoHwIQAAAAADMGwIQAAAAAPOGAAQAAADAvCEAAQAAADBvmAVrClzB7FOm2MzWhRNUVdASHhXcNAAAACwwZEAAAAAwJ1hWGcUQgAAAAACYNwQgAABgnCOPrtOpr63XjvUN5W4KgBpDDQgAAFXi2UdW6f4N+QHB9RGrv/zPC3ryUF+ZWgUA00MAAgBAFTnbm9bDPzmvAz2DksJMxfc/2S5JJQ1Cur731pS3ffaRVbqlLZHXLgCYCEOwAACoYt85cFkjaacNrYlyNwUApoQMCAAAVWxDa0LJWP48Q0/satVXdixVwg8ff+PCaF5G46Gtzfr+J9u1KOnlns/Kbnfk0XV5f9+ze4W+uK0lt90bF0b1109d0N4HO7SyJexOPPelVXkZmsIhY/9ysFeP/PTtXBv/9t4ler5nUA9satRI2jGUDFggyIAAAFCldqxv0BfuatHpa2k98ewlSWMd++8cuCL/sW7t/MFptdR5uYAiG3wcPD0s/7Fu+Y916/z1tG5tnziD8sSuVn1myyJ947nL8h/r1sM/Oa+rQ4EO9Axq9Td7tP/4oM72prXzB6e1+ps9ueDjlraEdv7gtPzHuvWN5y7rs3c0a8/uFbn9JmNGW1fW6SP/fEaLH/8DwQewQJABmSeFixlKEyxoOP0dF+4UAFDDVrbE9NyXVkmSRgOn7xy4kgs+JOlTXYt08PRw7rEDPYPa1z2gz2xZpIe2Nutzd7aob9jq2/sv516za8/pXIBSTGdz2F04finMlDx5qG/SYOGhrc3a0pHUP718LVcT8sSzl/SprkXavqY+b9t93QPUjaBkCvtWxfpfKD8CEAAAqkh2iJMk7X2wQ1+4q0Uv9AzqQM+gdqxvUEudp1vbGxR8d1Pe666PWElSx6KY3rw4Oq1O/49f69OHNjVq74Md+tydLdq15/Sk229oTai5ztPjO5fp8Z3L8p6LDvcaSTud60tPuR0AagMBCAAAVehAz6D+7r8v6vufbNdf3N6cF1BEay0KfWXHsqKP3+hYq7/Zkxu+FXx3k/YfH5w0EOkbtnr0mXcYVgVgHGpAAACoUk8e6tPB08O54VUHegbVO2zHDXMqdEtbIm+BwWzmZCrHW/z4H7T/+OC4fUQdvzSqZMzoT25mEUMA4xGAAABQxb69/7L6hm0us/HyySHd2p7IK/Z+Ylernvr8SknSz45cV1uTr6/eP5YJ+er9y3IzWRWzZ/eKvP0VOnElpeY6L7ePJw/16fS1dC4wynrq8yv1xK7Wmb1RADWDIVgAAFSxbJH5F7e1aM/uFbmhV1/c1pKbNje7WrqkXHH6V3YszdWJ7D8+mFebUUx0f4WLIUZrRL714TY9/JPz6vreWzry6DrtfbBDex/skBTWf3ziR2dL/AkAqDZm5arVVTs9wOc/+7mS7MdMc+aoKc1eNaVNCja6YUOm8E81hTczpbfLbFpFnTt3Tnv27Cl3MwBUOf+x7nI3YZzCdT+qRWGx/XQ98sgj6uzsLFFrFqgpdE9uuImb4o6iHRR34+3HzYI1pbbOvms8habpR//2r7M+Tjm88fqRWe+DIVgAACxwD21t1qrFMb18cqjcTQGwABCAAACwgDyxq1W/+5u1ub/vWN+gb324TX3DVj9+jRmrAMw9akAAAFhAjl8a1cbWeN7QpcKaDgCYSwQgAAAsIDdaxRwA5hpDsAAAAADMGwIQAAAAAPOGAAQAAADAvCEAAQAAADBvCEAAAJhn7U1+uZtQE/gcgepUwwEIS3kDACrTR25pKncTasKHbmksdxMAzEANByBT59w0f4r8BwDAVH39gVYtqecSPBtL6j39wwNt5W4GJLkp/JTuQJEOmYr3yfL6ZwUNudH2Tm76/cIiP5hcjZz9TJGfiR4vth0AAPOnsyWmw19epy/c1cIwomlqb/L18J3NOvzldepsYTmz2jK9Phs3gKsX31wAAMqgsyWmH356RbmbAcwc/X/MUJUHIGQwAAAAgHJ6+OGHJ3xu79694x6rkSFYAAAAAMqhWJAx2eM1EoBEMyElLXeashsVPQEAAFS1GfVtstXfk87ugxpQGGxMFHxINROAFEPPHwAAAJgv2aBjsuBDqvoakCwCDQAAgBnLdqUqsLzWZNpWO729CvyQS+hGwYdU0xkQAAAAAJWmRjIg0nzGxcUWmDEFwWzh3NTGFZm/2hRuM/lOo/s0hdFzbQfTAACglCbqNhXLhJQ59ZDrQlVtCoROWiEyIAAAAADmTZVnQKo2FAYAAKhcdLHmEBmRKg9AAAAAgGpCdFfdAUixYoxChcUZFWx83UiRjarn7QAAgAWv6gs4SmBckW9ZWlFJ/h8IXR1bEIzyNQAAAABJRU5ErkJggg=="} | headers=HTTPHeaderDict({'Content-Length': '80444', 'Content-Type': 'application/json; charset=utf-8', 'cache-control': 'no-cache'}) (remote_connection.py:326)
2023-10-27 22:45:17 [   DEBUG] Finished Request (remote_connection.py:353)
2023-10-27 22:45:17 [   DEBUG] POST http://localhost:59969/session/bf0a476a29dd3ff281b5f5ee6841321a/element {"using": "xpath", "value": "//button[text()='Register']"} (remote_connection.py:310)
2023-10-27 22:45:17 [   DEBUG] http://localhost:59969 "POST /session/bf0a476a29dd3ff281b5f5ee6841321a/element HTTP/1.1" 200 0 (connectionpool.py:547)
2023-10-27 22:45:17 [   DEBUG] Remote response: status=200 | data={"value":{"element-6066-11e4-a52e-4f735466cecf":"8FF62D5F1C4ACB1EC851E97105CD5588_element_28"}} | headers=HTTPHeaderDict({'Content-Length': '95', 'Content-Type': 'application/json; charset=utf-8', 'cache-control': 'no-cache'}) (remote_connection.py:326)
2023-10-27 22:45:17 [   DEBUG] Finished Request (remote_connection.py:353)
2023-10-27 22:45:17 [   DEBUG] POST http://localhost:59969/session/bf0a476a29dd3ff281b5f5ee6841321a/element/8FF62D5F1C4ACB1EC851E97105CD5588_element_28/click {} (remote_connection.py:310)
2023-10-27 22:45:17 [   DEBUG] http://localhost:59969 "POST /session/bf0a476a29dd3ff281b5f5ee6841321a/element/8FF62D5F1C4ACB1EC851E97105CD5588_element_28/click HTTP/1.1" 200 0 (connectionpool.py:547)
2023-10-27 22:45:17 [   DEBUG] Remote response: status=200 | data={"value":null} | headers=HTTPHeaderDict({'Content-Length': '14', 'Content-Type': 'application/json; charset=utf-8', 'cache-control': 'no-cache'}) (remote_connection.py:326)
2023-10-27 22:45:17 [   DEBUG] Finished Request (remote_connection.py:353)
2023-10-27 22:45:17 [   DEBUG] POST http://localhost:59969/session/bf0a476a29dd3ff281b5f5ee6841321a/elements {"using": "xpath", "value": "//p[text()=\"You don\u2019t have any cars in your garage\"]"} (remote_connection.py:310)
2023-10-27 22:45:18 [   DEBUG] http://localhost:59969 "POST /session/bf0a476a29dd3ff281b5f5ee6841321a/elements HTTP/1.1" 200 0 (connectionpool.py:547)
2023-10-27 22:45:18 [   DEBUG] Remote response: status=200 | data={"value":[{"element-6066-11e4-a52e-4f735466cecf":"8FF62D5F1C4ACB1EC851E97105CD5588_element_31"}]} | headers=HTTPHeaderDict({'Content-Length': '97', 'Content-Type': 'application/json; charset=utf-8', 'cache-control': 'no-cache'}) (remote_connection.py:326)
2023-10-27 22:45:18 [   DEBUG] Finished Request (remote_connection.py:353)
2023-10-27 22:45:18 [   DEBUG] Starting new HTTPS connection (1): qauto2.forstudy.space:443 (connectionpool.py:1053)
2023-10-27 22:45:19 [   DEBUG] https://qauto2.forstudy.space:443 "POST /api/auth/signin HTTP/1.1" 200 112 (connectionpool.py:547)
2023-10-27 22:45:19 [   DEBUG] https://qauto2.forstudy.space:443 "DELETE /api/users HTTP/1.1" 200 15 (connectionpool.py:547)
2023-10-27 22:45:19 [   DEBUG] DELETE http://localhost:59969/session/bf0a476a29dd3ff281b5f5ee6841321a/window {} (remote_connection.py:310)
2023-10-27 22:45:19 [   DEBUG] http://localhost:59969 "DELETE /session/bf0a476a29dd3ff281b5f5ee6841321a/window HTTP/1.1" 200 0 (connectionpool.py:547)
2023-10-27 22:45:19 [   DEBUG] Remote response: status=200 | data={"value":[]} | headers=HTTPHeaderDict({'Content-Length': '12', 'Content-Type': 'application/json; charset=utf-8', 'cache-control': 'no-cache'}) (remote_connection.py:326)
2023-10-27 22:45:19 [   DEBUG] Finished Request (remote_connection.py:353)
